H264_PROBE_EVENT {"name": "camera_open_start", "wall_time": 1791263930.7529247, "monotonic": 516417.413143491}
GST_ARGUS: Creating output stream
CONSUMER: Waiting until producer is connected...
GST_ARGUS: Available Sensor modes :
GST_ARGUS: 3280 x 2464 FR = 21.000000 fps Duration = 47619048 ; Analog Gain range min 1.000000, max 10.625000; Exposure Range min 13000, max 683709000;

GST_ARGUS: 3280 x 1848 FR = 28.000001 fps Duration = 35714284 ; Analog Gain range min 1.000000, max 10.625000; Exposure Range min 13000, max 683709000;

GST_ARGUS: 1920 x 1080 FR = 29.999999 fps Duration = 33333334 ; Analog Gain range min 1.000000, max 10.625000; Exposure Range min 13000, max 683709000;

GST_ARGUS: 1640 x 1232 FR = 29.999999 fps Duration = 33333334 ; Analog Gain range min 1.000000, max 10.625000; Exposure Range min 13000, max 683709000;

GST_ARGUS: 1280 x 720 FR = 59.999999 fps Duration = 16666667 ; Analog Gain range min 1.000000, max 10.625000; Exposure Range min 13000, max 683709000;

GST_ARGUS: Running with following settings:
   Camera index = 0 
   Camera mode  = 2 
   Output Stream W = 1920 H = 1080 
   seconds to Run    = 0 
   Frame Rate = 29.999999 
GST_ARGUS: Setup Complete, Starting captures for 0 seconds
GST_ARGUS: Starting repeat capture requests.
CONSUMER: Producer has connected; continuing.
[ WARN:0] global ../modules/videoio/src/cap_gstreamer.cpp (935) open OpenCV | GStreamer warning: Cannot query video position: status=0, value=-1, duration=-1
2026-10-06 14:18:52,430 [INFO] main: CSI 카메라 초기화 및 첫 프레임 확인 완료
H264_PROBE_EVENT {"name": "camera_first_frame_ready", "wall_time": 1791263932.432184, "monotonic": 516419.092402106}
H264_PROBE_EVENT {"name": "vadclip_warmup_start", "wall_time": 1791263932.4323924, "monotonic": 516419.092608879}
2026-10-06 14:18:52,432 [INFO] anomaly_model_trt: VadCLIP 초기화 시작
2026-10-06 14:19:06,528 [INFO] vadclip_adapter_trt: VadCLIP live temporal mapping: FPS=9, window=48 frames (5.333s), sample_indices=[0, 5, 10, 14, 19, 24, 29, 34, 38, 43]
2026-10-06 14:19:35,869 [INFO] vadclip_adapter_trt: VadCLIP checkpoint strict load PASS (349 keys)
[10/06/2026-14:19:48] [TRT] [W] Using an engine plan file across different models of devices is not recommended and is likely to affect performance or even cause errors.
2026-10-06 14:19:55,601 [INFO] vadclip_adapter_trt: TensorRT CLIP visual loaded: /home/hpc/edge_vadclip_2026/trt/clip_visual_vitb16_b1_10_fp16.engine, sha=973557212ba947da9f50eeb2e458cc5cd6e403f83858223f32f6e881071cfb69, profile min=(1, 3, 224, 224) opt=(10, 3, 224, 224) max=(10, 3, 224, 224), crop=5
2026-10-06 14:19:55,602 [INFO] anomaly_model_trt: ✅ AnomalyPipeline(VadCLIP) 초기화 완료
2026-10-06 14:19:55,602 [INFO] anomaly_model_trt: VadCLIP warmup 시작
2026-10-06 14:20:04,920 [INFO] vadclip_adapter_trt: VadCLIP warmup PASS: score=0.001370, feature_buffer reset to 0
2026-10-06 14:20:04,921 [INFO] anomaly_model_trt: VadCLIP warmup 완료: 9318.7ms
H264_PROBE_EVENT {"name": "vadclip_warmup_end", "wall_time": 1791264004.9218156, "monotonic": 516491.582033638}
H264_PROBE_EVENT {"name": "h264_prepare_start", "wall_time": 1791264004.922027, "monotonic": 516491.582243552, "condition": "C"}
2026-10-06 14:20:05,167 [INFO] uploader: h264_persistent_worker_started pid=47373 log=/tmp/h264_preload_compare_20261006/evidence/07_C/h264_worker.log
2026-10-06 14:20:06,754 [INFO] uploader: H264 worker/GStreamer 준비 완료: pid=47373 elapsed=1.832s (NVENC 미할당)
H264_PROBE_EVENT {"name": "h264_prepare_end", "wall_time": 1791264006.7547038, "monotonic": 516493.414920673, "condition": "C", "ok": true}
H264_PROBE_EVENT {"name": "capture_loop_start", "wall_time": 1791264006.7550108, "monotonic": 516493.415227275}
2026-10-06 14:20:06,756 [INFO] main: clip upload worker 시작
2026-10-06 14:20:06,757 [INFO] main: VadCLIP 추론 worker 시작
2026-10-06 14:20:06,758 [INFO] main: 캡처 루프 시작 (FPS=9, 버퍼=81프레임/9초, 추론주기=48프레임/5.33초)
2026-10-06 14:20:07,767 [INFO] main: [진단] 최근 1.0초간 처리프레임=10(목표 9), 밀린시간누적=0ms
2026-10-06 14:20:08,767 [INFO] main: [진단] 최근 1.0초간 처리프레임=9(목표 9), 밀린시간누적=0ms
2026-10-06 14:20:09,878 [INFO] main: [진단] 최근 1.1초간 처리프레임=10(목표 9), 밀린시간누적=0ms
2026-10-06 14:20:10,895 [INFO] main: [진단] 최근 1.0초간 처리프레임=9(목표 9), 밀린시간누적=0ms
2026-10-06 14:20:11,895 [INFO] main: [진단] 최근 1.0초간 처리프레임=9(목표 9), 밀린시간누적=0ms
2026-10-06 14:20:13,395 [INFO] main: [진단] 최근 1.5초간 처리프레임=1(목표 9), 밀린시간누적=1303ms
H264_PROBE_EVENT {"name": "first_inference_start", "wall_time": 1791264013.3967824, "monotonic": 516500.056999957, "frame_count": 48}
2026-10-06 14:20:14,316 [INFO] anomaly_model_trt: [진단] VadCLIP 추론 total=918.4ms, feature_buffer=10/256, score=0.200269
H264_PROBE_EVENT {"name": "first_inference_end", "wall_time": 1791264014.3174736, "monotonic": 516500.977692675, "score": 0.20026872555414835}
H264_PROBE_EVENT {"name": "score_observed_trigger_blocked", "wall_time": 1791264014.317798, "monotonic": 516500.978014538, "score": 0.20026872555414835}
2026-10-06 14:20:14,731 [INFO] main: CSI 카메라 해제 완료
H264_PROBE_EVENT {"name": "capture_loop_end", "wall_time": 1791264014.8112807, "monotonic": 516501.471498242}
2026-10-06 14:20:14,811 [INFO] main: CSI 카메라 해제 완료
GST_ARGUS: Cleaning up
CONSUMER: Done Success
GST_ARGUS: Done Success
