2026-10-05 18:38:06,014 [INFO] main: 분석 업로드 설정: mode=B, drone_id=DR-01, url=http://203.249.90.3:8031/analyze-video, encoder=h264
2026-10-05 18:38:06,014 [INFO] main: [Hover] command_receiver 호버 요청 채널 준비
2026-10-05 18:38:06,029 [INFO] main: [Stream] MJPEG 스트리밍 서버 시작: http://<드론Tailscale IP>:8090/stream
2026-10-05 18:38:06,031 [INFO] main: [StreamUpload] 업로드 감시 스레드 시작
GST_ARGUS: Creating output stream
CONSUMER: Waiting until producer is connected...
GST_ARGUS: Available Sensor modes :
GST_ARGUS: 3280 x 2464 FR = 21.000000 fps Duration = 47619048 ; Analog Gain range min 1.000000, max 10.625000; Exposure Range min 13000, max 683709000;

GST_ARGUS: 3280 x 1848 FR = 28.000001 fps Duration = 35714284 ; Analog Gain range min 1.000000, max 10.625000; Exposure Range min 13000, max 683709000;

GST_ARGUS: 1920 x 1080 FR = 29.999999 fps Duration = 33333334 ; Analog Gain range min 1.000000, max 10.625000; Exposure Range min 13000, max 683709000;

GST_ARGUS: 1640 x 1232 FR = 29.999999 fps Duration = 33333334 ; Analog Gain range min 1.000000, max 10.625000; Exposure Range min 13000, max 683709000;

GST_ARGUS: 1280 x 720 FR = 59.999999 fps Duration = 16666667 ; Analog Gain range min 1.000000, max 10.625000; Exposure Range min 13000, max 683709000;

GST_ARGUS: Running with following settings:
   Camera index = 0 
   Camera mode  = 2 
   Output Stream W = 1920 H = 1080 
   seconds to Run    = 0 
   Frame Rate = 29.999999 
GST_ARGUS: Setup Complete, Starting captures for 0 seconds
GST_ARGUS: Starting repeat capture requests.
CONSUMER: Producer has connected; continuing.
[ WARN:0] global ../modules/videoio/src/cap_gstreamer.cpp (935) open OpenCV | GStreamer warning: Cannot query video position: status=0, value=-1, duration=-1
2026-10-05 18:38:07,758 [INFO] main: CSI 카메라 초기화 및 첫 프레임 확인 완료
2026-10-05 18:38:07,760 [INFO] anomaly_model_trt: VadCLIP 초기화 시작
2026-10-05 18:38:23,312 [INFO] vadclip_adapter_trt: VadCLIP live temporal mapping: FPS=9, window=48 frames (5.333s), sample_indices=[0, 5, 10, 14, 19, 24, 29, 34, 38, 43]
2026-10-05 18:39:02,895 [INFO] vadclip_adapter_trt: VadCLIP checkpoint strict load PASS (349 keys)
[10/05/2026-18:39:21] [TRT] [W] Using an engine plan file across different models of devices is not recommended and is likely to affect performance or even cause errors.
2026-10-05 18:39:26,010 [INFO] vadclip_adapter_trt: TensorRT CLIP visual loaded: /home/hpc/edge_vadclip_2026/trt/clip_visual_vitb16_b1_10_fp16.engine, sha=973557212ba947da9f50eeb2e458cc5cd6e403f83858223f32f6e881071cfb69, profile min=(1, 3, 224, 224) opt=(10, 3, 224, 224) max=(10, 3, 224, 224), crop=5
2026-10-05 18:39:26,011 [INFO] anomaly_model_trt: ✅ AnomalyPipeline(VadCLIP) 초기화 완료
2026-10-05 18:39:26,011 [INFO] anomaly_model_trt: VadCLIP warmup 시작
2026-10-05 18:39:34,801 [INFO] vadclip_adapter_trt: VadCLIP warmup PASS: score=0.001370, feature_buffer reset to 0
2026-10-05 18:39:34,803 [INFO] anomaly_model_trt: VadCLIP warmup 완료: 8791.9ms
2026-10-05 18:39:34,926 [INFO] uploader: h264_persistent_worker_started pid=39006 log=/tmp/drone_h264_worker.log
2026-10-05 18:39:37,362 [INFO] uploader: h264_job_completed pid=39006 mode=persistent output=/tmp/anomaly_clip_h264_ym3_hj_j.mp4.partial frames=2 payload_bytes=3110400
2026-10-05 18:39:37,363 [INFO] uploader: h264(HW) 인코딩 완료: frames=2, fps=9, bitrate=600000, size=6037 bytes, elapsed=2.559s
2026-10-05 18:39:37,366 [INFO] uploader: H264 웜업 완료: elapsed=2.562s size=6037
2026-10-05 18:39:37,369 [INFO] main: clip upload worker 시작
2026-10-05 18:39:37,370 [INFO] main: VadCLIP 추론 worker 시작
2026-10-05 18:39:37,372 [INFO] main: [로컬녹화] 요청 감시 시작 (state=/tmp/drone_periodic_record.json, output=/home/hpc/drone_2026/video/xaviernx)
2026-10-05 18:39:37,372 [INFO] main: 캡처 루프 시작 (FPS=9, 버퍼=81프레임/9초, 추론주기=48프레임/5.33초)
2026-10-05 18:39:38,397 [INFO] main: [진단] 최근 1.0초간 처리프레임=10(목표 9), 밀린시간누적=0ms
2026-10-05 18:39:39,491 [INFO] main: [진단] 최근 1.1초간 처리프레임=10(목표 9), 밀린시간누적=0ms
2026-10-05 18:39:40,506 [INFO] main: [진단] 최근 1.0초간 처리프레임=9(목표 9), 밀린시간누적=0ms
2026-10-05 18:39:41,507 [INFO] main: [진단] 최근 1.0초간 처리프레임=9(목표 9), 밀린시간누적=0ms
2026-10-05 18:39:43,503 [INFO] main: [진단] 최근 2.0초간 처리프레임=10(목표 9), 밀린시간누적=798ms
2026-10-05 18:39:44,100 [INFO] anomaly_model_trt: [진단] VadCLIP 추론 total=596.0ms, feature_buffer=10/256, score=0.207776
2026-10-05 18:39:44,513 [INFO] main: [진단] 최근 1.0초간 처리프레임=10(목표 9), 밀린시간누적=0ms
2026-10-05 18:39:45,529 [INFO] main: [진단] 최근 1.0초간 처리프레임=9(목표 9), 밀린시간누적=0ms
NvMapMemAllocInternalTagged: 1074810371 error 12
NvMapMemHandleAlloc: error 0
(Argus) Error InsufficientMemory:  (propagating from src/eglstream/ImageImpl.cpp, function initialize(), line 455)
(Argus) Error InsufficientMemory:  (propagating from src/eglstream/ImageImpl.cpp, function copyToNvBuffer(), line 496)
Error generated. /dvs/git/dirty/git-master_linux/multimedia/nvgstreamer/gst-nvarguscamera/gstnvarguscamerasrc.cpp, threadExecute:682 IImageNativeBuffer not supported by Image.
Error generated. /dvs/git/dirty/git-master_linux/multimedia/nvgstreamer/gst-nvarguscamera/gstnvarguscamerasrc.cpp, threadFunction:242 (propagating)
