{"kind": "encode", "sequence": 1, "condition": "mp4v", "total_sec": 2.2624145899972063, "size_bytes": 1318908}
{"kind": "encode", "sequence": 2, "condition": "h264_4m", "total_sec": 2.0110167720049503, "raw_sec": 0.1847732050009654, "worker_wait_sec": 1.8085273879987653, "worker_encode_sec": 1.4700106230011443, "ipc_poll_fsync_sec": 0.33851676499762107, "finalize_sec": 0.015480835005291738, "size_bytes": 4610240, "worker_pid": 11965, "h264_job_index": 1, "cold": true}
{"kind": "encode", "sequence": 3, "condition": "mp4v", "total_sec": 1.9595929869974498, "size_bytes": 1318908}
{"kind": "encode", "sequence": 4, "condition": "h264_1m2", "total_sec": 1.2752780630034977, "raw_sec": 0.14321311200183118, "worker_wait_sec": 1.1278642300021602, "worker_encode_sec": 0.8261689899954945, "ipc_poll_fsync_sec": 0.3016952400066657, "finalize_sec": 0.002480764000210911, "size_bytes": 1384146, "worker_pid": 11965, "h264_job_index": 2, "cold": false}
{"kind": "encode", "sequence": 5, "condition": "h264_1m2", "total_sec": 1.2760955260018818, "raw_sec": 0.14349978000245756, "worker_wait_sec": 1.1282181839997065, "worker_encode_sec": 0.8235672180016991, "ipc_poll_fsync_sec": 0.30465096599800745, "finalize_sec": 0.0024710669968044385, "size_bytes": 1384146, "worker_pid": 11965, "h264_job_index": 3, "cold": false}
{"kind": "encode", "sequence": 6, "condition": "mp4v", "total_sec": 1.914516413002275, "size_bytes": 1318908}
{"kind": "encode", "sequence": 7, "condition": "h264_4m", "total_sec": 1.2941000899954815, "raw_sec": 0.14271503200143343, "worker_wait_sec": 1.1381065730020055, "worker_encode_sec": 0.8330666390029364, "ipc_poll_fsync_sec": 0.30503993399906904, "finalize_sec": 0.01164541100297356, "size_bytes": 4610240, "worker_pid": 11965, "h264_job_index": 4, "cold": false}
{"kind": "encode", "sequence": 8, "condition": "h264_4m", "total_sec": 1.2764857590009342, "raw_sec": 0.14629252099985024, "worker_wait_sec": 1.1214628519956023, "worker_encode_sec": 0.823278843992739, "ipc_poll_fsync_sec": 0.29818400800286327, "finalize_sec": 0.006979259000218008, "size_bytes": 4610240, "worker_pid": 11965, "h264_job_index": 5, "cold": false}
{"kind": "encode", "sequence": 9, "condition": "h264_1m2", "total_sec": 1.4198344309988897, "raw_sec": 0.16310948300088057, "worker_wait_sec": 1.25260861699644, "worker_encode_sec": 0.949332777003292, "ipc_poll_fsync_sec": 0.3032758399931481, "finalize_sec": 0.0023544530049548484, "size_bytes": 1384146, "worker_pid": 11965, "h264_job_index": 6, "cold": false}
{"kind": "encode", "sequence": 10, "condition": "h264_1m2", "total_sec": 1.261750461999327, "raw_sec": 0.14084754200302996, "worker_wait_sec": 1.1169529309991049, "worker_encode_sec": 0.8172771809986443, "ipc_poll_fsync_sec": 0.29967575000046054, "finalize_sec": 0.002405879997240845, "size_bytes": 1384146, "worker_pid": 11965, "h264_job_index": 7, "cold": false}
{"kind": "encode", "sequence": 11, "condition": "h264_1m2", "total_sec": 1.2689177460051724, "raw_sec": 0.14141099200060125, "worker_wait_sec": 1.1232927850069245, "worker_encode_sec": 0.8207067789990106, "ipc_poll_fsync_sec": 0.30258600600791397, "finalize_sec": 0.0023775259978719987, "size_bytes": 1384146, "worker_pid": 11965, "h264_job_index": 8, "cold": false}
{"kind": "encode", "sequence": 12, "condition": "mp4v", "total_sec": 1.9036463310039835, "size_bytes": 1318908}
{"kind": "encode", "sequence": 13, "condition": "h264_1m2", "total_sec": 1.2734646179960691, "raw_sec": 0.14062781300162897, "worker_wait_sec": 1.1286307089976617, "worker_encode_sec": 0.8219437419975293, "ipc_poll_fsync_sec": 0.3066869670001324, "finalize_sec": 0.0025319020060123876, "size_bytes": 1384146, "worker_pid": 11965, "h264_job_index": 9, "cold": false}
{"kind": "encode", "sequence": 14, "condition": "h264_4m", "total_sec": 1.2662509000001592, "raw_sec": 0.1413393340044422, "worker_wait_sec": 1.1163872710021678, "worker_encode_sec": 0.816695311004878, "ipc_poll_fsync_sec": 0.2996919599972898, "finalize_sec": 0.006871156998386141, "size_bytes": 4610240, "worker_pid": 11965, "h264_job_index": 10, "cold": false}
{"kind": "encode", "sequence": 15, "condition": "h264_1m2", "total_sec": 1.2746739579961286, "raw_sec": 0.14437282699509524, "worker_wait_sec": 1.1258234999986598, "worker_encode_sec": 0.819864384997345, "ipc_poll_fsync_sec": 0.3059591150013148, "finalize_sec": 0.002484539996657986, "size_bytes": 1384146, "worker_pid": 11965, "h264_job_index": 11, "cold": false}
{"kind": "encode", "sequence": 16, "condition": "h264_1m2", "total_sec": 1.5634080680029, "raw_sec": 0.1421678830010933, "worker_wait_sec": 1.4172230249969289, "worker_encode_sec": 1.10646278099739, "ipc_poll_fsync_sec": 0.31076024399953894, "finalize_sec": 0.0024427769967587665, "size_bytes": 1384146, "worker_pid": 11965, "h264_job_index": 12, "cold": false}
{"kind": "encode", "sequence": 17, "condition": "h264_4m", "total_sec": 1.247571040999901, "raw_sec": 0.1440385019959649, "worker_wait_sec": 1.0948370050027734, "worker_encode_sec": 0.7968965039981413, "ipc_poll_fsync_sec": 0.2979405010046321, "finalize_sec": 0.006846994998340961, "size_bytes": 4610240, "worker_pid": 11965, "h264_job_index": 13, "cold": false}
{"kind": "encode", "sequence": 18, "condition": "mp4v", "total_sec": 1.9100143539981218, "size_bytes": 1318908}
{"kind": "encode", "sequence": 19, "condition": "h264_4m", "total_sec": 1.2724136729957536, "raw_sec": 0.14730688300187467, "worker_wait_sec": 1.116455864001182, "worker_encode_sec": 0.8146529740042752, "ipc_poll_fsync_sec": 0.30180288999690674, "finalize_sec": 0.006845716001407709, "size_bytes": 4610240, "worker_pid": 11965, "h264_job_index": 14, "cold": false}
{"kind": "encode", "sequence": 20, "condition": "mp4v", "total_sec": 1.9030752929975279, "size_bytes": 1318908}
{"kind": "encode", "sequence": 21, "condition": "mp4v", "total_sec": 2.0106222109970986, "size_bytes": 1318908}
{"kind": "encode", "sequence": 22, "condition": "h264_1m2", "total_sec": 1.2551562079970608, "raw_sec": 0.14795890799723566, "worker_wait_sec": 1.103127209993545, "worker_encode_sec": 0.8070167129990296, "ipc_poll_fsync_sec": 0.2961104969945154, "finalize_sec": 0.0024185520014725626, "size_bytes": 1384146, "worker_pid": 11965, "h264_job_index": 15, "cold": false}
{"kind": "encode", "sequence": 23, "condition": "h264_4m", "total_sec": 1.2742473449980025, "raw_sec": 0.14142008700582664, "worker_wait_sec": 1.1229024459971697, "worker_encode_sec": 0.8200992069978383, "ipc_poll_fsync_sec": 0.30280323899933137, "finalize_sec": 0.008263897005235776, "size_bytes": 4610240, "worker_pid": 11965, "h264_job_index": 16, "cold": false}
{"kind": "encode", "sequence": 24, "condition": "h264_4m", "total_sec": 1.2705415769960382, "raw_sec": 0.14412978699692758, "worker_wait_sec": 1.1175598629997694, "worker_encode_sec": 0.8178968470019754, "ipc_poll_fsync_sec": 0.299663015997794, "finalize_sec": 0.007215044999611564, "size_bytes": 4610240, "worker_pid": 11965, "h264_job_index": 17, "cold": false}
{"kind": "encode", "sequence": 25, "condition": "h264_1m2", "total_sec": 1.2735907999958727, "raw_sec": 0.1430484200027422, "worker_wait_sec": 1.1265994010027498, "worker_encode_sec": 0.8218999780001468, "ipc_poll_fsync_sec": 0.304699423002603, "finalize_sec": 0.0023326589944190346, "size_bytes": 1384146, "worker_pid": 11965, "h264_job_index": 18, "cold": false}
{"kind": "encode", "sequence": 26, "condition": "mp4v", "total_sec": 1.9388035130032222, "size_bytes": 1318908}
{"kind": "encode", "sequence": 27, "condition": "mp4v", "total_sec": 1.9267769940051949, "size_bytes": 1318908}
{"kind": "encode", "sequence": 28, "condition": "h264_4m", "total_sec": 1.2696243969985517, "raw_sec": 0.13787862200115342, "worker_wait_sec": 0.9735650319998967, "worker_encode_sec": 0.8155189509998308, "ipc_poll_fsync_sec": 0.1580460810000659, "finalize_sec": 0.0069869369981461205, "size_bytes": 4610240, "worker_pid": 11965, "h264_job_index": 19, "cold": false}
{"kind": "encode", "sequence": 29, "condition": "mp4v", "total_sec": 1.9115448540032958, "size_bytes": 1318908}
{"kind": "encode", "sequence": 30, "condition": "h264_1m2", "total_sec": 1.2657718799964641, "raw_sec": 0.14332368599571055, "worker_wait_sec": 1.1184067470021546, "worker_encode_sec": 0.810145700997964, "ipc_poll_fsync_sec": 0.3082610460041906, "finalize_sec": 0.0023882780005806126, "size_bytes": 1384146, "worker_pid": 11965, "h264_job_index": 20, "cold": false}
{"kind": "encode", "sequence": 31, "condition": "mp4v", "total_sec": 1.9048131039962755, "size_bytes": 1318908}
{"kind": "encode", "sequence": 32, "condition": "h264_1m2", "total_sec": 1.2810969179990934, "raw_sec": 0.14427054500265513, "worker_wait_sec": 1.1325583229991025, "worker_encode_sec": 0.8279652430064743, "ipc_poll_fsync_sec": 0.3045930799926282, "finalize_sec": 0.0025779829957173206, "size_bytes": 1384146, "worker_pid": 11965, "h264_job_index": 21, "cold": false}
{"kind": "encode", "sequence": 33, "condition": "h264_4m", "total_sec": 1.269438663002802, "raw_sec": 0.14501848300278652, "worker_wait_sec": 1.1158091949982918, "worker_encode_sec": 0.8124734289958724, "ipc_poll_fsync_sec": 0.3033357660024194, "finalize_sec": 0.00689406900346512, "size_bytes": 4610240, "worker_pid": 11965, "h264_job_index": 22, "cold": false}
{"kind": "encode", "sequence": 34, "condition": "mp4v", "total_sec": 1.8942526620012359, "size_bytes": 1318908}
{"kind": "encode", "sequence": 35, "condition": "h264_1m2", "total_sec": 1.271103667000716, "raw_sec": 0.14511294800468022, "worker_wait_sec": 1.1220537250046618, "worker_encode_sec": 0.8198758809958235, "ipc_poll_fsync_sec": 0.3021778440088383, "finalize_sec": 0.002320306004548911, "size_bytes": 1384146, "worker_pid": 11965, "h264_job_index": 23, "cold": false}
{"kind": "encode", "sequence": 36, "condition": "h264_4m", "total_sec": 1.269595769001171, "raw_sec": 0.14263685599871678, "worker_wait_sec": 1.117902434001735, "worker_encode_sec": 0.8175477890035836, "ipc_poll_fsync_sec": 0.30035464499815134, "finalize_sec": 0.007413293998979498, "size_bytes": 4610240, "worker_pid": 11965, "h264_job_index": 24, "cold": false}
{"kind": "encode", "sequence": 37, "condition": "mp4v", "total_sec": 1.9247114280005917, "size_bytes": 1318908}
{"kind": "encode", "sequence": 38, "condition": "h264_4m", "total_sec": 1.291360548006196, "raw_sec": 0.15907030100061093, "worker_wait_sec": 1.1236114499988616, "worker_encode_sec": 0.8180420300050173, "ipc_poll_fsync_sec": 0.30556941999384435, "finalize_sec": 0.006874867001897655, "size_bytes": 4610240, "worker_pid": 11965, "h264_job_index": 25, "cold": false}
{"kind": "encode", "sequence": 39, "condition": "h264_4m", "total_sec": 1.2828849150027963, "raw_sec": 0.1508751760047744, "worker_wait_sec": 1.123460389993852, "worker_encode_sec": 0.8215207499961252, "ipc_poll_fsync_sec": 0.30193963999772677, "finalize_sec": 0.006905939997523092, "size_bytes": 4610240, "worker_pid": 11965, "h264_job_index": 26, "cold": false}
{"kind": "encode", "sequence": 40, "condition": "h264_1m2", "total_sec": 1.2746990879968507, "raw_sec": 0.14711601300223265, "worker_wait_sec": 1.1234221339982469, "worker_encode_sec": 0.8137672070006374, "ipc_poll_fsync_sec": 0.30965492699760944, "finalize_sec": 0.0024189670002670027, "size_bytes": 1384146, "worker_pid": 11965, "h264_job_index": 27, "cold": false}
{"kind": "encode", "sequence": 41, "condition": "mp4v", "total_sec": 1.9253415960047278, "size_bytes": 1318908}
{"kind": "encode", "sequence": 42, "condition": "h264_4m", "total_sec": 1.2716741010008263, "raw_sec": 0.14317520699842134, "worker_wait_sec": 1.1194834429988987, "worker_encode_sec": 0.8194896409986541, "ipc_poll_fsync_sec": 0.2999938020002446, "finalize_sec": 0.00728445499407826, "size_bytes": 4610240, "worker_pid": 11965, "h264_job_index": 28, "cold": false}
{"kind": "encode", "sequence": 43, "condition": "mp4v", "total_sec": 1.8981747310026549, "size_bytes": 1318908}
{"kind": "encode", "sequence": 44, "condition": "h264_1m2", "total_sec": 1.3108980410033837, "raw_sec": 0.16673693700431613, "worker_wait_sec": 1.139936416002456, "worker_encode_sec": 0.8305785460033803, "ipc_poll_fsync_sec": 0.3093578699990758, "finalize_sec": 0.002481081995938439, "size_bytes": 1384146, "worker_pid": 11965, "h264_job_index": 29, "cold": false}
{"kind": "encode", "sequence": 45, "condition": "mp4v", "total_sec": 1.9151578459932352, "size_bytes": 1318908}
{"kind": "encode", "sequence": 46, "condition": "h264_1m2", "total_sec": 1.265818155996385, "raw_sec": 0.14365742899826728, "worker_wait_sec": 1.117758173000766, "worker_encode_sec": 0.8098071340064052, "ipc_poll_fsync_sec": 0.3079510389943607, "finalize_sec": 0.002725477999774739, "size_bytes": 1384146, "worker_pid": 11965, "h264_job_index": 30, "cold": false}
{"kind": "encode", "sequence": 47, "condition": "h264_1m2", "total_sec": 1.266921620001085, "raw_sec": 0.14662038999813376, "worker_wait_sec": 1.116292328995769, "worker_encode_sec": 0.8210580440063495, "ipc_poll_fsync_sec": 0.2952342849894194, "finalize_sec": 0.002372563998505939, "size_bytes": 1384146, "worker_pid": 11965, "h264_job_index": 31, "cold": false}
{"kind": "encode", "sequence": 48, "condition": "h264_4m", "total_sec": 1.2926658459982718, "raw_sec": 0.14584438200108707, "worker_wait_sec": 1.137412938005582, "worker_encode_sec": 0.8299001339983079, "ipc_poll_fsync_sec": 0.3075128040072741, "finalize_sec": 0.007822528001270257, "size_bytes": 4610240, "worker_pid": 11965, "h264_job_index": 32, "cold": false}
{"kind": "encode", "sequence": 49, "condition": "mp4v", "total_sec": 1.933499415004917, "size_bytes": 1318908}
{"kind": "encode", "sequence": 50, "condition": "h264_4m", "total_sec": 1.2649126700052875, "raw_sec": 0.14940164099971298, "worker_wait_sec": 1.1069020950017148, "worker_encode_sec": 0.8012526230013464, "ipc_poll_fsync_sec": 0.3056494720003684, "finalize_sec": 0.006925075998879038, "size_bytes": 4610240, "worker_pid": 11965, "h264_job_index": 33, "cold": false}
{"kind": "encode", "sequence": 51, "condition": "h264_1m2", "total_sec": 1.2787869690000662, "raw_sec": 0.1453807060024701, "worker_wait_sec": 1.1293327509993105, "worker_encode_sec": 0.8216220300018904, "ipc_poll_fsync_sec": 0.30771072099742014, "finalize_sec": 0.002403637998213526, "size_bytes": 1384146, "worker_pid": 11965, "h264_job_index": 34, "cold": false}
{"kind": "encode", "sequence": 52, "condition": "h264_4m", "total_sec": 1.2677871500054607, "raw_sec": 0.14501169399591163, "worker_wait_sec": 1.114148954002303, "worker_encode_sec": 0.8118017619999591, "ipc_poll_fsync_sec": 0.30234719200234395, "finalize_sec": 0.006917042999702971, "size_bytes": 4610240, "worker_pid": 11965, "h264_job_index": 35, "cold": false}
{"kind": "encode", "sequence": 53, "condition": "h264_1m2", "total_sec": 1.277474426999106, "raw_sec": 0.14743744299630634, "worker_wait_sec": 1.1256597130050068, "worker_encode_sec": 0.8176145830002497, "ipc_poll_fsync_sec": 0.3080451300047571, "finalize_sec": 0.002640128994244151, "size_bytes": 1384146, "worker_pid": 11965, "h264_job_index": 36, "cold": false}
{"kind": "encode", "sequence": 54, "condition": "mp4v", "total_sec": 1.9040863319969503, "size_bytes": 1318908}
{"kind": "encode", "sequence": 55, "condition": "h264_4m", "total_sec": 1.420695557993895, "raw_sec": 0.14552992199605796, "worker_wait_sec": 1.2664132719946792, "worker_encode_sec": 0.9539845429972047, "ipc_poll_fsync_sec": 0.31242872899747454, "finalize_sec": 0.0071338859997922555, "size_bytes": 4610240, "worker_pid": 11965, "h264_job_index": 37, "cold": false}
{"kind": "encode", "sequence": 56, "condition": "h264_4m", "total_sec": 1.2939121430026717, "raw_sec": 0.14567040700057987, "worker_wait_sec": 1.1391954690043349, "worker_encode_sec": 0.8351404970017029, "ipc_poll_fsync_sec": 0.304054972002632, "finalize_sec": 0.007382313997368328, "size_bytes": 4610240, "worker_pid": 11965, "h264_job_index": 38, "cold": false}
{"kind": "encode", "sequence": 57, "condition": "h264_1m2", "total_sec": 1.2683335300025647, "raw_sec": 0.14790628999617184, "worker_wait_sec": 1.1163347830006387, "worker_encode_sec": 0.807421625002462, "ipc_poll_fsync_sec": 0.30891315799817676, "finalize_sec": 0.0023050089948810637, "size_bytes": 1384146, "worker_pid": 11965, "h264_job_index": 39, "cold": false}
{"kind": "encode", "sequence": 58, "condition": "h264_4m", "total_sec": 1.2644757899979595, "raw_sec": 0.14451053800439695, "worker_wait_sec": 1.1114358420018107, "worker_encode_sec": 0.8091282280001906, "ipc_poll_fsync_sec": 0.3023076140016201, "finalize_sec": 0.006942100000742357, "size_bytes": 4610240, "worker_pid": 11965, "h264_job_index": 40, "cold": false}
{"kind": "encode", "sequence": 59, "condition": "mp4v", "total_sec": 1.9460118200004217, "size_bytes": 1318908}
{"kind": "encode", "sequence": 60, "condition": "mp4v", "total_sec": 1.9125611249983194, "size_bytes": 1318908}
{"summary": "mp4v", "count": 20, "p50_sec": 1.914837129497755, "p95_sec": 2.0106222109970986, "warm_p95_sec": 2.0106222109970986, "max_sec": 2.2624145899972063}
{"summary": "h264_4m", "count": 20, "p50_sec": 1.27204388699829, "p95_sec": 1.420695557993895, "warm_p95_sec": 1.420695557993895, "max_sec": 2.0110167720049503}
{"summary": "h264_1m2", "count": 20, "p50_sec": 1.2741323789960006, "p95_sec": 1.4198344309988897, "warm_p95_sec": 1.4198344309988897, "max_sec": 1.5634080680029}
