09-27-2026 07:50:11 RAM 4550/6833MB (lfb 5x4MB) SWAP 1063/3416MB (cached 0MB) CPU [43%@1420,37%@1420,42%@1420,39%@1420,42%@1420,100%@1420] EMC_FREQ 0% GR3D_FREQ 0% AUX@45C CPU@46.5C thermal@45.3C AO@45C GPU@44.5C PMIC@50C
09-27-2026 07:50:12 RAM 4586/6833MB (lfb 5x4MB) SWAP 1063/3416MB (cached 0MB) CPU [100%@1420,100%@1420,100%@1420,100%@1420,95%@1420,97%@1420] EMC_FREQ 0% GR3D_FREQ 0% AUX@45C CPU@47C thermal@45.45C AO@45C GPU@45C PMIC@50C
09-27-2026 07:50:13 RAM 4631/6833MB (lfb 5x4MB) SWAP 1063/3416MB (cached 0MB) CPU [100%@1420,100%@1420,100%@1420,100%@1420,100%@1420,100%@1420] EMC_FREQ 0% GR3D_FREQ 0% AUX@45.5C CPU@47C thermal@45.6C AO@45C GPU@45C PMIC@50C
09-27-2026 07:50:14 RAM 4675/6833MB (lfb 5x4MB) SWAP 1063/3416MB (cached 0MB) CPU [100%@1420,100%@1420,100%@1420,100%@1420,100%@1420,100%@1420] EMC_FREQ 0% GR3D_FREQ 0% AUX@45.5C CPU@47C thermal@45.6C AO@45C GPU@45C PMIC@50C
09-27-2026 07:50:15 RAM 4717/6833MB (lfb 5x4MB) SWAP 1063/3416MB (cached 0MB) CPU [100%@1420,100%@1420,99%@1420,100%@1420,97%@1420,100%@1420] EMC_FREQ 0% GR3D_FREQ 0% AUX@45.5C CPU@47C thermal@45.8C AO@45.5C GPU@45C PMIC@50C
09-27-2026 07:50:16 RAM 4723/6833MB (lfb 26x4MB) SWAP 1063/3416MB (cached 0MB) CPU [100%@1420,100%@1420,98%@1420,100%@1420,100%@1420,100%@1420] EMC_FREQ 0% GR3D_FREQ 0% AUX@45.5C CPU@47.5C thermal@46.1C AO@45.5C GPU@45.5C PMIC@50C
09-27-2026 07:50:17 RAM 4724/6833MB (lfb 26x4MB) SWAP 1063/3416MB (cached 0MB) CPU [100%@1420,100%@1420,100%@1420,100%@1420,100%@1420,100%@1420] EMC_FREQ 0% GR3D_FREQ 0% AUX@45.5C CPU@47.5C thermal@46.1C AO@45.5C GPU@46C PMIC@50C
09-27-2026 07:50:18 RAM 4725/6833MB (lfb 22x4MB) SWAP 1063/3416MB (cached 0MB) CPU [84%@1420,98%@1420,87%@1420,97%@1420,98%@1420,93%@1420] EMC_FREQ 0% GR3D_FREQ 0% AUX@46C CPU@47.5C thermal@46.1C AO@45.5C GPU@46C PMIC@50C
09-27-2026 07:50:19 RAM 4783/6833MB (lfb 12x4MB) SWAP 1063/3416MB (cached 0MB) CPU [16%@1420,48%@1420,33%@1420,12%@1420,34%@1420,16%@1420] EMC_FREQ 0% GR3D_FREQ 0% AUX@45.5C CPU@47C thermal@46.3C AO@45.5C GPU@45.5C PMIC@50C
09-27-2026 07:50:20 RAM 4777/6833MB (lfb 15x4MB) SWAP 1063/3416MB (cached 0MB) CPU [23%@1190,16%@1190,21%@1190,45%@1420,20%@1420,17%@1420] EMC_FREQ 0% GR3D_FREQ 0% AUX@45.5C CPU@46.5C thermal@45.95C AO@45.5C GPU@45.5C PMIC@50C
09-27-2026 07:50:21 RAM 4771/6833MB (lfb 4x4MB) SWAP 1063/3416MB (cached 0MB) CPU [10%@1420,10%@1420,6%@1420,24%@1420,79%@1420,22%@1420] EMC_FREQ 0% GR3D_FREQ 0% AUX@45.5C CPU@46.5C thermal@45.8C AO@45.5C GPU@46C PMIC@50C
09-27-2026 07:50:22 RAM 4771/6833MB (lfb 4x4MB) SWAP 1063/3416MB (cached 0MB) CPU [10%@1420,10%@1420,6%@1420,5%@1420,100%@1420,4%@1420] EMC_FREQ 0% GR3D_FREQ 0% AUX@45.5C CPU@46.5C thermal@45.8C AO@45.5C GPU@45.5C PMIC@50C
09-27-2026 07:50:23 RAM 4780/6833MB (lfb 4x4MB) SWAP 1063/3416MB (cached 0MB) CPU [12%@1420,8%@1420,11%@1420,5%@1420,50%@1420,17%@1420] EMC_FREQ 0% GR3D_FREQ 0% AUX@45.5C CPU@47C thermal@45.8C AO@45.5C GPU@45.5C PMIC@50C
09-27-2026 07:50:24 RAM 4778/6833MB (lfb 4x4MB) SWAP 1063/3416MB (cached 0MB) CPU [20%@1190,21%@1190,33%@1190,11%@1420,14%@1420,32%@1420] EMC_FREQ 0% GR3D_FREQ 0% AUX@45.5C CPU@46.5C thermal@45.8C AO@45.5C GPU@45.5C PMIC@50C
09-27-2026 07:50:25 RAM 4782/6833MB (lfb 4x4MB) SWAP 1063/3416MB (cached 0MB) CPU [17%@1420,12%@1420,18%@1420,10%@1420,18%@1420,62%@1420] EMC_FREQ 0% GR3D_FREQ 0% AUX@45.5C CPU@47C thermal@45.95C AO@45.5C GPU@45.5C PMIC@50C
09-27-2026 07:50:26 RAM 4773/6833MB (lfb 15x4MB) SWAP 1063/3416MB (cached 0MB) CPU [19%@1420,8%@1420,20%@1420,52%@1420,13%@1420,21%@1420] EMC_FREQ 0% GR3D_FREQ 0% AUX@45.5C CPU@46.5C thermal@45.95C AO@45.5C GPU@45C PMIC@50C
09-27-2026 07:50:27 RAM 4773/6833MB (lfb 15x4MB) SWAP 1063/3416MB (cached 0MB) CPU [9%@1420,8%@1420,8%@1420,3%@1420,100%@1420,6%@1420] EMC_FREQ 0% GR3D_FREQ 0% AUX@45C CPU@46.5C thermal@45.8C AO@45.5C GPU@45.5C PMIC@50C
09-27-2026 07:50:28 RAM 4774/6833MB (lfb 15x4MB) SWAP 1063/3416MB (cached 0MB) CPU [8%@1190,12%@1190,5%@1190,3%@1190,74%@1190,6%@1190] EMC_FREQ 0% GR3D_FREQ 0% AUX@45.5C CPU@46.5C thermal@45.75C AO@45.5C GPU@45.5C PMIC@50C
09-27-2026 07:50:29 RAM 4782/6833MB (lfb 12x4MB) SWAP 1063/3416MB (cached 0MB) CPU [29%@1420,12%@1420,7%@1420,21%@1420,47%@1420,14%@1420] EMC_FREQ 0% GR3D_FREQ 0% AUX@45.5C CPU@46.5C thermal@45.8C AO@45C GPU@45.5C PMIC@50C
09-27-2026 07:50:30 RAM 4783/6833MB (lfb 12x4MB) SWAP 1063/3416MB (cached 0MB) CPU [43%@1344,8%@1344,24%@1344,6%@1344,10%@1344,15%@1344] EMC_FREQ 0% GR3D_FREQ 0% AUX@45.5C CPU@46.5C thermal@45.8C AO@45.5C GPU@45.5C PMIC@50C
09-27-2026 07:50:31 RAM 4787/6833MB (lfb 12x4MB) SWAP 1063/3416MB (cached 0MB) CPU [14%@1420,14%@1420,22%@1420,20%@1420,25%@1420,61%@1420] EMC_FREQ 0% GR3D_FREQ 0% AUX@45C CPU@46C thermal@45.8C AO@45C GPU@45.5C PMIC@50C
09-27-2026 07:50:32 RAM 4786/6833MB (lfb 4x4MB) SWAP 1063/3416MB (cached 0MB) CPU [19%@1420,42%@1420,15%@1420,25%@1420,31%@1420,27%@1420] EMC_FREQ 0% GR3D_FREQ 0% AUX@45C CPU@46.5C thermal@45.95C AO@45C GPU@45.5C PMIC@50C
09-27-2026 07:50:33 RAM 4781/6833MB (lfb 4x4MB) SWAP 1063/3416MB (cached 0MB) CPU [15%@1420,32%@1420,27%@1420,11%@1420,15%@1420,12%@1420] EMC_FREQ 0% GR3D_FREQ 0% AUX@45C CPU@46C thermal@45.6C AO@45.5C GPU@45.5C PMIC@50C
09-27-2026 07:50:34 RAM 4790/6833MB (lfb 4x4MB) SWAP 1063/3416MB (cached 0MB) CPU [15%@1420,12%@1420,4%@1420,76%@1420,8%@1420,26%@1420] EMC_FREQ 0% GR3D_FREQ 0% AUX@45.5C CPU@46.5C thermal@45.45C AO@45C GPU@45C PMIC@50C
09-27-2026 07:50:35 RAM 4790/6833MB (lfb 3x4MB) SWAP 1063/3416MB (cached 0MB) CPU [32%@1420,7%@1420,8%@1420,43%@1420,7%@1420,15%@1420] EMC_FREQ 0% GR3D_FREQ 0% AUX@45C CPU@46.5C thermal@45.65C AO@45.5C GPU@45C PMIC@50C
09-27-2026 07:50:36 RAM 4786/6833MB (lfb 3x4MB) SWAP 1063/3416MB (cached 0MB) CPU [36%@1420,40%@1420,19%@1420,13%@1420,11%@1420,12%@1420] EMC_FREQ 0% GR3D_FREQ 0% AUX@45C CPU@46C thermal@45.65C AO@45C GPU@45C PMIC@50C
09-27-2026 07:50:37 RAM 4782/6833MB (lfb 12x4MB) SWAP 1063/3416MB (cached 0MB) CPU [14%@1420,27%@1420,85%@1420,5%@1420,9%@1420,8%@1420] EMC_FREQ 0% GR3D_FREQ 99% AUX@45C CPU@46.5C thermal@45.5C AO@45C GPU@45.5C PMIC@50C
09-27-2026 07:50:38 RAM 4782/6833MB (lfb 12x4MB) SWAP 1063/3416MB (cached 0MB) CPU [6%@1420,10%@1420,100%@1420,4%@1420,4%@1420,12%@1420] EMC_FREQ 0% GR3D_FREQ 0% AUX@45.5C CPU@46.5C thermal@45.6C AO@45C GPU@45C PMIC@50C
09-27-2026 07:50:39 RAM 4788/6833MB (lfb 12x4MB) SWAP 1063/3416MB (cached 0MB) CPU [21%@1420,13%@1420,47%@1420,6%@1420,11%@1420,13%@1420] EMC_FREQ 0% GR3D_FREQ 0% AUX@45C CPU@46.5C thermal@45.3C AO@45C GPU@45.5C PMIC@50C
09-27-2026 07:50:40 RAM 4785/6833MB (lfb 12x4MB) SWAP 1063/3416MB (cached 0MB) CPU [25%@1190,25%@1190,14%@1190,14%@1190,18%@1190,47%@1190] EMC_FREQ 0% GR3D_FREQ 0% AUX@45C CPU@46.5C thermal@45.65C AO@45C GPU@45C PMIC@50C
09-27-2026 07:50:41 RAM 4789/6833MB (lfb 12x4MB) SWAP 1063/3416MB (cached 0MB) CPU [37%@1420,39%@1420,18%@1420,10%@1420,38%@1420,15%@1420] EMC_FREQ 0% GR3D_FREQ 0% AUX@45C CPU@46.5C thermal@45.45C AO@45C GPU@45C PMIC@50C
09-27-2026 07:50:42 RAM 4785/6833MB (lfb 12x4MB) SWAP 1063/3416MB (cached 0MB) CPU [40%@1420,7%@1420,16%@1420,27%@1420,18%@1420,10%@1420] EMC_FREQ 0% GR3D_FREQ 0% AUX@45C CPU@46C thermal@45.3C AO@45C GPU@45C PMIC@50C
09-27-2026 07:50:43 RAM 4785/6833MB (lfb 6x4MB) SWAP 1065/3416MB (cached 0MB) CPU [33%@1420,40%@1420,24%@1420,57%@1420,45%@1420,22%@1420] EMC_FREQ 0% GR3D_FREQ 0% AUX@45C CPU@46.5C thermal@45.75C AO@45C GPU@45.5C PMIC@50C
09-27-2026 07:50:44 RAM 4789/6833MB (lfb 6x4MB) SWAP 1065/3416MB (cached 0MB) CPU [26%@1420,50%@1420,6%@1420,9%@1420,8%@1420,9%@1420] EMC_FREQ 0% GR3D_FREQ 0% AUX@45C CPU@46C thermal@45.3C AO@45.5C GPU@45C PMIC@50C
09-27-2026 07:50:46 RAM 4785/6833MB (lfb 6x4MB) SWAP 1065/3416MB (cached 0MB) CPU [28%@1420,9%@1420,20%@1420,17%@1420,53%@1420,13%@1420] EMC_FREQ 0% GR3D_FREQ 0% AUX@45C CPU@46C thermal@45.3C AO@45C GPU@45C PMIC@50C
09-27-2026 07:50:47 RAM 4789/6833MB (lfb 6x4MB) SWAP 1065/3416MB (cached 0MB) CPU [26%@1420,20%@1420,37%@1420,14%@1420,41%@1420,8%@1420] EMC_FREQ 0% GR3D_FREQ 0% AUX@45C CPU@46.5C thermal@45.3C AO@45C GPU@45C PMIC@50C
09-27-2026 07:50:48 RAM 4783/6833MB (lfb 6x4MB) SWAP 1065/3416MB (cached 0MB) CPU [5%@1420,7%@1420,24%@1420,12%@1420,18%@1420,44%@1420] EMC_FREQ 0% GR3D_FREQ 0% AUX@45C CPU@46.5C thermal@45.45C AO@45C GPU@45C PMIC@50C
09-27-2026 07:50:49 RAM 4784/6833MB (lfb 15x4MB) SWAP 1065/3416MB (cached 0MB) CPU [7%@1420,7%@1420,13%@1420,22%@1420,4%@1420,100%@1420] EMC_FREQ 0% GR3D_FREQ 89% AUX@45C CPU@46.5C thermal@45.3C AO@45C GPU@45C PMIC@50C
09-27-2026 07:50:50 RAM 4784/6833MB (lfb 15x4MB) SWAP 1065/3416MB (cached 0MB) CPU [7%@1420,7%@1420,11%@1420,2%@1420,4%@1420,73%@1420] EMC_FREQ 0% GR3D_FREQ 0% AUX@45C CPU@46C thermal@45.6C AO@45C GPU@45C PMIC@50C
09-27-2026 07:50:51 RAM 4791/6833MB (lfb 15x4MB) SWAP 1065/3416MB (cached 0MB) CPU [22%@1420,20%@1420,27%@1420,10%@1420,9%@1420,59%@1420] EMC_FREQ 0% GR3D_FREQ 0% AUX@45C CPU@46.5C thermal@45.3C AO@44.5C GPU@45C PMIC@50C
09-27-2026 07:50:52 RAM 4787/6833MB (lfb 15x4MB) SWAP 1065/3416MB (cached 0MB) CPU [21%@1420,13%@1420,9%@1420,45%@1420,3%@1420,16%@1420] EMC_FREQ 0% GR3D_FREQ 0% AUX@45C CPU@46C thermal@45.3C AO@45C GPU@45C PMIC@50C
09-27-2026 07:50:53 RAM 4786/6833MB (lfb 15x4MB) SWAP 1065/3416MB (cached 0MB) CPU [8%@1420,6%@1420,7%@1420,100%@1420,4%@1420,6%@1420] EMC_FREQ 0% GR3D_FREQ 0% AUX@45C CPU@45.5C thermal@45.3C AO@45C GPU@44.5C PMIC@50C
09-27-2026 07:50:54 RAM 4787/6833MB (lfb 15x4MB) SWAP 1065/3416MB (cached 0MB) CPU [6%@1420,7%@1420,5%@1420,72%@1420,8%@1420,2%@1420] EMC_FREQ 0% GR3D_FREQ 0% AUX@45C CPU@45.5C thermal@45C AO@45C GPU@45C PMIC@50C
09-27-2026 07:50:55 RAM 4780/6833MB (lfb 5x4MB) SWAP 1065/3416MB (cached 0MB) CPU [22%@1420,11%@1420,24%@1420,85%@1420,7%@1420,13%@1420] EMC_FREQ 0% GR3D_FREQ 0% AUX@45C CPU@45.5C thermal@45.3C AO@44.5C GPU@45C PMIC@50C
09-27-2026 07:50:56 RAM 4780/6833MB (lfb 5x4MB) SWAP 1065/3416MB (cached 0MB) CPU [7%@1420,6%@1420,1%@1420,100%@1420,10%@1420,5%@1420] EMC_FREQ 0% GR3D_FREQ 0% AUX@45C CPU@46C thermal@45.3C AO@45C GPU@45C PMIC@50C
09-27-2026 07:50:57 RAM 4780/6833MB (lfb 5x4MB) SWAP 1065/3416MB (cached 0MB) CPU [14%@1420,12%@1420,1%@1420,30%@1420,14%@1420,22%@1420] EMC_FREQ 0% GR3D_FREQ 0% AUX@45C CPU@46C thermal@45.3C AO@45C GPU@45C PMIC@50C
09-27-2026 07:50:58 RAM 4780/6833MB (lfb 5x4MB) SWAP 1065/3416MB (cached 0MB) CPU [18%@1420,32%@1420,50%@1420,13%@1420,17%@1420,21%@1420] EMC_FREQ 0% GR3D_FREQ 0% AUX@45C CPU@46C thermal@45.15C AO@44.5C GPU@45C PMIC@50C
09-27-2026 07:50:59 RAM 4787/6833MB (lfb 5x4MB) SWAP 1065/3416MB (cached 0MB) CPU [14%@1420,27%@1420,11%@1420,11%@1420,34%@1420,36%@1420] EMC_FREQ 0% GR3D_FREQ 0% AUX@45C CPU@46C thermal@45.3C AO@44.5C GPU@44.5C PMIC@50C
09-27-2026 07:51:00 RAM 4781/6833MB (lfb 17x4MB) SWAP 1065/3416MB (cached 0MB) CPU [19%@1420,23%@1420,10%@1420,31%@1420,28%@1420,30%@1420] EMC_FREQ 0% GR3D_FREQ 99% AUX@45C CPU@46C thermal@45.15C AO@45C GPU@45C PMIC@50C
09-27-2026 07:51:01 RAM 4779/6833MB (lfb 17x4MB) SWAP 1065/3416MB (cached 0MB) CPU [38%@1420,44%@1420,17%@1420,20%@1420,20%@1420,11%@1420] EMC_FREQ 0% GR3D_FREQ 0% AUX@45C CPU@45.5C thermal@45.3C AO@44.5C GPU@45C PMIC@50C
09-27-2026 07:51:02 RAM 4785/6833MB (lfb 17x4MB) SWAP 1065/3416MB (cached 0MB) CPU [16%@1420,8%@1420,41%@1420,25%@1420,12%@1420,12%@1420] EMC_FREQ 0% GR3D_FREQ 0% AUX@45C CPU@46C thermal@45.3C AO@44.5C GPU@44.5C PMIC@50C
09-27-2026 07:51:03 RAM 4783/6833MB (lfb 17x4MB) SWAP 1065/3416MB (cached 0MB) CPU [9%@1190,10%@1420,52%@1420,24%@1420,10%@1420,11%@1420] EMC_FREQ 0% GR3D_FREQ 0% AUX@45C CPU@45.5C thermal@45.15C AO@44.5C GPU@44.5C PMIC@50C
09-27-2026 07:51:04 RAM 4782/6833MB (lfb 17x4MB) SWAP 1065/3416MB (cached 0MB) CPU [81%@1420,10%@1420,20%@1420,14%@1420,3%@1420,12%@1420] EMC_FREQ 0% GR3D_FREQ 0% AUX@44.5C CPU@45.5C thermal@45C AO@44.5C GPU@44.5C PMIC@50C
09-27-2026 07:51:05 RAM 4875/6833MB (lfb 15x4MB) SWAP 1065/3416MB (cached 0MB) CPU [99%@1420,7%@1420,4%@1420,1%@1420,7%@1420,18%@1420] EMC_FREQ 0% GR3D_FREQ 0% AUX@45C CPU@46C thermal@45C AO@44.5C GPU@44.5C PMIC@50C
09-27-2026 07:51:06 RAM 4780/6833MB (lfb 5x4MB) SWAP 1065/3416MB (cached 0MB) CPU [69%@1420,14%@1420,17%@1420,3%@1420,16%@1420,15%@1420] EMC_FREQ 0% GR3D_FREQ 0% AUX@44.5C CPU@46C thermal@45C AO@44.5C GPU@44.5C PMIC@50C
09-27-2026 07:51:07 RAM 4780/6833MB (lfb 5x4MB) SWAP 1065/3416MB (cached 0MB) CPU [98%@1420,7%@1420,6%@1420,4%@1420,6%@1420,7%@1420] EMC_FREQ 0% GR3D_FREQ 0% AUX@45C CPU@45.5C thermal@45.15C AO@44.5C GPU@44.5C PMIC@50C
09-27-2026 07:51:08 RAM 4780/6833MB (lfb 5x4MB) SWAP 1065/3416MB (cached 0MB) CPU [11%@1420,8%@1420,4%@1420,4%@1420,60%@1420,13%@1420] EMC_FREQ 0% GR3D_FREQ 0% AUX@44.5C CPU@45.5C thermal@44.8C AO@44.5C GPU@44.5C PMIC@50C
09-27-2026 07:51:09 RAM 4782/6833MB (lfb 5x4MB) SWAP 1065/3416MB (cached 0MB) CPU [20%@1420,17%@1420,33%@1420,49%@1420,4%@1420,35%@1420] EMC_FREQ 0% GR3D_FREQ 0% AUX@44.5C CPU@46C thermal@44.8C AO@44.5C GPU@45C PMIC@50C
09-27-2026 07:51:10 RAM 4782/6833MB (lfb 5x4MB) SWAP 1065/3416MB (cached 0MB) CPU [8%@1420,9%@1420,4%@1420,75%@1420,4%@1420,5%@1420] EMC_FREQ 0% GR3D_FREQ 0% AUX@44.5C CPU@45.5C thermal@44.8C AO@44.5C GPU@44.5C PMIC@50C
09-27-2026 07:51:11 RAM 4780/6833MB (lfb 17x4MB) SWAP 1065/3416MB (cached 0MB) CPU [14%@1420,9%@1420,8%@1420,100%@1420,18%@1420,12%@1420] EMC_FREQ 0% GR3D_FREQ 0% AUX@44.5C CPU@46C thermal@44.8C AO@44.5C GPU@45C PMIC@50C
09-27-2026 07:51:12 RAM 4780/6833MB (lfb 17x4MB) SWAP 1065/3416MB (cached 0MB) CPU [10%@1420,7%@1420,5%@1420,62%@1420,6%@1420,11%@1420] EMC_FREQ 0% GR3D_FREQ 0% AUX@45C CPU@45.5C thermal@44.8C AO@44.5C GPU@44.5C PMIC@50C
09-27-2026 07:51:13 RAM 4782/6833MB (lfb 17x4MB) SWAP 1065/3416MB (cached 0MB) CPU [18%@1420,21%@1420,45%@1420,8%@1420,25%@1420,39%@1420] EMC_FREQ 0% GR3D_FREQ 0% AUX@44.5C CPU@45.5C thermal@44.95C AO@44.5C GPU@44.5C PMIC@50C
09-27-2026 07:51:14 RAM 4782/6833MB (lfb 17x4MB) SWAP 1065/3416MB (cached 0MB) CPU [18%@1420,11%@1420,2%@1420,15%@1420,23%@1420,51%@1420] EMC_FREQ 0% GR3D_FREQ 0% AUX@45C CPU@46C thermal@45.15C AO@44.5C GPU@45C PMIC@50C
09-27-2026 07:51:15 RAM 4782/6833MB (lfb 17x4MB) SWAP 1065/3416MB (cached 0MB) CPU [12%@1420,7%@1420,4%@1420,3%@1420,4%@1420,100%@1420] EMC_FREQ 0% GR3D_FREQ 0% AUX@45C CPU@46C thermal@45.3C AO@44.5C GPU@45C PMIC@50C
09-27-2026 07:51:16 RAM 5036/6833MB (lfb 12x1MB) SWAP 1065/3416MB (cached 0MB) CPU [18%@1420,9%@1420,4%@1420,33%@1420,29%@1420,31%@1420] EMC_FREQ 0% GR3D_FREQ 0% AUX@45C CPU@46C thermal@45.3C AO@45C GPU@44.5C PMIC@50C
09-27-2026 07:51:17 RAM 4784/6833MB (lfb 5x4MB) SWAP 1066/3416MB (cached 0MB) CPU [32%@1190,27%@1190,33%@1190,30%@1190,28%@1190,32%@1190] EMC_FREQ 0% GR3D_FREQ 0% AUX@45C CPU@46C thermal@45.15C AO@45C GPU@45.5C PMIC@50C
09-27-2026 07:51:18 RAM 4788/6833MB (lfb 5x4MB) SWAP 1066/3416MB (cached 0MB) CPU [16%@1420,33%@1420,38%@1420,21%@1420,17%@1420,12%@1420] EMC_FREQ 0% GR3D_FREQ 0% AUX@45C CPU@46.5C thermal@45.15C AO@45C GPU@45.5C PMIC@50C
09-27-2026 07:51:19 RAM 4784/6833MB (lfb 5x4MB) SWAP 1066/3416MB (cached 0MB) CPU [9%@1420,28%@1420,8%@1420,42%@1420,13%@1420,8%@1420] EMC_FREQ 0% GR3D_FREQ 0% AUX@45C CPU@46.5C thermal@45.45C AO@45C GPU@45.5C PMIC@50C
09-27-2026 07:51:20 RAM 4783/6833MB (lfb 5x4MB) SWAP 1066/3416MB (cached 0MB) CPU [7%@1420,5%@1420,5%@1420,100%@1420,6%@1420,7%@1420] EMC_FREQ 0% GR3D_FREQ 0% AUX@45C CPU@46.5C thermal@45.6C AO@45C GPU@45.5C PMIC@50C
09-27-2026 07:51:21 RAM 4783/6833MB (lfb 5x4MB) SWAP 1066/3416MB (cached 0MB) CPU [5%@1420,5%@1420,6%@1420,78%@1420,9%@1420,8%@1420] EMC_FREQ 0% GR3D_FREQ 0% AUX@45.5C CPU@46.5C thermal@45.8C AO@45.5C GPU@45.5C PMIC@50C
09-27-2026 07:51:22 RAM 4788/6833MB (lfb 17x4MB) SWAP 1066/3416MB (cached 0MB) CPU [32%@1420,12%@1420,15%@1420,43%@1420,41%@1420,17%@1420] EMC_FREQ 0% GR3D_FREQ 0% AUX@45.5C CPU@47C thermal@46.55C AO@45.5C GPU@45.5C PMIC@50C
09-27-2026 07:51:23 RAM 4780/6833MB (lfb 17x4MB) SWAP 1066/3416MB (cached 0MB) CPU [23%@1420,40%@1420,9%@1420,7%@1420,23%@1420,10%@1420] EMC_FREQ 0% GR3D_FREQ 0% AUX@45.5C CPU@46.5C thermal@45.95C AO@45.5C GPU@46C PMIC@50C
09-27-2026 07:51:24 RAM 4788/6833MB (lfb 17x4MB) SWAP 1066/3416MB (cached 0MB) CPU [33%@1420,27%@1420,13%@1420,50%@1420,14%@1420,15%@1420] EMC_FREQ 0% GR3D_FREQ 0% AUX@45.5C CPU@47C thermal@46.1C AO@45.5C GPU@45.5C PMIC@50C
09-27-2026 07:51:25 RAM 4787/6833MB (lfb 17x4MB) SWAP 1066/3416MB (cached 0MB) CPU [76%@1420,4%@1420,3%@1420,5%@1420,7%@1420,10%@1420] EMC_FREQ 0% GR3D_FREQ 0% AUX@46C CPU@47C thermal@46.15C AO@45.5C GPU@46C PMIC@50C
09-27-2026 07:51:26 RAM 4786/6833MB (lfb 17x4MB) SWAP 1066/3416MB (cached 0MB) CPU [100%@1420,2%@1420,5%@1420,5%@1420,10%@1420,9%@1420] EMC_FREQ 0% GR3D_FREQ 0% AUX@45.5C CPU@47C thermal@46.15C AO@45.5C GPU@45.5C PMIC@50C
09-27-2026 07:51:27 RAM 4782/6833MB (lfb 5x4MB) SWAP 1066/3416MB (cached 0MB) CPU [64%@1420,6%@1420,6%@1420,22%@1420,14%@1420,23%@1420] EMC_FREQ 0% GR3D_FREQ 0% AUX@45.5C CPU@47C thermal@45.8C AO@45.5C GPU@45.5C PMIC@50C
09-27-2026 07:51:28 RAM 4788/6833MB (lfb 5x4MB) SWAP 1066/3416MB (cached 0MB) CPU [23%@1420,33%@1420,47%@1420,23%@1420,17%@1420,29%@1420] EMC_FREQ 0% GR3D_FREQ 0% AUX@46C CPU@47C thermal@46.55C AO@45.5C GPU@46C PMIC@50C
09-27-2026 07:51:29 RAM 4791/6833MB (lfb 5x4MB) SWAP 1066/3416MB (cached 0MB) CPU [28%@1420,27%@1420,22%@1420,11%@1420,31%@1420,12%@1420] EMC_FREQ 0% GR3D_FREQ 0% AUX@45.5C CPU@47C thermal@46.3C AO@45.5C GPU@46C PMIC@50C
09-27-2026 07:51:30 RAM 4787/6833MB (lfb 5x4MB) SWAP 1066/3416MB (cached 0MB) CPU [31%@1420,7%@1420,8%@1420,20%@1420,11%@1420,33%@1420] EMC_FREQ 0% GR3D_FREQ 0% AUX@45.5C CPU@47C thermal@46C AO@45.5C GPU@45.5C PMIC@50C
09-27-2026 07:51:31 RAM 4788/6833MB (lfb 5x4MB) SWAP 1066/3416MB (cached 0MB) CPU [43%@1420,17%@1420,22%@1420,30%@1420,18%@1420,28%@1420] EMC_FREQ 0% GR3D_FREQ 0% AUX@45.5C CPU@46.5C thermal@46C AO@45.5C GPU@46C PMIC@50C
09-27-2026 07:51:32 RAM 4788/6833MB (lfb 5x4MB) SWAP 1066/3416MB (cached 0MB) CPU [7%@1420,12%@1420,4%@1420,4%@1420,11%@1420,65%@1420] EMC_FREQ 0% GR3D_FREQ 0% AUX@45.5C CPU@47C thermal@45.8C AO@45.5C GPU@45.5C PMIC@50C
09-27-2026 07:51:33 RAM 4784/6833MB (lfb 17x4MB) SWAP 1066/3416MB (cached 0MB) CPU [15%@1420,20%@1420,12%@1420,9%@1420,3%@1420,100%@1420] EMC_FREQ 0% GR3D_FREQ 0% AUX@45.5C CPU@46.5C thermal@46.1C AO@45.5C GPU@46C PMIC@50C
09-27-2026 07:51:34 RAM 4783/6833MB (lfb 17x4MB) SWAP 1066/3416MB (cached 0MB) CPU [9%@1420,6%@1420,5%@1420,5%@1420,2%@1420,65%@1420] EMC_FREQ 0% GR3D_FREQ 0% AUX@45.5C CPU@47C thermal@45.95C AO@45.5C GPU@46C PMIC@50C
09-27-2026 07:51:35 RAM 4786/6833MB (lfb 17x4MB) SWAP 1066/3416MB (cached 0MB) CPU [42%@1420,20%@1420,23%@1420,11%@1420,26%@1420,24%@1420] EMC_FREQ 0% GR3D_FREQ 0% AUX@45.5C CPU@46.5C thermal@45.95C AO@45.5C GPU@45.5C PMIC@50C
09-27-2026 07:51:36 RAM 4786/6833MB (lfb 17x4MB) SWAP 1066/3416MB (cached 0MB) CPU [5%@1420,6%@1420,64%@1420,12%@1420,10%@1420,9%@1420] EMC_FREQ 0% GR3D_FREQ 0% AUX@45.5C CPU@46.5C thermal@45.8C AO@45.5C GPU@45.5C PMIC@50C
09-27-2026 07:51:37 RAM 4785/6833MB (lfb 17x4MB) SWAP 1066/3416MB (cached 0MB) CPU [4%@1420,5%@1420,100%@1420,4%@1420,11%@1420,7%@1420] EMC_FREQ 0% GR3D_FREQ 0% AUX@45.5C CPU@46.5C thermal@45.8C AO@45.5C GPU@45.5C PMIC@50C
09-27-2026 07:51:38 RAM 4781/6833MB (lfb 5x4MB) SWAP 1066/3416MB (cached 0MB) CPU [22%@1420,28%@1420,57%@1420,18%@1420,9%@1420,12%@1420] EMC_FREQ 0% GR3D_FREQ 99% AUX@45.5C CPU@46.5C thermal@45.8C AO@45.5C GPU@45.5C PMIC@50C
09-27-2026 07:51:39 RAM 4785/6833MB (lfb 5x4MB) SWAP 1066/3416MB (cached 0MB) CPU [37%@1420,45%@1420,18%@1420,32%@1420,17%@1420,20%@1420] EMC_FREQ 0% GR3D_FREQ 0% AUX@45.5C CPU@46.5C thermal@45.8C AO@45.5C GPU@45.5C PMIC@50C
09-27-2026 07:51:40 RAM 4785/6833MB (lfb 5x4MB) SWAP 1066/3416MB (cached 0MB) CPU [6%@1420,4%@1420,5%@1420,5%@1420,16%@1420,66%@1420] EMC_FREQ 0% GR3D_FREQ 0% AUX@45.5C CPU@46.5C thermal@45.8C AO@45C GPU@45.5C PMIC@50C
09-27-2026 07:51:41 RAM 4786/6833MB (lfb 5x4MB) SWAP 1066/3416MB (cached 0MB) CPU [6%@1420,5%@1420,5%@1420,4%@1420,9%@1420,100%@1420] EMC_FREQ 0% GR3D_FREQ 0% AUX@45.5C CPU@46.5C thermal@45.8C AO@45.5C GPU@45.5C PMIC@50C
09-27-2026 07:51:42 RAM 4785/6833MB (lfb 5x4MB) SWAP 1066/3416MB (cached 0MB) CPU [4%@1420,3%@1420,11%@1420,6%@1420,4%@1420,68%@1420] EMC_FREQ 0% GR3D_FREQ 0% AUX@45.5C CPU@46.5C thermal@45.65C AO@45C GPU@45.5C PMIC@50C
09-27-2026 07:51:43 RAM 4788/6833MB (lfb 5x4MB) SWAP 1066/3416MB (cached 0MB) CPU [21%@1420,25%@1420,45%@1420,30%@1420,20%@1420,16%@1420] EMC_FREQ 0% GR3D_FREQ 0% AUX@45.5C CPU@46.5C thermal@45.8C AO@45.5C GPU@45C PMIC@50C
09-27-2026 07:51:44 RAM 4789/6833MB (lfb 19x4MB) SWAP 1066/3416MB (cached 0MB) CPU [43%@1420,29%@1420,14%@1420,30%@1420,27%@1420,18%@1420] EMC_FREQ 0% GR3D_FREQ 0% AUX@45C CPU@46.5C thermal@45.8C AO@45.5C GPU@45.5C PMIC@50C
09-27-2026 07:51:45 RAM 4780/6833MB (lfb 20x4MB) SWAP 1066/3416MB (cached 0MB) CPU [26%@1420,20%@1420,13%@1420,7%@1420,29%@1420,14%@1420] EMC_FREQ 0% GR3D_FREQ 0% AUX@45C CPU@46.5C thermal@45.8C AO@45.5C GPU@45.5C PMIC@50C
09-27-2026 07:51:46 RAM 4787/6833MB (lfb 20x4MB) SWAP 1066/3416MB (cached 0MB) CPU [51%@1420,38%@1420,16%@1420,16%@1420,26%@1420,11%@1420] EMC_FREQ 0% GR3D_FREQ 0% AUX@45C CPU@46.5C thermal@45.8C AO@45.5C GPU@45.5C PMIC@50C
09-27-2026 07:51:47 RAM 4783/6833MB (lfb 20x4MB) SWAP 1066/3416MB (cached 0MB) CPU [51%@1420,14%@1420,6%@1420,4%@1420,12%@1420,21%@1420] EMC_FREQ 0% GR3D_FREQ 0% AUX@45C CPU@46.5C thermal@45.6C AO@45C GPU@45.5C PMIC@50C
09-27-2026 07:51:48 RAM 4783/6833MB (lfb 20x4MB) SWAP 1066/3416MB (cached 0MB) CPU [100%@1420,2%@1420,4%@1420,6%@1420,5%@1420,11%@1420] EMC_FREQ 0% GR3D_FREQ 0% AUX@45C CPU@46.5C thermal@45.45C AO@45C GPU@45.5C PMIC@50C
09-27-2026 07:51:49 RAM 4780/6833MB (lfb 5x4MB) SWAP 1066/3416MB (cached 0MB) CPU [71%@1420,3%@1420,9%@1420,40%@1420,8%@1420,14%@1420] EMC_FREQ 0% GR3D_FREQ 99% AUX@45C CPU@46C thermal@45.3C AO@45C GPU@45C PMIC@50C
09-27-2026 07:51:50 RAM 4783/6833MB (lfb 5x4MB) SWAP 1066/3416MB (cached 0MB) CPU [41%@1420,46%@1420,21%@1420,22%@1420,23%@1420,14%@1420] EMC_FREQ 0% GR3D_FREQ 0% AUX@45C CPU@46.5C thermal@45.8C AO@45C GPU@45C PMIC@50C
09-27-2026 07:51:51 RAM 4787/6833MB (lfb 5x4MB) SWAP 1066/3416MB (cached 0MB) CPU [16%@1420,11%@1420,22%@1420,7%@1420,34%@1420,21%@1420] EMC_FREQ 0% GR3D_FREQ 0% AUX@45C CPU@46.5C thermal@45.45C AO@45C GPU@45C PMIC@50C
09-27-2026 07:51:52 RAM 4785/6833MB (lfb 5x4MB) SWAP 1066/3416MB (cached 0MB) CPU [46%@1190,12%@1190,20%@1190,24%@1420,6%@1420,10%@1420] EMC_FREQ 0% GR3D_FREQ 0% AUX@45C CPU@46C thermal@45.6C AO@45C GPU@45.5C PMIC@50C
09-27-2026 07:51:53 RAM 4787/6833MB (lfb 5x4MB) SWAP 1066/3416MB (cached 0MB) CPU [31%@1420,15%@1420,65%@1420,5%@1420,12%@1420,11%@1420] EMC_FREQ 0% GR3D_FREQ 0% AUX@45C CPU@46.5C thermal@45.45C AO@45C GPU@45C PMIC@50C
09-27-2026 07:51:54 RAM 4783/6833MB (lfb 5x4MB) SWAP 1066/3416MB (cached 0MB) CPU [16%@1420,8%@1420,5%@1420,8%@1420,13%@1420,53%@1420] EMC_FREQ 0% GR3D_FREQ 0% AUX@45C CPU@46C thermal@45.45C AO@45C GPU@45C PMIC@50C
09-27-2026 07:51:55 RAM 4785/6833MB (lfb 20x4MB) SWAP 1066/3416MB (cached 0MB) CPU [53%@1420,39%@1420,23%@1420,21%@1420,57%@1420,21%@1420] EMC_FREQ 0% GR3D_FREQ 0% AUX@45C CPU@46C thermal@45.3C AO@45C GPU@45.5C PMIC@50C
09-27-2026 07:51:56 RAM 4784/6833MB (lfb 20x4MB) SWAP 1066/3416MB (cached 0MB) CPU [7%@1420,6%@1420,4%@1420,5%@1420,12%@1420,72%@1420] EMC_FREQ 0% GR3D_FREQ 0% AUX@45.5C CPU@46.5C thermal@45.3C AO@45C GPU@45C PMIC@50C
09-27-2026 07:51:57 RAM 4784/6833MB (lfb 20x4MB) SWAP 1066/3416MB (cached 0MB) CPU [9%@1420,10%@1420,5%@1420,3%@1420,2%@1420,100%@1420] EMC_FREQ 0% GR3D_FREQ 0% AUX@45C CPU@46C thermal@45.45C AO@44.5C GPU@45C PMIC@50C
09-27-2026 07:51:58 RAM 4785/6833MB (lfb 20x4MB) SWAP 1066/3416MB (cached 0MB) CPU [11%@1420,8%@1420,32%@1420,4%@1420,2%@1420,32%@1420] EMC_FREQ 0% GR3D_FREQ 0% AUX@45C CPU@46C thermal@45.3C AO@45C GPU@45C PMIC@50C
09-27-2026 07:51:59 RAM 4786/6833MB (lfb 20x4MB) SWAP 1066/3416MB (cached 0MB) CPU [37%@1420,23%@1420,34%@1420,8%@1420,28%@1420,20%@1420] EMC_FREQ 0% GR3D_FREQ 0% AUX@45C CPU@46C thermal@45.3C AO@45C GPU@45C PMIC@50C
09-27-2026 07:52:00 RAM 4790/6833MB (lfb 5x4MB) SWAP 1066/3416MB (cached 0MB) CPU [32%@1420,21%@1420,10%@1420,17%@1420,24%@1420,50%@1420] EMC_FREQ 0% GR3D_FREQ 0% AUX@45C CPU@46C thermal@45.3C AO@45C GPU@45C PMIC@50C
09-27-2026 07:52:01 RAM 4785/6833MB (lfb 5x4MB) SWAP 1066/3416MB (cached 0MB) CPU [28%@1420,35%@1420,10%@1420,17%@1420,13%@1420,25%@1420] EMC_FREQ 0% GR3D_FREQ 0% AUX@45C CPU@46C thermal@45.6C AO@45C GPU@45C PMIC@50C
09-27-2026 07:52:02 RAM 4791/6833MB (lfb 5x4MB) SWAP 1066/3416MB (cached 0MB) CPU [17%@1420,25%@1420,21%@1420,11%@1420,23%@1420,56%@1420] EMC_FREQ 0% GR3D_FREQ 0% AUX@45C CPU@46.5C thermal@45.45C AO@45C GPU@45C PMIC@50C
09-27-2026 07:52:03 RAM 4792/6833MB (lfb 5x4MB) SWAP 1066/3416MB (cached 0MB) CPU [19%@1420,8%@1420,9%@1420,42%@1420,12%@1420,18%@1420] EMC_FREQ 0% GR3D_FREQ 0% AUX@45C CPU@46C thermal@45.3C AO@45C GPU@45C PMIC@50C
09-27-2026 07:52:04 RAM 4789/6833MB (lfb 4x4MB) SWAP 1066/3416MB (cached 0MB) CPU [26%@1190,29%@1190,25%@1190,13%@1420,31%@1420,12%@1420] EMC_FREQ 0% GR3D_FREQ 0% AUX@45C CPU@46C thermal@45.3C AO@44.5C GPU@45C PMIC@50C
09-27-2026 07:52:05 RAM 4788/6833MB (lfb 4x4MB) SWAP 1066/3416MB (cached 0MB) CPU [4%@1420,87%@1420,7%@1420,6%@1420,7%@1420,4%@1420] EMC_FREQ 0% GR3D_FREQ 0% AUX@45C CPU@46C thermal@45.3C AO@44.5C GPU@44.5C PMIC@50C
09-27-2026 07:52:06 RAM 4787/6833MB (lfb 20x4MB) SWAP 1066/3416MB (cached 0MB) CPU [10%@1420,50%@1420,12%@1420,14%@1420,79%@1420,22%@1420] EMC_FREQ 0% GR3D_FREQ 0% AUX@45C CPU@46C thermal@45C AO@45C GPU@46C PMIC@50C
09-27-2026 07:52:07 RAM 4788/6833MB (lfb 20x4MB) SWAP 1066/3416MB (cached 0MB) CPU [10%@1420,6%@1420,4%@1420,6%@1420,68%@1420,5%@1420] EMC_FREQ 0% GR3D_FREQ 0% AUX@45C CPU@46C thermal@45.45C AO@45C GPU@45C PMIC@50C
09-27-2026 07:52:08 RAM 4787/6833MB (lfb 20x4MB) SWAP 1066/3416MB (cached 0MB) CPU [5%@1420,10%@1420,5%@1420,5%@1420,100%@1420,4%@1420] EMC_FREQ 0% GR3D_FREQ 0% AUX@45C CPU@46C thermal@45.3C AO@44.5C GPU@45C PMIC@50C
09-27-2026 07:52:09 RAM 4787/6833MB (lfb 20x4MB) SWAP 1066/3416MB (cached 0MB) CPU [10%@1420,4%@1420,3%@1420,9%@1420,69%@1420,5%@1420] EMC_FREQ 0% GR3D_FREQ 0% AUX@45C CPU@46C thermal@45.3C AO@44.5C GPU@45C PMIC@50C
09-27-2026 07:52:10 RAM 4786/6833MB (lfb 20x4MB) SWAP 1066/3416MB (cached 0MB) CPU [10%@1420,8%@1420,3%@1420,8%@1420,40%@1420,25%@1420] EMC_FREQ 0% GR3D_FREQ 0% AUX@45C CPU@46C thermal@45.1C AO@44.5C GPU@45C PMIC@50C
09-27-2026 07:52:11 RAM 4786/6833MB (lfb 7x4MB) SWAP 1066/3416MB (cached 0MB) CPU [26%@1420,15%@1420,30%@1420,3%@1420,30%@1420,7%@1420] EMC_FREQ 0% GR3D_FREQ 18% AUX@44.5C CPU@46C thermal@45C AO@44.5C GPU@44.5C PMIC@50C
09-27-2026 07:52:12 RAM 4786/6833MB (lfb 7x4MB) SWAP 1066/3416MB (cached 0MB) CPU [6%@1420,11%@1420,41%@1420,4%@1420,7%@1420,8%@1420] EMC_FREQ 0% GR3D_FREQ 0% AUX@45C CPU@46C thermal@44.95C AO@44.5C GPU@44.5C PMIC@50C
09-27-2026 07:52:13 RAM 4787/6833MB (lfb 7x4MB) SWAP 1066/3416MB (cached 0MB) CPU [6%@1190,7%@1190,40%@1190,2%@1190,9%@1190,7%@1190] EMC_FREQ 0% GR3D_FREQ 0% AUX@45C CPU@45.5C thermal@45C AO@44.5C GPU@44.5C PMIC@50C
09-27-2026 07:52:14 RAM 4786/6833MB (lfb 7x4MB) SWAP 1066/3416MB (cached 0MB) CPU [7%@1420,7%@1420,51%@1420,4%@1420,8%@1420,9%@1420] EMC_FREQ 0% GR3D_FREQ 0% AUX@44.5C CPU@45.5C thermal@45C AO@44.5C GPU@44.5C PMIC@50C
09-27-2026 07:52:15 RAM 4786/6833MB (lfb 7x4MB) SWAP 1066/3416MB (cached 0MB) CPU [18%@1420,6%@1420,40%@1420,9%@1420,5%@1420,15%@1420] EMC_FREQ 0% GR3D_FREQ 0% AUX@45C CPU@45.5C thermal@44.95C AO@44.5C GPU@44.5C PMIC@50C
09-27-2026 07:52:16 RAM 4787/6833MB (lfb 7x4MB) SWAP 1066/3416MB (cached 0MB) CPU [7%@1420,5%@1420,49%@1420,9%@1420,5%@1420,6%@1420] EMC_FREQ 0% GR3D_FREQ 0% AUX@44.5C CPU@45.5C thermal@44.8C AO@44.5C GPU@44.5C PMIC@50C
09-27-2026 07:52:17 RAM 4790/6833MB (lfb 20x4MB) SWAP 1066/3416MB (cached 0MB) CPU [10%@1420,16%@1420,40%@1420,3%@1420,31%@1420,9%@1420] EMC_FREQ 0% GR3D_FREQ 0% AUX@45C CPU@45.5C thermal@44.95C AO@44.5C GPU@45C PMIC@50C
09-27-2026 07:52:18 RAM 4789/6833MB (lfb 20x4MB) SWAP 1066/3416MB (cached 0MB) CPU [3%@1420,7%@1420,40%@1420,3%@1420,8%@1420,10%@1420] EMC_FREQ 0% GR3D_FREQ 0% AUX@44.5C CPU@45.5C thermal@44.95C AO@44.5C GPU@45C PMIC@50C
09-27-2026 07:52:19 RAM 4789/6833MB (lfb 20x4MB) SWAP 1066/3416MB (cached 0MB) CPU [6%@1420,8%@1420,51%@1420,3%@1420,8%@1420,8%@1420] EMC_FREQ 0% GR3D_FREQ 0% AUX@45C CPU@46C thermal@44.95C AO@45C GPU@45C PMIC@50C
09-27-2026 07:52:20 RAM 4790/6833MB (lfb 20x4MB) SWAP 1066/3416MB (cached 0MB) CPU [16%@1190,6%@1190,42%@1420,4%@1420,9%@1420,16%@1420] EMC_FREQ 0% GR3D_FREQ 0% AUX@45C CPU@46C thermal@45C AO@44.5C GPU@45C PMIC@50C
09-27-2026 07:52:21 RAM 4790/6833MB (lfb 20x4MB) SWAP 1066/3416MB (cached 0MB) CPU [8%@1190,6%@1190,40%@1190,1%@1190,7%@1190,8%@1420] EMC_FREQ 0% GR3D_FREQ 0% AUX@45C CPU@45.5C thermal@45.15C AO@44.5C GPU@44.5C PMIC@50C
09-27-2026 07:52:22 RAM 4786/6833MB (lfb 7x4MB) SWAP 1066/3416MB (cached 0MB) CPU [12%@1420,19%@1420,15%@1420,47%@1420,9%@1420,15%@1420] EMC_FREQ 0% GR3D_FREQ 99% AUX@45C CPU@46.5C thermal@45.3C AO@45C GPU@45.5C PMIC@50C
09-27-2026 07:52:23 RAM 4787/6833MB (lfb 7x4MB) SWAP 1066/3416MB (cached 0MB) CPU [11%@1420,7%@1420,32%@1420,23%@1420,11%@1420,7%@1420] EMC_FREQ 0% GR3D_FREQ 0% AUX@45C CPU@46C thermal@45.3C AO@45C GPU@45C PMIC@50C
09-27-2026 07:52:24 RAM 4787/6833MB (lfb 7x4MB) SWAP 1066/3416MB (cached 0MB) CPU [6%@1190,7%@1190,43%@1190,1%@1190,9%@1420,7%@1420] EMC_FREQ 0% GR3D_FREQ 0% AUX@45C CPU@46C thermal@45.45C AO@45C GPU@45C PMIC@50C
09-27-2026 07:52:25 RAM 4787/6833MB (lfb 7x4MB) SWAP 1066/3416MB (cached 0MB) CPU [6%@1420,18%@1420,41%@1420,2%@1420,10%@1420,7%@1420] EMC_FREQ 0% GR3D_FREQ 0% AUX@45.5C CPU@46.5C thermal@45.45C AO@45C GPU@45.5C PMIC@50C
09-27-2026 07:52:26 RAM 4786/6833MB (lfb 7x4MB) SWAP 1066/3416MB (cached 0MB) CPU [6%@1420,6%@1420,38%@1420,2%@1420,7%@1420,9%@1420] EMC_FREQ 0% GR3D_FREQ 0% AUX@45.5C CPU@46.5C thermal@45.8C AO@45.5C GPU@45.5C PMIC@50C
09-27-2026 07:52:27 RAM 4705/6833MB (lfb 8x4MB) SWAP 1066/3416MB (cached 0MB) CPU [12%@1420,5%@1420,44%@1420,9%@1420,5%@1420,7%@1420] EMC_FREQ 0% GR3D_FREQ 0% AUX@45.5C CPU@46.5C thermal@45.6C AO@45.5C GPU@45.5C PMIC@50C
