H264_PROBE_EVENT {"name": "camera_open_start", "wall_time": 1791261956.090173, "monotonic": 514442.75039149}
GST_ARGUS: Creating output stream
CONSUMER: Waiting until producer is connected...
GST_ARGUS: Available Sensor modes :
GST_ARGUS: 3280 x 2464 FR = 21.000000 fps Duration = 47619048 ; Analog Gain range min 1.000000, max 10.625000; Exposure Range min 13000, max 683709000;

GST_ARGUS: 3280 x 1848 FR = 28.000001 fps Duration = 35714284 ; Analog Gain range min 1.000000, max 10.625000; Exposure Range min 13000, max 683709000;

GST_ARGUS: 1920 x 1080 FR = 29.999999 fps Duration = 33333334 ; Analog Gain range min 1.000000, max 10.625000; Exposure Range min 13000, max 683709000;

GST_ARGUS: 1640 x 1232 FR = 29.999999 fps Duration = 33333334 ; Analog Gain range min 1.000000, max 10.625000; Exposure Range min 13000, max 683709000;

GST_ARGUS: 1280 x 720 FR = 59.999999 fps Duration = 16666667 ; Analog Gain range min 1.000000, max 10.625000; Exposure Range min 13000, max 683709000;

GST_ARGUS: Running with following settings:
   Camera index = 0 
   Camera mode  = 2 
   Output Stream W = 1920 H = 1080 
   seconds to Run    = 0 
   Frame Rate = 29.999999 
GST_ARGUS: Setup Complete, Starting captures for 0 seconds
GST_ARGUS: Starting repeat capture requests.
CONSUMER: Producer has connected; continuing.
[ WARN:0] global ../modules/videoio/src/cap_gstreamer.cpp (935) open OpenCV | GStreamer warning: Cannot query video position: status=0, value=-1, duration=-1
2026-10-06 13:45:57,632 [INFO] main: CSI 카메라 초기화 및 첫 프레임 확인 완료
H264_PROBE_EVENT {"name": "camera_first_frame_ready", "wall_time": 1791261957.6344469, "monotonic": 514444.294665211}
H264_PROBE_EVENT {"name": "vadclip_warmup_start", "wall_time": 1791261957.6346383, "monotonic": 514444.29485463}
2026-10-06 13:45:57,634 [INFO] anomaly_model_trt: VadCLIP 초기화 시작
2026-10-06 13:46:11,786 [INFO] vadclip_adapter_trt: VadCLIP live temporal mapping: FPS=9, window=48 frames (5.333s), sample_indices=[0, 5, 10, 14, 19, 24, 29, 34, 38, 43]
2026-10-06 13:46:49,292 [INFO] vadclip_adapter_trt: VadCLIP checkpoint strict load PASS (349 keys)
[10/06/2026-13:47:06] [TRT] [W] Using an engine plan file across different models of devices is not recommended and is likely to affect performance or even cause errors.
2026-10-06 13:47:13,616 [INFO] vadclip_adapter_trt: TensorRT CLIP visual loaded: /home/hpc/edge_vadclip_2026/trt/clip_visual_vitb16_b1_10_fp16.engine, sha=973557212ba947da9f50eeb2e458cc5cd6e403f83858223f32f6e881071cfb69, profile min=(1, 3, 224, 224) opt=(10, 3, 224, 224) max=(10, 3, 224, 224), crop=5
2026-10-06 13:47:13,617 [INFO] anomaly_model_trt: ✅ AnomalyPipeline(VadCLIP) 초기화 완료
2026-10-06 13:47:13,617 [INFO] anomaly_model_trt: VadCLIP warmup 시작
2026-10-06 13:47:26,551 [INFO] vadclip_adapter_trt: VadCLIP warmup PASS: score=0.001370, feature_buffer reset to 0
2026-10-06 13:47:26,694 [INFO] anomaly_model_trt: VadCLIP warmup 완료: 13076.5ms
H264_PROBE_EVENT {"name": "vadclip_warmup_end", "wall_time": 1791262046.6945221, "monotonic": 514533.354740445}
H264_PROBE_EVENT {"name": "h264_prepare_start", "wall_time": 1791262046.6949332, "monotonic": 514533.355149556, "condition": "W"}
2026-10-06 13:47:26,806 [INFO] uploader: h264_persistent_worker_started pid=45157 log=/tmp/h264_preload_compare_20261006/evidence/01_W/h264_worker.log
2026-10-06 13:47:30,007 [INFO] uploader: h264_job_completed pid=45157 mode=persistent output=/tmp/anomaly_clip_h264_95qkyh_g.mp4.partial frames=2 payload_bytes=3110400
2026-10-06 13:47:30,008 [INFO] uploader: h264(HW) 인코딩 완료: frames=2, fps=9, bitrate=600000, size=6037 bytes, elapsed=3.313s
2026-10-06 13:47:30,011 [INFO] uploader: H264 웜업 완료: elapsed=3.316s size=6037
H264_PROBE_EVENT {"name": "h264_prepare_end", "wall_time": 1791262050.0121925, "monotonic": 514536.672408875, "condition": "W", "ok": true}
H264_PROBE_EVENT {"name": "capture_loop_start", "wall_time": 1791262050.012536, "monotonic": 514536.672752318}
2026-10-06 13:47:30,014 [INFO] main: clip upload worker 시작
2026-10-06 13:47:30,016 [INFO] main: VadCLIP 추론 worker 시작
2026-10-06 13:47:30,017 [INFO] main: 캡처 루프 시작 (FPS=9, 버퍼=81프레임/9초, 추론주기=48프레임/5.33초)
2026-10-06 13:47:31,045 [INFO] main: [진단] 최근 1.0초간 처리프레임=10(목표 9), 밀린시간누적=0ms
2026-10-06 13:47:32,046 [INFO] main: [진단] 최근 1.0초간 처리프레임=9(목표 9), 밀린시간누적=0ms
2026-10-06 13:47:33,056 [INFO] main: [진단] 최근 1.0초간 처리프레임=9(목표 9), 밀린시간누적=0ms
2026-10-06 13:47:34,166 [INFO] main: [진단] 최근 1.1초간 처리프레임=10(목표 9), 밀린시간누적=0ms
2026-10-06 13:47:35,166 [INFO] main: [진단] 최근 1.0초간 처리프레임=9(목표 9), 밀린시간누적=0ms
2026-10-06 13:47:36,769 [INFO] main: [진단] 최근 1.6초간 처리프레임=1(목표 9), 밀린시간누적=1419ms
H264_PROBE_EVENT {"name": "first_inference_start", "wall_time": 1791262056.7700737, "monotonic": 514543.430291516, "frame_count": 48}
2026-10-06 13:47:37,795 [INFO] main: [진단] 최근 1.0초간 처리프레임=10(목표 9), 밀린시간누적=1ms
2026-10-06 13:47:37,923 [INFO] anomaly_model_trt: [진단] VadCLIP 추론 total=1153.0ms, feature_buffer=10/256, score=0.200590
H264_PROBE_EVENT {"name": "first_inference_end", "wall_time": 1791262057.9245348, "monotonic": 514544.584752481, "score": 0.20058974623680115}
H264_PROBE_EVENT {"name": "score_observed_trigger_blocked", "wall_time": 1791262057.924776, "monotonic": 514544.584992366, "score": 0.20058974623680115}
2026-10-06 13:47:38,281 [INFO] main: CSI 카메라 해제 완료
H264_PROBE_EVENT {"name": "capture_loop_end", "wall_time": 1791262058.3800063, "monotonic": 514545.040224646}
2026-10-06 13:47:38,380 [INFO] main: CSI 카메라 해제 완료
GST_ARGUS: Cleaning up
CONSUMER: Done Success
GST_ARGUS: Done Success
