H264_PROBE_EVENT {"name": "camera_open_start", "wall_time": 1791262910.75041, "monotonic": 515397.41063049}
GST_ARGUS: Creating output stream
CONSUMER: Waiting until producer is connected...
GST_ARGUS: Available Sensor modes :
GST_ARGUS: 3280 x 2464 FR = 21.000000 fps Duration = 47619048 ; Analog Gain range min 1.000000, max 10.625000; Exposure Range min 13000, max 683709000;

GST_ARGUS: 3280 x 1848 FR = 28.000001 fps Duration = 35714284 ; Analog Gain range min 1.000000, max 10.625000; Exposure Range min 13000, max 683709000;

GST_ARGUS: 1920 x 1080 FR = 29.999999 fps Duration = 33333334 ; Analog Gain range min 1.000000, max 10.625000; Exposure Range min 13000, max 683709000;

GST_ARGUS: 1640 x 1232 FR = 29.999999 fps Duration = 33333334 ; Analog Gain range min 1.000000, max 10.625000; Exposure Range min 13000, max 683709000;

GST_ARGUS: 1280 x 720 FR = 59.999999 fps Duration = 16666667 ; Analog Gain range min 1.000000, max 10.625000; Exposure Range min 13000, max 683709000;

GST_ARGUS: Running with following settings:
   Camera index = 0 
   Camera mode  = 2 
   Output Stream W = 1920 H = 1080 
   seconds to Run    = 0 
   Frame Rate = 29.999999 
GST_ARGUS: Setup Complete, Starting captures for 0 seconds
GST_ARGUS: Starting repeat capture requests.
CONSUMER: Producer has connected; continuing.
[ WARN:0] global ../modules/videoio/src/cap_gstreamer.cpp (935) open OpenCV | GStreamer warning: Cannot query video position: status=0, value=-1, duration=-1
2026-10-06 14:01:52,408 [INFO] main: CSI 카메라 초기화 및 첫 프레임 확인 완료
H264_PROBE_EVENT {"name": "camera_first_frame_ready", "wall_time": 1791262912.4108593, "monotonic": 515399.07107894}
H264_PROBE_EVENT {"name": "vadclip_warmup_start", "wall_time": 1791262912.4111283, "monotonic": 515399.071345095}
2026-10-06 14:01:52,411 [INFO] anomaly_model_trt: VadCLIP 초기화 시작
2026-10-06 14:02:07,037 [INFO] vadclip_adapter_trt: VadCLIP live temporal mapping: FPS=9, window=48 frames (5.333s), sample_indices=[0, 5, 10, 14, 19, 24, 29, 34, 38, 43]
2026-10-06 14:02:39,426 [INFO] vadclip_adapter_trt: VadCLIP checkpoint strict load PASS (349 keys)
[10/06/2026-14:02:55] [TRT] [W] Using an engine plan file across different models of devices is not recommended and is likely to affect performance or even cause errors.
2026-10-06 14:03:01,645 [INFO] vadclip_adapter_trt: TensorRT CLIP visual loaded: /home/hpc/edge_vadclip_2026/trt/clip_visual_vitb16_b1_10_fp16.engine, sha=973557212ba947da9f50eeb2e458cc5cd6e403f83858223f32f6e881071cfb69, profile min=(1, 3, 224, 224) opt=(10, 3, 224, 224) max=(10, 3, 224, 224), crop=5
2026-10-06 14:03:01,646 [INFO] anomaly_model_trt: ✅ AnomalyPipeline(VadCLIP) 초기화 완료
2026-10-06 14:03:01,646 [INFO] anomaly_model_trt: VadCLIP warmup 시작
2026-10-06 14:03:07,829 [INFO] vadclip_adapter_trt: VadCLIP warmup PASS: score=0.001370, feature_buffer reset to 0
2026-10-06 14:03:07,830 [INFO] anomaly_model_trt: VadCLIP warmup 완료: 6183.4ms
H264_PROBE_EVENT {"name": "vadclip_warmup_end", "wall_time": 1791262987.830577, "monotonic": 515474.490795897}
H264_PROBE_EVENT {"name": "h264_prepare_start", "wall_time": 1791262987.8308141, "monotonic": 515474.491030786, "condition": "W"}
2026-10-06 14:03:08,100 [INFO] uploader: h264_persistent_worker_started pid=46334 log=/tmp/h264_preload_compare_20261006/evidence/04_W/h264_worker.log
2026-10-06 14:03:11,679 [INFO] uploader: h264_job_completed pid=46334 mode=persistent output=/tmp/anomaly_clip_h264_7xjynj7k.mp4.partial frames=2 payload_bytes=3110400
2026-10-06 14:03:11,680 [INFO] uploader: h264(HW) 인코딩 완료: frames=2, fps=9, bitrate=600000, size=6037 bytes, elapsed=3.850s
2026-10-06 14:03:11,683 [INFO] uploader: H264 웜업 완료: elapsed=3.852s size=6037
H264_PROBE_EVENT {"name": "h264_prepare_end", "wall_time": 1791262991.6843524, "monotonic": 515478.344570978, "condition": "W", "ok": true}
H264_PROBE_EVENT {"name": "capture_loop_start", "wall_time": 1791262991.6846852, "monotonic": 515478.344902543}
2026-10-06 14:03:11,686 [INFO] main: clip upload worker 시작
2026-10-06 14:03:11,687 [INFO] main: VadCLIP 추론 worker 시작
2026-10-06 14:03:11,688 [INFO] main: 캡처 루프 시작 (FPS=9, 버퍼=81프레임/9초, 추론주기=48프레임/5.33초)
2026-10-06 14:03:12,696 [INFO] main: [진단] 최근 1.0초간 처리프레임=10(목표 9), 밀린시간누적=0ms
2026-10-06 14:03:13,713 [INFO] main: [진단] 최근 1.0초간 처리프레임=9(목표 9), 밀린시간누적=0ms
2026-10-06 14:03:14,823 [INFO] main: [진단] 최근 1.1초간 처리프레임=10(목표 9), 밀린시간누적=0ms
2026-10-06 14:03:15,929 [INFO] main: [진단] 최근 1.1초간 처리프레임=10(목표 9), 밀린시간누적=0ms
2026-10-06 14:03:18,412 [INFO] main: [진단] 최근 2.5초간 처리프레임=9(목표 9), 밀린시간누적=1391ms
H264_PROBE_EVENT {"name": "first_inference_start", "wall_time": 1791262998.4137578, "monotonic": 515485.073976415, "frame_count": 48}
2026-10-06 14:03:19,403 [INFO] anomaly_model_trt: [진단] VadCLIP 추론 total=988.0ms, feature_buffer=10/256, score=0.192840
H264_PROBE_EVENT {"name": "first_inference_end", "wall_time": 1791262999.5457742, "monotonic": 515486.205995122, "score": 0.1928395132223765}
H264_PROBE_EVENT {"name": "score_observed_trigger_blocked", "wall_time": 1791262999.5461624, "monotonic": 515486.206380737, "score": 0.1928395132223765}
2026-10-06 14:03:19,475 [INFO] main: [진단] 최근 1.1초간 처리프레임=9(목표 9), 밀린시간누적=165ms
2026-10-06 14:03:19,968 [INFO] main: CSI 카메라 해제 완료
H264_PROBE_EVENT {"name": "capture_loop_end", "wall_time": 1791263000.052382, "monotonic": 515486.71260198}
2026-10-06 14:03:20,053 [INFO] main: CSI 카메라 해제 완료
GST_ARGUS: Cleaning up
CONSUMER: Done Success
GST_ARGUS: Done Success
