H264_PROBE_EVENT {"name": "camera_open_start", "wall_time": 1791264340.0962722, "monotonic": 516826.756490497}
GST_ARGUS: Creating output stream
CONSUMER: Waiting until producer is connected...
GST_ARGUS: Available Sensor modes :
GST_ARGUS: 3280 x 2464 FR = 21.000000 fps Duration = 47619048 ; Analog Gain range min 1.000000, max 10.625000; Exposure Range min 13000, max 683709000;

GST_ARGUS: 3280 x 1848 FR = 28.000001 fps Duration = 35714284 ; Analog Gain range min 1.000000, max 10.625000; Exposure Range min 13000, max 683709000;

GST_ARGUS: 1920 x 1080 FR = 29.999999 fps Duration = 33333334 ; Analog Gain range min 1.000000, max 10.625000; Exposure Range min 13000, max 683709000;

GST_ARGUS: 1640 x 1232 FR = 29.999999 fps Duration = 33333334 ; Analog Gain range min 1.000000, max 10.625000; Exposure Range min 13000, max 683709000;

GST_ARGUS: 1280 x 720 FR = 59.999999 fps Duration = 16666667 ; Analog Gain range min 1.000000, max 10.625000; Exposure Range min 13000, max 683709000;

GST_ARGUS: Running with following settings:
   Camera index = 0 
   Camera mode  = 2 
   Output Stream W = 1920 H = 1080 
   seconds to Run    = 0 
   Frame Rate = 29.999999 
GST_ARGUS: Setup Complete, Starting captures for 0 seconds
GST_ARGUS: Starting repeat capture requests.
CONSUMER: Producer has connected; continuing.
[ WARN:0] global ../modules/videoio/src/cap_gstreamer.cpp (935) open OpenCV | GStreamer warning: Cannot query video position: status=0, value=-1, duration=-1
2026-10-06 14:25:42,018 [INFO] main: CSI 카메라 초기화 및 첫 프레임 확인 완료
H264_PROBE_EVENT {"name": "camera_first_frame_ready", "wall_time": 1791264342.020269, "monotonic": 516828.68048695}
H264_PROBE_EVENT {"name": "vadclip_warmup_start", "wall_time": 1791264342.0204844, "monotonic": 516828.680700819}
2026-10-06 14:25:42,020 [INFO] anomaly_model_trt: VadCLIP 초기화 시작
2026-10-06 14:25:55,994 [INFO] vadclip_adapter_trt: VadCLIP live temporal mapping: FPS=9, window=48 frames (5.333s), sample_indices=[0, 5, 10, 14, 19, 24, 29, 34, 38, 43]
2026-10-06 14:26:26,676 [INFO] vadclip_adapter_trt: VadCLIP checkpoint strict load PASS (349 keys)
[10/06/2026-14:26:42] [TRT] [W] Using an engine plan file across different models of devices is not recommended and is likely to affect performance or even cause errors.
2026-10-06 14:26:49,791 [INFO] vadclip_adapter_trt: TensorRT CLIP visual loaded: /home/hpc/edge_vadclip_2026/trt/clip_visual_vitb16_b1_10_fp16.engine, sha=973557212ba947da9f50eeb2e458cc5cd6e403f83858223f32f6e881071cfb69, profile min=(1, 3, 224, 224) opt=(10, 3, 224, 224) max=(10, 3, 224, 224), crop=5
2026-10-06 14:26:49,791 [INFO] anomaly_model_trt: ✅ AnomalyPipeline(VadCLIP) 초기화 완료
2026-10-06 14:26:49,792 [INFO] anomaly_model_trt: VadCLIP warmup 시작
2026-10-06 14:27:01,958 [INFO] vadclip_adapter_trt: VadCLIP warmup PASS: score=0.001370, feature_buffer reset to 0
2026-10-06 14:27:01,959 [INFO] anomaly_model_trt: VadCLIP warmup 완료: 12166.9ms
H264_PROBE_EVENT {"name": "vadclip_warmup_end", "wall_time": 1791264421.9593832, "monotonic": 516908.619601382}
H264_PROBE_EVENT {"name": "h264_prepare_start", "wall_time": 1791264421.959597, "monotonic": 516908.619813238, "condition": "W"}
2026-10-06 14:27:02,048 [INFO] uploader: h264_persistent_worker_started pid=47683 log=/tmp/h264_preload_compare_20261006/evidence/08_W/h264_worker.log
2026-10-06 14:27:04,867 [INFO] uploader: h264_job_completed pid=47683 mode=persistent output=/tmp/anomaly_clip_h264_rbjfj59f.mp4.partial frames=2 payload_bytes=3110400
2026-10-06 14:27:04,868 [INFO] uploader: h264(HW) 인코딩 완료: frames=2, fps=9, bitrate=600000, size=6037 bytes, elapsed=2.909s
2026-10-06 14:27:04,871 [INFO] uploader: H264 웜업 완료: elapsed=2.912s size=6037
H264_PROBE_EVENT {"name": "h264_prepare_end", "wall_time": 1791264424.8719926, "monotonic": 516911.532209615, "condition": "W", "ok": true}
H264_PROBE_EVENT {"name": "capture_loop_start", "wall_time": 1791264424.872291, "monotonic": 516911.532507417}
2026-10-06 14:27:04,874 [INFO] main: clip upload worker 시작
2026-10-06 14:27:04,875 [INFO] main: VadCLIP 추론 worker 시작
2026-10-06 14:27:04,875 [INFO] main: 캡처 루프 시작 (FPS=9, 버퍼=81프레임/9초, 추론주기=48프레임/5.33초)
2026-10-06 14:27:05,898 [INFO] main: [진단] 최근 1.0초간 처리프레임=10(목표 9), 밀린시간누적=0ms
2026-10-06 14:27:06,898 [INFO] main: [진단] 최근 1.0초간 처리프레임=9(목표 9), 밀린시간누적=0ms
2026-10-06 14:27:07,905 [INFO] main: [진단] 최근 1.0초간 처리프레임=9(목표 9), 밀린시간누적=0ms
2026-10-06 14:27:09,011 [INFO] main: [진단] 최근 1.1초간 처리프레임=10(목표 9), 밀린시간누적=0ms
2026-10-06 14:27:12,075 [INFO] main: [진단] 최근 3.1초간 처리프레임=10(목표 9), 밀린시간누적=1866ms
H264_PROBE_EVENT {"name": "first_inference_start", "wall_time": 1791264432.0770278, "monotonic": 516918.737245136, "frame_count": 48}
2026-10-06 14:27:13,095 [INFO] main: [진단] 최근 1.0초간 처리프레임=10(목표 9), 밀린시간누적=0ms
2026-10-06 14:27:13,333 [INFO] anomaly_model_trt: [진단] VadCLIP 추론 total=1255.5ms, feature_buffer=10/256, score=0.173703
H264_PROBE_EVENT {"name": "first_inference_end", "wall_time": 1791264433.3343205, "monotonic": 516919.994537723, "score": 0.1737032284339269}
H264_PROBE_EVENT {"name": "score_observed_trigger_blocked", "wall_time": 1791264433.3345573, "monotonic": 516919.994773322, "score": 0.1737032284339269}
2026-10-06 14:27:13,789 [INFO] main: CSI 카메라 해제 완료
H264_PROBE_EVENT {"name": "capture_loop_end", "wall_time": 1791264433.8619378, "monotonic": 516920.522156304}
2026-10-06 14:27:13,862 [INFO] main: CSI 카메라 해제 완료
GST_ARGUS: Cleaning up
CONSUMER: Done Success
GST_ARGUS: Done Success
