09-27-2026 08:01:03 RAM 4520/6833MB (lfb 22x4MB) SWAP 1066/3416MB (cached 0MB) CPU [10%@1420,10%@1420,3%@1420,81%@1420,5%@1420,5%@1420] EMC_FREQ 0% GR3D_FREQ 0% AUX@44C CPU@45C thermal@44.3C AO@44C GPU@44C PMIC@50C
09-27-2026 08:01:04 RAM 4539/6833MB (lfb 22x4MB) SWAP 1066/3416MB (cached 0MB) CPU [16%@1420,13%@1420,50%@1420,49%@1420,19%@1420,18%@1420] EMC_FREQ 0% GR3D_FREQ 0% AUX@44C CPU@45.5C thermal@44.45C AO@44C GPU@44C PMIC@50C
09-27-2026 08:01:05 RAM 4559/6833MB (lfb 11x4MB) SWAP 1066/3416MB (cached 0MB) CPU [100%@1420,100%@1420,99%@1420,100%@1420,99%@1420,100%@1420] EMC_FREQ 0% GR3D_FREQ 35% AUX@44C CPU@45.5C thermal@44.45C AO@44C GPU@44C PMIC@50C
09-27-2026 08:01:06 RAM 4622/6833MB (lfb 11x4MB) SWAP 1066/3416MB (cached 0MB) CPU [100%@1420,100%@1420,100%@1420,100%@1420,100%@1420,100%@1420] EMC_FREQ 0% GR3D_FREQ 0% AUX@44C CPU@46C thermal@44.75C AO@44C GPU@44.5C PMIC@50C
09-27-2026 08:01:07 RAM 4676/6833MB (lfb 11x4MB) SWAP 1066/3416MB (cached 0MB) CPU [99%@1420,100%@1420,100%@1420,100%@1420,100%@1420,100%@1420] EMC_FREQ 0% GR3D_FREQ 0% AUX@44C CPU@46C thermal@44.6C AO@44C GPU@44C PMIC@50C
09-27-2026 08:01:08 RAM 4719/6833MB (lfb 11x4MB) SWAP 1066/3416MB (cached 0MB) CPU [95%@1420,95%@1420,100%@1420,95%@1420,97%@1420,95%@1420] EMC_FREQ 0% GR3D_FREQ 0% AUX@44.5C CPU@46C thermal@44.9C AO@44C GPU@44.5C PMIC@50C
09-27-2026 08:01:09 RAM 4764/6833MB (lfb 11x4MB) SWAP 1066/3416MB (cached 0MB) CPU [20%@1420,12%@1420,72%@1420,14%@1420,27%@1420,20%@1420] EMC_FREQ 0% GR3D_FREQ 0% AUX@44C CPU@45.5C thermal@44.6C AO@44C GPU@44C PMIC@50C
09-27-2026 08:01:10 RAM 4755/6833MB (lfb 11x4MB) SWAP 1066/3416MB (cached 0MB) CPU [15%@1420,24%@1420,25%@1420,10%@1420,31%@1420,17%@1420] EMC_FREQ 0% GR3D_FREQ 0% AUX@44C CPU@45C thermal@44.3C AO@44C GPU@44C PMIC@50C
09-27-2026 08:01:11 RAM 4764/6833MB (lfb 20x4MB) SWAP 1066/3416MB (cached 0MB) CPU [29%@1420,36%@1420,52%@1420,34%@1420,44%@1420,22%@1420] EMC_FREQ 0% GR3D_FREQ 0% AUX@44C CPU@45C thermal@45.05C AO@44C GPU@44.5C PMIC@50C
09-27-2026 08:01:12 RAM 4765/6833MB (lfb 20x4MB) SWAP 1066/3416MB (cached 0MB) CPU [14%@1420,31%@1420,8%@1420,39%@1420,13%@1420,14%@1420] EMC_FREQ 0% GR3D_FREQ 0% AUX@44C CPU@45C thermal@44.3C AO@44C GPU@44C PMIC@50C
09-27-2026 08:01:13 RAM 4761/6833MB (lfb 20x4MB) SWAP 1066/3416MB (cached 0MB) CPU [19%@1190,27%@1420,50%@1420,12%@1420,12%@1420,18%@1420] EMC_FREQ 0% GR3D_FREQ 0% AUX@44C CPU@45C thermal@44.3C AO@44C GPU@44.5C PMIC@50C
09-27-2026 08:01:14 RAM 4769/6833MB (lfb 20x4MB) SWAP 1066/3416MB (cached 0MB) CPU [18%@1420,36%@1420,36%@1420,27%@1420,14%@1420,18%@1420] EMC_FREQ 0% GR3D_FREQ 0% AUX@44C CPU@45.5C thermal@44.3C AO@44C GPU@44.5C PMIC@50C
09-27-2026 08:01:15 RAM 4762/6833MB (lfb 20x4MB) SWAP 1066/3416MB (cached 0MB) CPU [16%@1420,38%@1420,5%@1420,24%@1420,10%@1420,14%@1420] EMC_FREQ 0% GR3D_FREQ 0% AUX@44C CPU@45.5C thermal@44.6C AO@44C GPU@44C PMIC@50C
09-27-2026 08:01:16 RAM 4767/6833MB (lfb 9x4MB) SWAP 1066/3416MB (cached 0MB) CPU [49%@1420,29%@1420,17%@1344,15%@1344,27%@1344,38%@1344] EMC_FREQ 0% GR3D_FREQ 47% AUX@44C CPU@45.5C thermal@44.45C AO@44C GPU@46C PMIC@50C
09-27-2026 08:01:17 RAM 4772/6833MB (lfb 9x4MB) SWAP 1066/3416MB (cached 0MB) CPU [38%@1420,24%@1420,10%@1420,27%@1420,11%@1420,13%@1420] EMC_FREQ 0% GR3D_FREQ 0% AUX@44C CPU@45.5C thermal@44.6C AO@44C GPU@44C PMIC@50C
09-27-2026 08:01:18 RAM 4768/6833MB (lfb 9x4MB) SWAP 1066/3416MB (cached 0MB) CPU [20%@1420,26%@1420,20%@1420,24%@1420,14%@1420,15%@1420] EMC_FREQ 0% GR3D_FREQ 0% AUX@44C CPU@45.5C thermal@44.6C AO@44C GPU@44.5C PMIC@50C
09-27-2026 08:01:19 RAM 4769/6833MB (lfb 9x4MB) SWAP 1066/3416MB (cached 0MB) CPU [48%@1420,11%@1420,34%@1420,43%@1420,22%@1420,18%@1420] EMC_FREQ 0% GR3D_FREQ 0% AUX@44C CPU@45.5C thermal@44.45C AO@43.5C GPU@44C PMIC@50C
09-27-2026 08:01:20 RAM 4772/6833MB (lfb 9x4MB) SWAP 1066/3416MB (cached 0MB) CPU [8%@1420,13%@1420,27%@1420,6%@1420,45%@1420,23%@1420] EMC_FREQ 0% GR3D_FREQ 0% AUX@44C CPU@45C thermal@44.45C AO@44C GPU@44C PMIC@50C
09-27-2026 08:01:21 RAM 4983/6833MB (lfb 39x1MB) SWAP 1066/3416MB (cached 0MB) CPU [17%@1420,27%@1420,18%@1420,14%@1420,45%@1420,16%@1420] EMC_FREQ 0% GR3D_FREQ 0% AUX@44C CPU@45C thermal@44.3C AO@44C GPU@44C PMIC@50C
09-27-2026 08:01:22 RAM 4773/6833MB (lfb 20x4MB) SWAP 1066/3416MB (cached 0MB) CPU [20%@1190,18%@1190,51%@1190,37%@1190,48%@1190,26%@1190] EMC_FREQ 0% GR3D_FREQ 0% AUX@44C CPU@45C thermal@44.45C AO@44C GPU@44.5C PMIC@50C
09-27-2026 08:01:23 RAM 4773/6833MB (lfb 20x4MB) SWAP 1066/3416MB (cached 0MB) CPU [9%@1420,42%@1420,30%@1420,10%@1420,15%@1420,9%@1420] EMC_FREQ 0% GR3D_FREQ 0% AUX@44C CPU@45C thermal@44.3C AO@44C GPU@44C PMIC@50C
09-27-2026 08:01:24 RAM 4773/6833MB (lfb 20x4MB) SWAP 1066/3416MB (cached 0MB) CPU [21%@1420,18%@1420,46%@1420,25%@1420,22%@1420,23%@1420] EMC_FREQ 0% GR3D_FREQ 0% AUX@44C CPU@45C thermal@44.3C AO@44C GPU@44C PMIC@50C
09-27-2026 08:01:25 RAM 4777/6833MB (lfb 20x4MB) SWAP 1066/3416MB (cached 0MB) CPU [22%@1420,14%@1420,16%@1420,20%@1420,50%@1420,24%@1420] EMC_FREQ 0% GR3D_FREQ 0% AUX@44C CPU@45C thermal@44.3C AO@44C GPU@44C PMIC@50C
09-27-2026 08:01:26 RAM 4772/6833MB (lfb 20x4MB) SWAP 1066/3416MB (cached 0MB) CPU [17%@1420,11%@1420,22%@1420,9%@1420,50%@1420,6%@1420] EMC_FREQ 0% GR3D_FREQ 0% AUX@44C CPU@45C thermal@44.6C AO@44C GPU@44C PMIC@50C
09-27-2026 08:01:27 RAM 4774/6833MB (lfb 9x4MB) SWAP 1066/3416MB (cached 0MB) CPU [20%@1420,31%@1420,18%@1420,47%@1420,67%@1420,15%@1420] EMC_FREQ 0% GR3D_FREQ 99% AUX@44C CPU@45C thermal@44.3C AO@44C GPU@46C PMIC@50C
09-27-2026 08:01:28 RAM 4778/6833MB (lfb 9x4MB) SWAP 1066/3416MB (cached 0MB) CPU [15%@1420,23%@1420,30%@1420,37%@1420,10%@1420,10%@1420] EMC_FREQ 0% GR3D_FREQ 0% AUX@44C CPU@45.5C thermal@44.45C AO@44C GPU@44C PMIC@50C
09-27-2026 08:01:29 RAM 4771/6833MB (lfb 9x4MB) SWAP 1066/3416MB (cached 0MB) CPU [28%@1420,10%@1420,45%@1420,16%@1420,22%@1420,9%@1420] EMC_FREQ 0% GR3D_FREQ 0% AUX@44C CPU@45C thermal@44.3C AO@44C GPU@44C PMIC@50C
09-27-2026 08:01:30 RAM 4775/6833MB (lfb 9x4MB) SWAP 1066/3416MB (cached 0MB) CPU [28%@1420,17%@1420,63%@1420,18%@1420,18%@1420,17%@1420] EMC_FREQ 0% GR3D_FREQ 0% AUX@44C CPU@45C thermal@44.45C AO@44C GPU@44C PMIC@50C
09-27-2026 08:01:31 RAM 4777/6833MB (lfb 9x4MB) SWAP 1066/3416MB (cached 0MB) CPU [44%@1420,7%@1420,25%@1420,12%@1420,15%@1420,10%@1420] EMC_FREQ 0% GR3D_FREQ 0% AUX@44C CPU@45C thermal@44.45C AO@44C GPU@44.5C PMIC@50C
09-27-2026 08:01:32 RAM 4977/6833MB (lfb 2x4MB) SWAP 1066/3416MB (cached 0MB) CPU [30%@1420,24%@1420,17%@1420,17%@1420,21%@1420,15%@1420] EMC_FREQ 0% GR3D_FREQ 0% AUX@44C CPU@45C thermal@44.3C AO@43.5C GPU@44C PMIC@50C
09-27-2026 08:01:33 RAM 4775/6833MB (lfb 20x4MB) SWAP 1066/3416MB (cached 0MB) CPU [47%@1420,34%@1420,43%@1420,25%@1420,17%@1420,29%@1420] EMC_FREQ 0% GR3D_FREQ 0% AUX@44C CPU@45.5C thermal@44.6C AO@44C GPU@44.5C PMIC@50C
09-27-2026 08:01:34 RAM 4779/6833MB (lfb 20x4MB) SWAP 1066/3416MB (cached 0MB) CPU [37%@1420,35%@1420,5%@1420,5%@1420,16%@1420,17%@1420] EMC_FREQ 0% GR3D_FREQ 0% AUX@44C CPU@45C thermal@44.6C AO@44C GPU@44.5C PMIC@50C
09-27-2026 08:01:35 RAM 4776/6833MB (lfb 20x4MB) SWAP 1066/3416MB (cached 0MB) CPU [33%@1190,28%@1190,15%@1190,9%@1190,34%@1420,12%@1420] EMC_FREQ 0% GR3D_FREQ 0% AUX@44C CPU@45C thermal@44.45C AO@44C GPU@44C PMIC@50C
09-27-2026 08:01:36 RAM 4779/6833MB (lfb 20x4MB) SWAP 1066/3416MB (cached 0MB) CPU [29%@1420,65%@1420,17%@1420,13%@1420,16%@1420,17%@1420] EMC_FREQ 0% GR3D_FREQ 0% AUX@44C CPU@45C thermal@44.3C AO@44C GPU@44C PMIC@50C
09-27-2026 08:01:37 RAM 4779/6833MB (lfb 20x4MB) SWAP 1066/3416MB (cached 0MB) CPU [40%@1420,9%@1420,5%@1420,36%@1420,13%@1420,10%@1420] EMC_FREQ 0% GR3D_FREQ 0% AUX@44C CPU@45C thermal@44.3C AO@43.5C GPU@44C PMIC@50C
09-27-2026 08:01:38 RAM 4773/6833MB (lfb 9x4MB) SWAP 1066/3416MB (cached 0MB) CPU [17%@1420,19%@1190,31%@1190,45%@1190,28%@1190,44%@1190] EMC_FREQ 0% GR3D_FREQ 99% AUX@44C CPU@45C thermal@44.15C AO@44C GPU@44.5C PMIC@50C
09-27-2026 08:01:39 RAM 4777/6833MB (lfb 9x4MB) SWAP 1066/3416MB (cached 0MB) CPU [26%@1420,37%@1420,36%@1420,26%@1420,15%@1420,19%@1420] EMC_FREQ 0% GR3D_FREQ 0% AUX@44C CPU@45.5C thermal@44.45C AO@44C GPU@44C PMIC@50C
09-27-2026 08:01:40 RAM 4619/6833MB (lfb 9x4MB) SWAP 1066/3416MB (cached 0MB) CPU [49%@1420,9%@1420,9%@1420,7%@1420,19%@1420,22%@1420] EMC_FREQ 0% GR3D_FREQ 0% AUX@44C CPU@45C thermal@44.3C AO@44C GPU@44C PMIC@50C
