H264_PROBE_EVENT {"name": "camera_open_start", "wall_time": 1791264604.2446651, "monotonic": 517090.904883781}
GST_ARGUS: Creating output stream
CONSUMER: Waiting until producer is connected...
GST_ARGUS: Available Sensor modes :
GST_ARGUS: 3280 x 2464 FR = 21.000000 fps Duration = 47619048 ; Analog Gain range min 1.000000, max 10.625000; Exposure Range min 13000, max 683709000;

GST_ARGUS: 3280 x 1848 FR = 28.000001 fps Duration = 35714284 ; Analog Gain range min 1.000000, max 10.625000; Exposure Range min 13000, max 683709000;

GST_ARGUS: 1920 x 1080 FR = 29.999999 fps Duration = 33333334 ; Analog Gain range min 1.000000, max 10.625000; Exposure Range min 13000, max 683709000;

GST_ARGUS: 1640 x 1232 FR = 29.999999 fps Duration = 33333334 ; Analog Gain range min 1.000000, max 10.625000; Exposure Range min 13000, max 683709000;

GST_ARGUS: 1280 x 720 FR = 59.999999 fps Duration = 16666667 ; Analog Gain range min 1.000000, max 10.625000; Exposure Range min 13000, max 683709000;

GST_ARGUS: Running with following settings:
   Camera index = 0 
   Camera mode  = 2 
   Output Stream W = 1920 H = 1080 
   seconds to Run    = 0 
   Frame Rate = 29.999999 
GST_ARGUS: Setup Complete, Starting captures for 0 seconds
GST_ARGUS: Starting repeat capture requests.
CONSUMER: Producer has connected; continuing.
[ WARN:0] global ../modules/videoio/src/cap_gstreamer.cpp (935) open OpenCV | GStreamer warning: Cannot query video position: status=0, value=-1, duration=-1
2026-10-06 14:30:06,044 [INFO] main: CSI 카메라 초기화 및 첫 프레임 확인 완료
H264_PROBE_EVENT {"name": "camera_first_frame_ready", "wall_time": 1791264606.0459108, "monotonic": 517092.706128375}
H264_PROBE_EVENT {"name": "vadclip_warmup_start", "wall_time": 1791264606.0461526, "monotonic": 517092.706368684}
2026-10-06 14:30:06,046 [INFO] anomaly_model_trt: VadCLIP 초기화 시작
2026-10-06 14:30:19,756 [INFO] vadclip_adapter_trt: VadCLIP live temporal mapping: FPS=9, window=48 frames (5.333s), sample_indices=[0, 5, 10, 14, 19, 24, 29, 34, 38, 43]
2026-10-06 14:30:47,679 [INFO] vadclip_adapter_trt: VadCLIP checkpoint strict load PASS (349 keys)
[10/06/2026-14:31:02] [TRT] [W] Using an engine plan file across different models of devices is not recommended and is likely to affect performance or even cause errors.
2026-10-06 14:31:08,660 [INFO] vadclip_adapter_trt: TensorRT CLIP visual loaded: /home/hpc/edge_vadclip_2026/trt/clip_visual_vitb16_b1_10_fp16.engine, sha=973557212ba947da9f50eeb2e458cc5cd6e403f83858223f32f6e881071cfb69, profile min=(1, 3, 224, 224) opt=(10, 3, 224, 224) max=(10, 3, 224, 224), crop=5
2026-10-06 14:31:08,660 [INFO] anomaly_model_trt: ✅ AnomalyPipeline(VadCLIP) 초기화 완료
2026-10-06 14:31:08,661 [INFO] anomaly_model_trt: VadCLIP warmup 시작
2026-10-06 14:31:19,214 [INFO] vadclip_adapter_trt: VadCLIP warmup PASS: score=0.001370, feature_buffer reset to 0
2026-10-06 14:31:19,215 [INFO] anomaly_model_trt: VadCLIP warmup 완료: 10553.8ms
H264_PROBE_EVENT {"name": "vadclip_warmup_end", "wall_time": 1791264679.215251, "monotonic": 517165.875468371}
H264_PROBE_EVENT {"name": "h264_prepare_start", "wall_time": 1791264679.2154605, "monotonic": 517165.87567697, "condition": "W"}
2026-10-06 14:31:19,312 [INFO] uploader: h264_persistent_worker_started pid=48002 log=/tmp/h264_preload_compare_20261006/evidence/09_W/h264_worker.log
2026-10-06 14:31:20,844 [INFO] uploader: h264_job_completed pid=48002 mode=persistent output=/tmp/anomaly_clip_h264_gl57wss1.mp4.partial frames=2 payload_bytes=3110400
2026-10-06 14:31:20,844 [INFO] uploader: h264(HW) 인코딩 완료: frames=2, fps=9, bitrate=600000, size=6037 bytes, elapsed=1.629s
2026-10-06 14:31:20,847 [INFO] uploader: H264 웜업 완료: elapsed=1.631s size=6037
H264_PROBE_EVENT {"name": "h264_prepare_end", "wall_time": 1791264680.8477137, "monotonic": 517167.507930364, "condition": "W", "ok": true}
H264_PROBE_EVENT {"name": "capture_loop_start", "wall_time": 1791264680.8481002, "monotonic": 517167.508316716}
2026-10-06 14:31:20,850 [INFO] main: clip upload worker 시작
2026-10-06 14:31:20,851 [INFO] main: VadCLIP 추론 worker 시작
2026-10-06 14:31:20,851 [INFO] main: 캡처 루프 시작 (FPS=9, 버퍼=81프레임/9초, 추론주기=48프레임/5.33초)
2026-10-06 14:31:21,861 [INFO] main: [진단] 최근 1.0초간 처리프레임=10(목표 9), 밀린시간누적=0ms
2026-10-06 14:31:22,874 [INFO] main: [진단] 최근 1.0초간 처리프레임=9(목표 9), 밀린시간누적=0ms
2026-10-06 14:31:23,876 [INFO] main: [진단] 최근 1.0초간 처리프레임=9(목표 9), 밀린시간누적=0ms
2026-10-06 14:31:24,976 [INFO] main: [진단] 최근 1.1초간 처리프레임=10(목표 9), 밀린시간누적=0ms
2026-10-06 14:31:25,981 [INFO] main: [진단] 최근 1.0초간 처리프레임=9(목표 9), 밀린시간누적=0ms
2026-10-06 14:31:27,497 [INFO] main: [진단] 최근 1.5초간 처리프레임=1(목표 9), 밀린시간누적=1312ms
H264_PROBE_EVENT {"name": "first_inference_start", "wall_time": 1791264687.4984233, "monotonic": 517174.15864139, "frame_count": 48}
2026-10-06 14:31:28,381 [INFO] anomaly_model_trt: [진단] VadCLIP 추론 total=881.8ms, feature_buffer=10/256, score=0.184754
H264_PROBE_EVENT {"name": "first_inference_end", "wall_time": 1791264688.3821762, "monotonic": 517175.042393449, "score": 0.18475352227687836}
H264_PROBE_EVENT {"name": "score_observed_trigger_blocked", "wall_time": 1791264688.3824291, "monotonic": 517175.042645247, "score": 0.18475352227687836}
2026-10-06 14:31:28,702 [INFO] main: CSI 카메라 해제 완료
H264_PROBE_EVENT {"name": "capture_loop_end", "wall_time": 1791264688.768919, "monotonic": 517175.429137471}
2026-10-06 14:31:28,769 [INFO] main: CSI 카메라 해제 완료
GST_ARGUS: Cleaning up
CONSUMER: Done Success
GST_ARGUS: Done Success
