09-27-2026 08:46:48 RAM 4550/6833MB (lfb 12x4MB) SWAP 1075/3416MB (cached 0MB) CPU [12%@1420,14%@1420,5%@1420,100%@1420,83%@1420,7%@1420] EMC_FREQ 0% GR3D_FREQ 0% AUX@45.5C CPU@46.5C thermal@45.8C AO@45.5C GPU@45.5C PMIC@50C
09-27-2026 08:46:49 RAM 4554/6833MB (lfb 27x4MB) SWAP 1075/3416MB (cached 0MB) CPU [14%@1420,11%@1420,8%@1420,100%@1420,36%@1420,62%@1420] EMC_FREQ 0% GR3D_FREQ 0% AUX@45.5C CPU@46.5C thermal@45.8C AO@45.5C GPU@46C PMIC@50C
09-27-2026 08:46:50 RAM 4581/6833MB (lfb 27x4MB) SWAP 1075/3416MB (cached 0MB) CPU [65%@1420,64%@1420,64%@1420,100%@1420,62%@1420,98%@1420] EMC_FREQ 0% GR3D_FREQ 0% AUX@45.5C CPU@47.5C thermal@45.95C AO@45.5C GPU@45.5C PMIC@50C
09-27-2026 08:46:51 RAM 4599/6833MB (lfb 27x4MB) SWAP 1075/3416MB (cached 0MB) CPU [98%@1420,100%@1420,100%@1420,100%@1420,100%@1420,100%@1420] EMC_FREQ 0% GR3D_FREQ 0% AUX@45.5C CPU@47.5C thermal@46.1C AO@45.5C GPU@45.5C PMIC@50C
09-27-2026 08:46:52 RAM 4652/6833MB (lfb 27x4MB) SWAP 1075/3416MB (cached 0MB) CPU [98%@1420,100%@1420,100%@1420,100%@1420,100%@1420,100%@1420] EMC_FREQ 0% GR3D_FREQ 0% AUX@45.5C CPU@47.5C thermal@46.1C AO@45.5C GPU@45.5C PMIC@50C
09-27-2026 08:46:53 RAM 4699/6833MB (lfb 27x4MB) SWAP 1075/3416MB (cached 0MB) CPU [100%@1420,100%@1420,100%@1420,100%@1420,100%@1420,100%@1420] EMC_FREQ 0% GR3D_FREQ 0% AUX@45.5C CPU@47.5C thermal@46.3C AO@46C GPU@45.5C PMIC@50C
09-27-2026 08:46:54 RAM 4969/6833MB (lfb 15x4MB) SWAP 1075/3416MB (cached 0MB) CPU [100%@1420,100%@1420,99%@1420,100%@1420,100%@1420,100%@1420] EMC_FREQ 0% GR3D_FREQ 0% AUX@45.5C CPU@47C thermal@45.95C AO@45.5C GPU@45.5C PMIC@50C
09-27-2026 08:46:55 RAM 4757/6833MB (lfb 11x4MB) SWAP 1075/3416MB (cached 0MB) CPU [29%@1420,30%@1420,22%@1420,90%@1420,100%@1420,29%@1420] EMC_FREQ 0% GR3D_FREQ 0% AUX@46C CPU@47C thermal@45.95C AO@45.5C GPU@45.5C PMIC@50C
09-27-2026 08:46:56 RAM 4757/6833MB (lfb 11x4MB) SWAP 1075/3416MB (cached 0MB) CPU [12%@1420,8%@1420,7%@1420,100%@1420,100%@1420,5%@1420] EMC_FREQ 0% GR3D_FREQ 0% AUX@45.5C CPU@47C thermal@45.95C AO@45.5C GPU@45.5C PMIC@50C
09-27-2026 08:46:57 RAM 4758/6833MB (lfb 11x4MB) SWAP 1075/3416MB (cached 0MB) CPU [12%@1420,9%@1420,18%@1420,59%@1420,100%@1420,7%@1420] EMC_FREQ 0% GR3D_FREQ 0% AUX@45.5C CPU@47C thermal@45.8C AO@45.5C GPU@45.5C PMIC@50C
09-27-2026 08:46:58 RAM 4756/6833MB (lfb 11x4MB) SWAP 1075/3416MB (cached 0MB) CPU [14%@1420,8%@1420,2%@1420,100%@1420,100%@1420,6%@1420] EMC_FREQ 0% GR3D_FREQ 0% AUX@45.5C CPU@47C thermal@45.8C AO@45.5C GPU@45.5C PMIC@50C
09-27-2026 08:46:59 RAM 4758/6833MB (lfb 11x4MB) SWAP 1075/3416MB (cached 0MB) CPU [14%@1420,11%@1420,3%@1420,83%@1420,100%@1420,6%@1420] EMC_FREQ 0% GR3D_FREQ 0% AUX@45.5C CPU@46.5C thermal@45.8C AO@45.5C GPU@45C PMIC@50C
09-27-2026 08:47:00 RAM 4756/6833MB (lfb 27x4MB) SWAP 1075/3416MB (cached 0MB) CPU [24%@1420,25%@1420,7%@1420,65%@1420,100%@1420,8%@1420] EMC_FREQ 0% GR3D_FREQ 0% AUX@45.5C CPU@46.5C thermal@45.8C AO@45.5C GPU@45.5C PMIC@50C
09-27-2026 08:47:01 RAM 4756/6833MB (lfb 27x4MB) SWAP 1075/3416MB (cached 0MB) CPU [12%@1420,10%@1420,4%@1420,100%@1420,100%@1420,7%@1420] EMC_FREQ 0% GR3D_FREQ 0% AUX@45.5C CPU@47C thermal@45.8C AO@45.5C GPU@45.5C PMIC@50C
09-27-2026 08:47:02 RAM 4757/6833MB (lfb 27x4MB) SWAP 1075/3416MB (cached 0MB) CPU [12%@1420,10%@1420,41%@1420,48%@1420,71%@1420,5%@1420] EMC_FREQ 0% GR3D_FREQ 0% AUX@45.5C CPU@46.5C thermal@45.8C AO@45C GPU@45.5C PMIC@50C
09-27-2026 08:47:03 RAM 4758/6833MB (lfb 27x4MB) SWAP 1075/3416MB (cached 0MB) CPU [92%@1420,7%@1420,100%@1420,9%@1420,14%@1420,7%@1420] EMC_FREQ 0% GR3D_FREQ 0% AUX@45.5C CPU@46.5C thermal@45.8C AO@45.5C GPU@45.5C PMIC@50C
09-27-2026 08:47:04 RAM 4758/6833MB (lfb 27x4MB) SWAP 1075/3416MB (cached 0MB) CPU [89%@1420,8%@1420,100%@1420,9%@1420,3%@1420,5%@1420] EMC_FREQ 0% GR3D_FREQ 0% AUX@45.5C CPU@46.5C thermal@45.8C AO@45.5C GPU@45C PMIC@50C
09-27-2026 08:47:05 RAM 4757/6833MB (lfb 11x4MB) SWAP 1075/3416MB (cached 0MB) CPU [16%@1420,33%@1420,100%@1420,3%@1420,60%@1420,9%@1420] EMC_FREQ 0% GR3D_FREQ 99% AUX@45.5C CPU@46.5C thermal@45.65C AO@45.5C GPU@47.5C PMIC@50C
09-27-2026 08:47:06 RAM 4757/6833MB (lfb 11x4MB) SWAP 1075/3416MB (cached 0MB) CPU [12%@1420,17%@1420,100%@1420,3%@1420,100%@1420,6%@1420] EMC_FREQ 0% GR3D_FREQ 0% AUX@45.5C CPU@46.5C thermal@45.95C AO@45.5C GPU@45.5C PMIC@50C
09-27-2026 08:47:07 RAM 4757/6833MB (lfb 11x4MB) SWAP 1075/3416MB (cached 0MB) CPU [13%@1420,9%@1420,100%@1420,3%@1420,61%@1420,5%@1420] EMC_FREQ 0% GR3D_FREQ 0% AUX@45.5C CPU@46.5C thermal@45.8C AO@45.5C GPU@45.5C PMIC@50C
09-27-2026 08:47:08 RAM 4756/6833MB (lfb 11x4MB) SWAP 1075/3416MB (cached 0MB) CPU [17%@1420,9%@1420,100%@1420,4%@1420,100%@1420,6%@1420] EMC_FREQ 0% GR3D_FREQ 0% AUX@45.5C CPU@46.5C thermal@45.8C AO@45.5C GPU@45.5C PMIC@50C
09-27-2026 08:47:09 RAM 4756/6833MB (lfb 11x4MB) SWAP 1075/3416MB (cached 0MB) CPU [13%@1420,10%@1420,100%@1420,5%@1420,96%@1420,6%@1420] EMC_FREQ 0% GR3D_FREQ 0% AUX@45.5C CPU@46.5C thermal@45.8C AO@45.5C GPU@45.5C PMIC@50C
09-27-2026 08:47:10 RAM 4845/6833MB (lfb 11x4MB) SWAP 1075/3416MB (cached 0MB) CPU [9%@1420,59%@1420,50%@1420,19%@1420,58%@1420,12%@1420] EMC_FREQ 0% GR3D_FREQ 0% AUX@45.5C CPU@46.5C thermal@45.8C AO@45.5C GPU@45.5C PMIC@50C
09-27-2026 08:47:11 RAM 4810/6833MB (lfb 27x4MB) SWAP 1075/3416MB (cached 0MB) CPU [36%@1420,71%@1420,35%@1420,33%@1420,100%@1420,18%@1420] EMC_FREQ 0% GR3D_FREQ 0% AUX@45.5C CPU@46.5C thermal@45.65C AO@45.5C GPU@45.5C PMIC@50C
09-27-2026 08:47:12 RAM 4804/6833MB (lfb 27x4MB) SWAP 1075/3416MB (cached 0MB) CPU [19%@1420,14%@1420,12%@1420,54%@1420,100%@1420,13%@1420] EMC_FREQ 0% GR3D_FREQ 0% AUX@45.5C CPU@46.5C thermal@45.8C AO@45C GPU@45.5C PMIC@50C
09-27-2026 08:47:13 RAM 4802/6833MB (lfb 27x4MB) SWAP 1075/3416MB (cached 0MB) CPU [12%@1420,9%@1420,6%@1420,100%@1420,100%@1420,7%@1420] EMC_FREQ 0% GR3D_FREQ 0% AUX@45.5C CPU@46.5C thermal@45.8C AO@45C GPU@45.5C PMIC@50C
09-27-2026 08:47:14 RAM 4803/6833MB (lfb 27x4MB) SWAP 1075/3416MB (cached 0MB) CPU [12%@1420,9%@1420,4%@1420,82%@1420,100%@1420,6%@1420] EMC_FREQ 0% GR3D_FREQ 0% AUX@45.5C CPU@46.5C thermal@45.8C AO@45C GPU@45.5C PMIC@50C
09-27-2026 08:47:15 RAM 4810/6833MB (lfb 27x4MB) SWAP 1075/3416MB (cached 0MB) CPU [17%@1420,24%@1420,9%@1420,22%@1420,100%@1420,6%@1420] EMC_FREQ 0% GR3D_FREQ 0% AUX@45.5C CPU@46.5C thermal@45.65C AO@45C GPU@45C PMIC@50C
09-27-2026 08:47:16 RAM 4810/6833MB (lfb 16x4MB) SWAP 1075/3416MB (cached 0MB) CPU [26%@1420,22%@1420,23%@1420,58%@1420,100%@1420,15%@1420] EMC_FREQ 0% GR3D_FREQ 99% AUX@45.5C CPU@46.5C thermal@45.65C AO@45.5C GPU@46C PMIC@50C
09-27-2026 08:47:17 RAM 4809/6833MB (lfb 16x4MB) SWAP 1075/3416MB (cached 0MB) CPU [32%@1420,27%@1420,29%@1420,51%@1420,95%@1420,29%@1420] EMC_FREQ 0% GR3D_FREQ 0% AUX@45.5C CPU@46.5C thermal@45.6C AO@45C GPU@45.5C PMIC@50C
09-27-2026 08:47:18 RAM 4816/6833MB (lfb 16x4MB) SWAP 1075/3416MB (cached 0MB) CPU [19%@1420,26%@1420,33%@1420,26%@1420,100%@1420,10%@1420] EMC_FREQ 0% GR3D_FREQ 0% AUX@45.5C CPU@47C thermal@45.6C AO@45C GPU@45.5C PMIC@50C
09-27-2026 08:47:19 RAM 4816/6833MB (lfb 16x4MB) SWAP 1075/3416MB (cached 0MB) CPU [21%@1420,18%@1420,17%@1420,46%@1420,100%@1420,14%@1420] EMC_FREQ 0% GR3D_FREQ 0% AUX@45.5C CPU@46.5C thermal@45.95C AO@45.5C GPU@45.5C PMIC@50C
09-27-2026 08:47:20 RAM 4813/6833MB (lfb 16x4MB) SWAP 1075/3416MB (cached 0MB) CPU [23%@1420,11%@1420,32%@1420,30%@1420,100%@1420,22%@1420] EMC_FREQ 0% GR3D_FREQ 0% AUX@45.5C CPU@46.5C thermal@45.8C AO@45C GPU@45C PMIC@50C
09-27-2026 08:47:21 RAM 4813/6833MB (lfb 16x4MB) SWAP 1075/3416MB (cached 0MB) CPU [64%@1420,17%@1420,33%@1420,27%@1420,85%@1420,28%@1420] EMC_FREQ 0% GR3D_FREQ 0% AUX@45.5C CPU@46.5C thermal@45.65C AO@45C GPU@45C PMIC@50C
09-27-2026 08:47:22 RAM 4809/6833MB (lfb 21x4MB) SWAP 1075/3416MB (cached 0MB) CPU [100%@1420,17%@1420,76%@1420,18%@1420,24%@1420,23%@1420] EMC_FREQ 0% GR3D_FREQ 0% AUX@45.5C CPU@46.5C thermal@45.65C AO@45.5C GPU@45.5C PMIC@50C
09-27-2026 08:47:23 RAM 4810/6833MB (lfb 21x4MB) SWAP 1075/3416MB (cached 0MB) CPU [43%@1420,12%@1420,100%@1420,7%@1420,65%@1420,17%@1420] EMC_FREQ 0% GR3D_FREQ 0% AUX@45.5C CPU@46.5C thermal@45.8C AO@45.5C GPU@45.5C PMIC@50C
09-27-2026 08:47:24 RAM 4810/6833MB (lfb 21x4MB) SWAP 1075/3416MB (cached 0MB) CPU [10%@1420,8%@1420,50%@1420,3%@1420,100%@1420,9%@1420] EMC_FREQ 0% GR3D_FREQ 0% AUX@45.5C CPU@46.5C thermal@45.6C AO@45C GPU@45.5C PMIC@50C
09-27-2026 08:47:25 RAM 4814/6833MB (lfb 18x4MB) SWAP 1075/3416MB (cached 0MB) CPU [54%@1420,17%@1420,35%@1420,31%@1420,100%@1420,10%@1420] EMC_FREQ 0% GR3D_FREQ 0% AUX@45.5C CPU@46.5C thermal@45.8C AO@45.5C GPU@45C PMIC@50C
09-27-2026 08:47:26 RAM 4816/6833MB (lfb 18x4MB) SWAP 1075/3416MB (cached 0MB) CPU [33%@1420,29%@1420,25%@1420,17%@1420,100%@1420,10%@1420] EMC_FREQ 0% GR3D_FREQ 0% AUX@45.5C CPU@46.5C thermal@45.95C AO@45.5C GPU@45C PMIC@50C
09-27-2026 08:47:27 RAM 4809/6833MB (lfb 18x4MB) SWAP 1075/3416MB (cached 0MB) CPU [37%@1420,25%@1420,38%@1420,39%@1420,77%@1420,29%@1420] EMC_FREQ 0% GR3D_FREQ 99% AUX@45.5C CPU@46.5C thermal@45.95C AO@45.5C GPU@46C PMIC@50C
09-27-2026 08:47:28 RAM 4808/6833MB (lfb 18x4MB) SWAP 1075/3416MB (cached 0MB) CPU [100%@1420,9%@1420,19%@1420,15%@1420,10%@1420,94%@1420] EMC_FREQ 0% GR3D_FREQ 0% AUX@45.5C CPU@46.5C thermal@45.95C AO@45C GPU@45.5C PMIC@50C
09-27-2026 08:47:29 RAM 4809/6833MB (lfb 18x4MB) SWAP 1075/3416MB (cached 0MB) CPU [100%@1420,7%@1420,6%@1420,7%@1420,10%@1420,87%@1420] EMC_FREQ 0% GR3D_FREQ 0% AUX@45.5C CPU@46.5C thermal@45.95C AO@45C GPU@45.5C PMIC@50C
09-27-2026 08:47:30 RAM 4816/6833MB (lfb 18x4MB) SWAP 1075/3416MB (cached 0MB) CPU [58%@1420,21%@1420,34%@1420,27%@1420,56%@1420,16%@1420] EMC_FREQ 0% GR3D_FREQ 0% AUX@45.5C CPU@46.5C thermal@45.8C AO@45C GPU@45.5C PMIC@50C
09-27-2026 08:47:31 RAM 4811/6833MB (lfb 18x4MB) SWAP 1075/3416MB (cached 0MB) CPU [16%@1420,22%@1420,74%@1420,19%@1420,50%@1420,32%@1420] EMC_FREQ 0% GR3D_FREQ 0% AUX@45.5C CPU@46.5C thermal@45.6C AO@45C GPU@45C PMIC@50C
09-27-2026 08:47:32 RAM 4931/6833MB (lfb 18x4MB) SWAP 1075/3416MB (cached 0MB) CPU [22%@1420,41%@1420,79%@1420,17%@1420,44%@1420,21%@1420] EMC_FREQ 0% GR3D_FREQ 0% AUX@45.5C CPU@46.5C thermal@45.65C AO@45C GPU@45C PMIC@50C
09-27-2026 08:47:33 RAM 4808/6833MB (lfb 18x4MB) SWAP 1075/3416MB (cached 0MB) CPU [24%@1420,40%@1420,14%@1420,96%@1420,100%@1420,15%@1420] EMC_FREQ 0% GR3D_FREQ 0% AUX@45.5C CPU@47C thermal@45.75C AO@45.5C GPU@45.5C PMIC@50C
09-27-2026 08:47:34 RAM 4808/6833MB (lfb 18x4MB) SWAP 1075/3416MB (cached 0MB) CPU [14%@1420,7%@1420,4%@1420,100%@1420,100%@1420,5%@1420] EMC_FREQ 0% GR3D_FREQ 0% AUX@45.5C CPU@46.5C thermal@45.8C AO@45C GPU@45.5C PMIC@50C
09-27-2026 08:47:35 RAM 4809/6833MB (lfb 18x4MB) SWAP 1075/3416MB (cached 0MB) CPU [13%@1420,21%@1420,7%@1420,59%@1420,100%@1420,7%@1420] EMC_FREQ 0% GR3D_FREQ 0% AUX@45C CPU@46.5C thermal@45.8C AO@45C GPU@45C PMIC@50C
09-27-2026 08:47:36 RAM 4808/6833MB (lfb 18x4MB) SWAP 1075/3416MB (cached 0MB) CPU [13%@1420,7%@1420,4%@1420,100%@1420,100%@1420,3%@1420] EMC_FREQ 0% GR3D_FREQ 0% AUX@45C CPU@46.5C thermal@45.6C AO@45C GPU@45C PMIC@50C
09-27-2026 08:47:37 RAM 4809/6833MB (lfb 18x4MB) SWAP 1075/3416MB (cached 0MB) CPU [12%@1420,10%@1420,4%@1420,64%@1420,100%@1420,6%@1420] EMC_FREQ 0% GR3D_FREQ 0% AUX@45.5C CPU@46.5C thermal@45.6C AO@45C GPU@45C PMIC@50C
09-27-2026 08:47:38 RAM 4808/6833MB (lfb 18x4MB) SWAP 1075/3416MB (cached 0MB) CPU [92%@1420,23%@1420,18%@1420,6%@1420,100%@1420,10%@1420] EMC_FREQ 0% GR3D_FREQ 99% AUX@45C CPU@46.5C thermal@45.45C AO@45.5C GPU@47C PMIC@50C
09-27-2026 08:47:39 RAM 4808/6833MB (lfb 18x4MB) SWAP 1075/3416MB (cached 0MB) CPU [74%@1420,10%@1420,33%@1420,7%@1420,100%@1420,9%@1420] EMC_FREQ 0% GR3D_FREQ 0% AUX@45.5C CPU@46.5C thermal@45.6C AO@45C GPU@45C PMIC@50C
09-27-2026 08:47:40 RAM 4809/6833MB (lfb 18x4MB) SWAP 1075/3416MB (cached 0MB) CPU [10%@1420,20%@1420,47%@1420,6%@1420,100%@1420,6%@1420] EMC_FREQ 0% GR3D_FREQ 0% AUX@45.5C CPU@46.5C thermal@45.6C AO@45C GPU@45C PMIC@50C
09-27-2026 08:47:41 RAM 4808/6833MB (lfb 18x4MB) SWAP 1075/3416MB (cached 0MB) CPU [11%@1420,5%@1420,100%@1420,5%@1420,100%@1420,6%@1420] EMC_FREQ 0% GR3D_FREQ 0% AUX@45.5C CPU@46.5C thermal@45.6C AO@45C GPU@45C PMIC@50C
09-27-2026 08:47:42 RAM 4809/6833MB (lfb 18x4MB) SWAP 1075/3416MB (cached 0MB) CPU [44%@1420,10%@1420,53%@1420,8%@1420,100%@1420,4%@1420] EMC_FREQ 0% GR3D_FREQ 0% AUX@45C CPU@46C thermal@45.45C AO@45C GPU@45C PMIC@50C
09-27-2026 08:47:43 RAM 5018/6833MB (lfb 44x1MB) SWAP 1075/3416MB (cached 0MB) CPU [69%@1420,18%@1420,7%@1420,18%@1420,100%@1420,7%@1420] EMC_FREQ 0% GR3D_FREQ 0% AUX@45C CPU@46.5C thermal@45.3C AO@45C GPU@45C PMIC@50C
09-27-2026 08:47:44 RAM 4807/6833MB (lfb 18x4MB) SWAP 1075/3416MB (cached 0MB) CPU [100%@1420,8%@1420,29%@1420,17%@1420,100%@1420,13%@1420] EMC_FREQ 0% GR3D_FREQ 0% AUX@45.5C CPU@46.5C thermal@45.6C AO@45.5C GPU@45C PMIC@50C
09-27-2026 08:47:45 RAM 4808/6833MB (lfb 18x4MB) SWAP 1075/3416MB (cached 0MB) CPU [63%@1420,12%@1420,5%@1420,8%@1420,100%@1420,4%@1420] EMC_FREQ 0% GR3D_FREQ 0% AUX@45C CPU@46.5C thermal@45.45C AO@45C GPU@45C PMIC@50C
09-27-2026 08:47:46 RAM 4806/6833MB (lfb 18x4MB) SWAP 1075/3416MB (cached 0MB) CPU [66%@1420,10%@1420,44%@1420,6%@1420,100%@1420,4%@1420] EMC_FREQ 0% GR3D_FREQ 0% AUX@45C CPU@46.5C thermal@45.45C AO@45C GPU@45C PMIC@50C
09-27-2026 08:47:47 RAM 4806/6833MB (lfb 18x4MB) SWAP 1075/3416MB (cached 0MB) CPU [11%@1420,7%@1420,99%@1420,8%@1420,100%@1420,9%@1420] EMC_FREQ 0% GR3D_FREQ 0% AUX@45C CPU@46.5C thermal@45.45C AO@45C GPU@45C PMIC@50C
09-27-2026 08:47:48 RAM 4806/6833MB (lfb 18x4MB) SWAP 1075/3416MB (cached 0MB) CPU [8%@1420,5%@1420,57%@1420,5%@1420,100%@1420,12%@1420] EMC_FREQ 0% GR3D_FREQ 0% AUX@45C CPU@46C thermal@45.45C AO@45C GPU@45C PMIC@50C
09-27-2026 08:47:49 RAM 4805/6833MB (lfb 18x4MB) SWAP 1075/3416MB (cached 0MB) CPU [24%@1420,20%@1420,100%@1420,5%@1420,100%@1420,6%@1420] EMC_FREQ 0% GR3D_FREQ 48% AUX@45C CPU@46.5C thermal@45.15C AO@45C GPU@47C PMIC@50C
09-27-2026 08:47:50 RAM 4805/6833MB (lfb 18x4MB) SWAP 1075/3416MB (cached 0MB) CPU [8%@1420,9%@1420,58%@1420,5%@1420,100%@1420,7%@1420] EMC_FREQ 0% GR3D_FREQ 0% AUX@45C CPU@46C thermal@45.6C AO@45C GPU@45C PMIC@50C
09-27-2026 08:47:51 RAM 4813/6833MB (lfb 18x4MB) SWAP 1075/3416MB (cached 0MB) CPU [21%@1420,27%@1420,43%@1420,40%@1420,100%@1420,21%@1420] EMC_FREQ 0% GR3D_FREQ 0% AUX@45C CPU@46.5C thermal@45.45C AO@45C GPU@45C PMIC@50C
09-27-2026 08:47:52 RAM 4811/6833MB (lfb 18x4MB) SWAP 1075/3416MB (cached 0MB) CPU [13%@1420,7%@1420,76%@1420,3%@1420,100%@1420,6%@1420] EMC_FREQ 0% GR3D_FREQ 0% AUX@45C CPU@46.5C thermal@45.45C AO@45C GPU@45C PMIC@50C
09-27-2026 08:47:53 RAM 4811/6833MB (lfb 18x4MB) SWAP 1075/3416MB (cached 0MB) CPU [24%@1420,89%@1420,100%@1420,5%@1420,10%@1420,7%@1420] EMC_FREQ 0% GR3D_FREQ 0% AUX@45C CPU@46.5C thermal@45.3C AO@45C GPU@45C PMIC@50C
09-27-2026 08:47:54 RAM 5035/6833MB (lfb 10x1MB) SWAP 1075/3416MB (cached 0MB) CPU [17%@1420,100%@1420,54%@1420,5%@1420,35%@1420,13%@1420] EMC_FREQ 0% GR3D_FREQ 0% AUX@45C CPU@46.5C thermal@45.15C AO@45C GPU@44.5C PMIC@50C
09-27-2026 08:47:55 RAM 4814/6833MB (lfb 18x4MB) SWAP 1075/3416MB (cached 0MB) CPU [36%@1420,75%@1420,56%@1420,48%@1420,37%@1420,52%@1420] EMC_FREQ 0% GR3D_FREQ 0% AUX@45C CPU@46.5C thermal@45.6C AO@45C GPU@45C PMIC@50C
09-27-2026 08:47:56 RAM 4819/6833MB (lfb 18x4MB) SWAP 1075/3416MB (cached 0MB) CPU [91%@1420,14%@1420,39%@1420,44%@1420,9%@1420,16%@1420] EMC_FREQ 0% GR3D_FREQ 0% AUX@45C CPU@46.5C thermal@45.45C AO@45C GPU@45C PMIC@50C
09-27-2026 08:47:57 RAM 4819/6833MB (lfb 18x4MB) SWAP 1075/3416MB (cached 0MB) CPU [100%@1420,9%@1420,49%@1420,35%@1420,15%@1420,15%@1420] EMC_FREQ 0% GR3D_FREQ 0% AUX@45.5C CPU@46.5C thermal@45.45C AO@45C GPU@45C PMIC@50C
09-27-2026 08:47:58 RAM 4815/6833MB (lfb 18x4MB) SWAP 1075/3416MB (cached 0MB) CPU [100%@1420,8%@1420,39%@1420,23%@1420,22%@1420,29%@1420] EMC_FREQ 0% GR3D_FREQ 0% AUX@45C CPU@46.5C thermal@45.6C AO@45C GPU@45C PMIC@50C
09-27-2026 08:47:59 RAM 4816/6833MB (lfb 18x4MB) SWAP 1075/3416MB (cached 0MB) CPU [82%@1420,26%@1420,21%@1420,38%@1420,32%@1420,60%@1420] EMC_FREQ 0% GR3D_FREQ 0% AUX@45C CPU@46C thermal@45.45C AO@45C GPU@45C PMIC@50C
09-27-2026 08:48:00 RAM 4818/6833MB (lfb 18x4MB) SWAP 1075/3416MB (cached 0MB) CPU [90%@1420,24%@1420,41%@1420,40%@1420,34%@1420,20%@1420] EMC_FREQ 0% GR3D_FREQ 99% AUX@45C CPU@46.5C thermal@45.15C AO@45C GPU@47C PMIC@50C
09-27-2026 08:48:01 RAM 4814/6833MB (lfb 18x4MB) SWAP 1075/3416MB (cached 0MB) CPU [30%@1420,15%@1420,100%@1420,10%@1420,47%@1420,13%@1420] EMC_FREQ 0% GR3D_FREQ 0% AUX@45.5C CPU@46.5C thermal@45.6C AO@45C GPU@45C PMIC@50C
09-27-2026 08:48:02 RAM 4814/6833MB (lfb 18x4MB) SWAP 1075/3416MB (cached 0MB) CPU [15%@1420,52%@1420,100%@1420,8%@1420,48%@1420,6%@1420] EMC_FREQ 0% GR3D_FREQ 0% AUX@45C CPU@46.5C thermal@45.45C AO@45C GPU@45C PMIC@50C
09-27-2026 08:48:03 RAM 4814/6833MB (lfb 18x4MB) SWAP 1075/3416MB (cached 0MB) CPU [6%@1420,78%@1420,100%@1420,10%@1420,7%@1420,7%@1420] EMC_FREQ 0% GR3D_FREQ 0% AUX@45C CPU@46C thermal@45.3C AO@45C GPU@45C PMIC@50C
09-27-2026 08:48:04 RAM 4815/6833MB (lfb 18x4MB) SWAP 1075/3416MB (cached 0MB) CPU [5%@1420,4%@1420,100%@1420,10%@1420,5%@1420,6%@1420] EMC_FREQ 0% GR3D_FREQ 0% AUX@45C CPU@46C thermal@45.3C AO@45C GPU@45C PMIC@50C
09-27-2026 08:48:05 RAM 4820/6833MB (lfb 18x4MB) SWAP 1075/3416MB (cached 0MB) CPU [27%@1420,34%@1420,90%@1420,15%@1420,25%@1420,33%@1420] EMC_FREQ 0% GR3D_FREQ 0% AUX@45C CPU@46.5C thermal@45.3C AO@45C GPU@44.5C PMIC@50C
09-27-2026 08:48:06 RAM 4813/6833MB (lfb 18x4MB) SWAP 1075/3416MB (cached 0MB) CPU [100%@1420,19%@1420,35%@1420,18%@1420,28%@1420,62%@1420] EMC_FREQ 0% GR3D_FREQ 0% AUX@45C CPU@46.5C thermal@45.3C AO@45C GPU@45C PMIC@50C
09-27-2026 08:48:07 RAM 4812/6833MB (lfb 18x4MB) SWAP 1075/3416MB (cached 0MB) CPU [100%@1420,4%@1420,5%@1420,10%@1420,8%@1420,100%@1420] EMC_FREQ 0% GR3D_FREQ 0% AUX@45C CPU@46.5C thermal@45.45C AO@45C GPU@45C PMIC@50C
09-27-2026 08:48:08 RAM 4813/6833MB (lfb 18x4MB) SWAP 1075/3416MB (cached 0MB) CPU [100%@1420,1%@1420,8%@1420,11%@1420,6%@1420,84%@1420] EMC_FREQ 0% GR3D_FREQ 0% AUX@45C CPU@46.5C thermal@45.45C AO@45C GPU@45C PMIC@50C
09-27-2026 08:48:09 RAM 4817/6833MB (lfb 18x4MB) SWAP 1075/3416MB (cached 0MB) CPU [100%@1420,6%@1420,22%@1420,25%@1420,24%@1420,56%@1420] EMC_FREQ 0% GR3D_FREQ 0% AUX@45C CPU@46.5C thermal@45.3C AO@45C GPU@45C PMIC@50C
09-27-2026 08:48:10 RAM 4810/6833MB (lfb 18x4MB) SWAP 1075/3416MB (cached 0MB) CPU [71%@1420,18%@1420,53%@1420,21%@1420,35%@1420,17%@1420] EMC_FREQ 0% GR3D_FREQ 0% AUX@45C CPU@46C thermal@45.3C AO@45C GPU@44.5C PMIC@50C
09-27-2026 08:48:11 RAM 4808/6833MB (lfb 18x4MB) SWAP 1075/3416MB (cached 0MB) CPU [11%@1420,18%@1420,100%@1420,14%@1420,100%@1420,12%@1420] EMC_FREQ 0% GR3D_FREQ 64% AUX@45C CPU@46.5C thermal@45.15C AO@45.5C GPU@46.5C PMIC@50C
09-27-2026 08:48:12 RAM 4810/6833MB (lfb 18x4MB) SWAP 1075/3416MB (cached 0MB) CPU [8%@1420,9%@1420,77%@1420,9%@1420,100%@1420,6%@1420] EMC_FREQ 0% GR3D_FREQ 0% AUX@45C CPU@46C thermal@45.45C AO@45C GPU@45C PMIC@50C
09-27-2026 08:48:13 RAM 4818/6833MB (lfb 18x4MB) SWAP 1075/3416MB (cached 0MB) CPU [25%@1420,22%@1420,57%@1420,22%@1420,100%@1420,19%@1420] EMC_FREQ 0% GR3D_FREQ 0% AUX@45C CPU@46.5C thermal@45.45C AO@45C GPU@45C PMIC@50C
09-27-2026 08:48:14 RAM 4818/6833MB (lfb 17x4MB) SWAP 1075/3416MB (cached 0MB) CPU [28%@1420,20%@1420,36%@1420,40%@1420,100%@1420,12%@1420] EMC_FREQ 0% GR3D_FREQ 0% AUX@45C CPU@46.5C thermal@45.45C AO@45C GPU@45C PMIC@50C
09-27-2026 08:48:15 RAM 4664/6833MB (lfb 17x4MB) SWAP 1075/3416MB (cached 0MB) CPU [86%@1420,22%@1420,17%@1420,34%@1420,51%@1420,17%@1420] EMC_FREQ 0% GR3D_FREQ 0% AUX@45C CPU@46C thermal@45.3C AO@45C GPU@44.5C PMIC@50C
