H264_PROBE_EVENT {"name": "camera_open_start", "wall_time": 1791264978.2479615, "monotonic": 517464.908180759}
GST_ARGUS: Creating output stream
CONSUMER: Waiting until producer is connected...
GST_ARGUS: Available Sensor modes :
GST_ARGUS: 3280 x 2464 FR = 21.000000 fps Duration = 47619048 ; Analog Gain range min 1.000000, max 10.625000; Exposure Range min 13000, max 683709000;

GST_ARGUS: 3280 x 1848 FR = 28.000001 fps Duration = 35714284 ; Analog Gain range min 1.000000, max 10.625000; Exposure Range min 13000, max 683709000;

GST_ARGUS: 1920 x 1080 FR = 29.999999 fps Duration = 33333334 ; Analog Gain range min 1.000000, max 10.625000; Exposure Range min 13000, max 683709000;

GST_ARGUS: 1640 x 1232 FR = 29.999999 fps Duration = 33333334 ; Analog Gain range min 1.000000, max 10.625000; Exposure Range min 13000, max 683709000;

GST_ARGUS: 1280 x 720 FR = 59.999999 fps Duration = 16666667 ; Analog Gain range min 1.000000, max 10.625000; Exposure Range min 13000, max 683709000;

GST_ARGUS: Running with following settings:
   Camera index = 0 
   Camera mode  = 2 
   Output Stream W = 1920 H = 1080 
   seconds to Run    = 0 
   Frame Rate = 29.999999 
GST_ARGUS: Setup Complete, Starting captures for 0 seconds
GST_ARGUS: Starting repeat capture requests.
CONSUMER: Producer has connected; continuing.
[ WARN:0] global ../modules/videoio/src/cap_gstreamer.cpp (935) open OpenCV | GStreamer warning: Cannot query video position: status=0, value=-1, duration=-1
2026-10-06 14:36:20,066 [INFO] main: CSI 카메라 초기화 및 첫 프레임 확인 완료
H264_PROBE_EVENT {"name": "camera_first_frame_ready", "wall_time": 1791264980.0678756, "monotonic": 517466.728093443}
H264_PROBE_EVENT {"name": "vadclip_warmup_start", "wall_time": 1791264980.0680847, "monotonic": 517466.728300927}
2026-10-06 14:36:20,068 [INFO] anomaly_model_trt: VadCLIP 초기화 시작
2026-10-06 14:36:32,320 [INFO] vadclip_adapter_trt: VadCLIP live temporal mapping: FPS=9, window=48 frames (5.333s), sample_indices=[0, 5, 10, 14, 19, 24, 29, 34, 38, 43]
2026-10-06 14:37:03,235 [INFO] vadclip_adapter_trt: VadCLIP checkpoint strict load PASS (349 keys)
[10/06/2026-14:37:18] [TRT] [W] Using an engine plan file across different models of devices is not recommended and is likely to affect performance or even cause errors.
2026-10-06 14:37:23,470 [INFO] vadclip_adapter_trt: TensorRT CLIP visual loaded: /home/hpc/edge_vadclip_2026/trt/clip_visual_vitb16_b1_10_fp16.engine, sha=973557212ba947da9f50eeb2e458cc5cd6e403f83858223f32f6e881071cfb69, profile min=(1, 3, 224, 224) opt=(10, 3, 224, 224) max=(10, 3, 224, 224), crop=5
2026-10-06 14:37:23,471 [INFO] anomaly_model_trt: ✅ AnomalyPipeline(VadCLIP) 초기화 완료
2026-10-06 14:37:23,471 [INFO] anomaly_model_trt: VadCLIP warmup 시작
2026-10-06 14:37:28,690 [INFO] vadclip_adapter_trt: VadCLIP warmup PASS: score=0.001370, feature_buffer reset to 0
2026-10-06 14:37:28,690 [INFO] anomaly_model_trt: VadCLIP warmup 완료: 5219.0ms
H264_PROBE_EVENT {"name": "vadclip_warmup_end", "wall_time": 1791265048.6910796, "monotonic": 517535.351297432}
H264_PROBE_EVENT {"name": "h264_prepare_start", "wall_time": 1791265048.6912816, "monotonic": 517535.351497877, "condition": "C"}
2026-10-06 14:37:28,784 [INFO] uploader: h264_persistent_worker_started pid=48345 log=/tmp/h264_preload_compare_20261006/evidence/10_C/h264_worker.log
2026-10-06 14:37:30,382 [INFO] uploader: H264 worker/GStreamer 준비 완료: pid=48345 elapsed=1.691s (NVENC 미할당)
H264_PROBE_EVENT {"name": "h264_prepare_end", "wall_time": 1791265050.3827825, "monotonic": 517537.042999202, "condition": "C", "ok": true}
H264_PROBE_EVENT {"name": "capture_loop_start", "wall_time": 1791265050.3830595, "monotonic": 517537.043275645}
2026-10-06 14:37:30,385 [INFO] main: clip upload worker 시작
2026-10-06 14:37:30,386 [INFO] main: VadCLIP 추론 worker 시작
2026-10-06 14:37:30,386 [INFO] main: 캡처 루프 시작 (FPS=9, 버퍼=81프레임/9초, 추론주기=48프레임/5.33초)
2026-10-06 14:37:31,394 [INFO] main: [진단] 최근 1.0초간 처리프레임=10(목표 9), 밀린시간누적=0ms
2026-10-06 14:37:32,395 [INFO] main: [진단] 최근 1.0초간 처리프레임=9(목표 9), 밀린시간누적=0ms
2026-10-06 14:37:33,395 [INFO] main: [진단] 최근 1.0초간 처리프레임=9(목표 9), 밀린시간누적=0ms
2026-10-06 14:37:34,506 [INFO] main: [진단] 최근 1.1초간 처리프레임=10(목표 9), 밀린시간누적=0ms
2026-10-06 14:37:35,520 [INFO] main: [진단] 최근 1.0초간 처리프레임=9(목표 9), 밀린시간누적=0ms
2026-10-06 14:37:36,651 [INFO] main: [진단] 최근 1.1초간 처리프레임=1(목표 9), 밀린시간누적=931ms
H264_PROBE_EVENT {"name": "first_inference_start", "wall_time": 1791265056.6520069, "monotonic": 517543.312224989, "frame_count": 48}
2026-10-06 14:37:37,450 [INFO] anomaly_model_trt: [진단] VadCLIP 추론 total=797.6ms, feature_buffer=10/256, score=0.168349
H264_PROBE_EVENT {"name": "first_inference_end", "wall_time": 1791265057.4521027, "monotonic": 517544.112319934, "score": 0.16834897796312967}
H264_PROBE_EVENT {"name": "score_observed_trigger_blocked", "wall_time": 1791265057.4526403, "monotonic": 517544.112856374, "score": 0.16834897796312967}
2026-10-06 14:37:37,824 [INFO] main: CSI 카메라 해제 완료
H264_PROBE_EVENT {"name": "capture_loop_end", "wall_time": 1791265057.9100711, "monotonic": 517544.570288284}
2026-10-06 14:37:37,910 [INFO] main: CSI 카메라 해제 완료
GST_ARGUS: Cleaning up
CONSUMER: Done Success
GST_ARGUS: Done Success
