10-01-2026 02:25:03 RAM 833/6833MB (lfb 1211x4MB) SWAP 0/3417MB (cached 0MB) CPU [95%@1420,5%@1420,85%@1420,0%@1420,5%@1420,0%@1420] EMC_FREQ 0% GR3D_FREQ 0% AUX@45C CPU@46.5C thermal@45.6C AO@45C GPU@45.5C PMIC@50C
10-01-2026 02:25:03 RAM 843/6833MB (lfb 1208x4MB) SWAP 0/3417MB (cached 0MB) CPU [100%@1420,9%@1420,71%@1420,0%@1420,100%@1420,0%@1420] EMC_FREQ 0% GR3D_FREQ 0% AUX@45C CPU@46.5C thermal@45.6C AO@45.5C GPU@45C PMIC@50C
10-01-2026 02:25:04 RAM 856/6833MB (lfb 1205x4MB) SWAP 0/3417MB (cached 0MB) CPU [70%@1420,25%@1420,0%@1420,27%@1420,100%@1420,10%@1420] EMC_FREQ 0% GR3D_FREQ 0% AUX@45C CPU@46.5C thermal@45.6C AO@45.5C GPU@45.5C PMIC@50C
10-01-2026 02:25:04 RAM 875/6833MB (lfb 1200x4MB) SWAP 0/3417MB (cached 0MB) CPU [5%@1420,95%@1420,28%@1420,19%@1420,90%@1420,30%@1420] EMC_FREQ 0% GR3D_FREQ 0% AUX@45C CPU@47C thermal@45.6C AO@45C GPU@45.5C PMIC@50C
10-01-2026 02:25:04 RAM 916/6833MB (lfb 1190x4MB) SWAP 0/3417MB (cached 0MB) CPU [38%@1420,68%@1420,22%@1420,36%@1420,10%@1420,78%@1420] EMC_FREQ 0% GR3D_FREQ 0% AUX@45.5C CPU@46.5C thermal@45.6C AO@45.5C GPU@45.5C PMIC@50C
10-01-2026 02:25:04 RAM 916/6833MB (lfb 1189x4MB) SWAP 0/3417MB (cached 0MB) CPU [40%@1420,87%@1420,82%@1420,40%@1420,44%@1420,16%@1420] EMC_FREQ 0% GR3D_FREQ 0% AUX@45.5C CPU@46.5C thermal@45.8C AO@45.5C GPU@45.5C PMIC@50C
10-01-2026 02:25:04 RAM 916/6833MB (lfb 1189x4MB) SWAP 0/3417MB (cached 0MB) CPU [63%@1420,47%@1420,65%@1420,15%@1420,40%@1420,38%@1420] EMC_FREQ 0% GR3D_FREQ 0% AUX@45.5C CPU@46.5C thermal@45.8C AO@45.5C GPU@45.5C PMIC@50C
10-01-2026 02:25:05 RAM 905/6833MB (lfb 1188x4MB) SWAP 0/3417MB (cached 0MB) CPU [16%@1420,40%@1420,37%@1420,50%@1420,17%@1420,86%@1420] EMC_FREQ 0% GR3D_FREQ 0% AUX@45.5C CPU@47C thermal@45.8C AO@45.5C GPU@45.5C PMIC@50C
10-01-2026 02:25:05 RAM 879/6833MB (lfb 1201x4MB) SWAP 0/3417MB (cached 0MB) CPU [14%@1420,10%@1420,14%@1420,55%@1420,34%@1420,14%@1420] EMC_FREQ 0% GR3D_FREQ 0% AUX@45.5C CPU@46.5C thermal@45.8C AO@45.5C GPU@45.5C PMIC@50C
10-01-2026 02:25:05 RAM 888/6833MB (lfb 1208x4MB) SWAP 0/3417MB (cached 0MB) CPU [50%@1420,15%@1420,47%@1420,10%@1420,72%@1420,36%@1420] EMC_FREQ 0% GR3D_FREQ 0% AUX@45.5C CPU@47C thermal@45.8C AO@45.5C GPU@45.5C PMIC@50C
10-01-2026 02:25:05 RAM 892/6833MB (lfb 1208x4MB) SWAP 0/3417MB (cached 0MB) CPU [30%@1420,36%@1420,85%@1420,10%@1420,47%@1420,52%@1420] EMC_FREQ 0% GR3D_FREQ 0% AUX@45.5C CPU@47C thermal@45.8C AO@46C GPU@45C PMIC@50C
10-01-2026 02:25:05 RAM 891/6833MB (lfb 1208x4MB) SWAP 0/3417MB (cached 0MB) CPU [38%@1420,36%@1420,40%@1420,65%@1420,30%@1420,100%@1420] EMC_FREQ 0% GR3D_FREQ 0% AUX@45.5C CPU@47C thermal@45.95C AO@45.5C GPU@45.5C PMIC@50C
10-01-2026 02:25:06 RAM 894/6833MB (lfb 1199x4MB) SWAP 0/3417MB (cached 0MB) CPU [5%@1420,5%@1420,5%@1420,80%@1420,13%@1420,95%@1420] EMC_FREQ 0% GR3D_FREQ 0% AUX@45.5C CPU@47C thermal@45.95C AO@45.5C GPU@45.5C PMIC@50C
10-01-2026 02:25:06 RAM 899/6833MB (lfb 1193x4MB) SWAP 0/3417MB (cached 0MB) CPU [0%@1420,0%@1420,0%@1420,100%@1420,10%@1420,81%@1420] EMC_FREQ 0% GR3D_FREQ 0% AUX@45.5C CPU@46.5C thermal@45.95C AO@45.5C GPU@45.5C PMIC@50C
10-01-2026 02:25:06 RAM 917/6833MB (lfb 1188x4MB) SWAP 0/3417MB (cached 0MB) CPU [38%@1420,15%@1420,35%@1420,95%@1420,57%@1420,5%@1420] EMC_FREQ 0% GR3D_FREQ 0% AUX@45.5C CPU@46.5C thermal@45.95C AO@45.5C GPU@45.5C PMIC@50C
10-01-2026 02:25:06 RAM 926/6833MB (lfb 1185x4MB) SWAP 0/3417MB (cached 0MB) CPU [15%@1420,39%@1420,63%@1420,78%@1420,47%@1420,25%@1420] EMC_FREQ 0% GR3D_FREQ 0% AUX@45.5C CPU@47C thermal@45.95C AO@45.5C GPU@45.5C PMIC@50C
10-01-2026 02:25:07 RAM 930/6833MB (lfb 1185x4MB) SWAP 0/3417MB (cached 0MB) CPU [33%@1420,37%@1420,30%@1420,70%@1420,86%@1420,33%@1420] EMC_FREQ 0% GR3D_FREQ 0% AUX@45.5C CPU@47C thermal@45.95C AO@45.5C GPU@45.5C PMIC@50C
10-01-2026 02:25:07 RAM 926/6833MB (lfb 1185x4MB) SWAP 0/3417MB (cached 0MB) CPU [77%@1420,50%@1420,26%@1420,20%@1420,50%@1420,35%@1420] EMC_FREQ 0% GR3D_FREQ 0% AUX@45.5C CPU@47C thermal@45.95C AO@45.5C GPU@45.5C PMIC@50C
10-01-2026 02:25:07 RAM 927/6833MB (lfb 1191x4MB) SWAP 0/3417MB (cached 0MB) CPU [65%@1420,86%@1420,10%@1420,15%@1420,36%@1420,14%@1420] EMC_FREQ 0% GR3D_FREQ 0% AUX@45.5C CPU@47C thermal@45.95C AO@45.5C GPU@45.5C PMIC@50C
10-01-2026 02:25:07 RAM 897/6833MB (lfb 1195x4MB) SWAP 0/3417MB (cached 0MB) CPU [17%@1420,38%@1420,45%@1420,15%@1420,10%@1420,10%@1420] EMC_FREQ 0% GR3D_FREQ 0% AUX@45.5C CPU@47C thermal@45.95C AO@45.5C GPU@45.5C PMIC@50C
10-01-2026 02:25:07 RAM 897/6833MB (lfb 1195x4MB) SWAP 0/3417MB (cached 0MB) CPU [36%@1420,30%@1420,35%@1420,35%@1420,45%@1420,100%@1420] EMC_FREQ 0% GR3D_FREQ 0% AUX@45.5C CPU@47C thermal@45.95C AO@45.5C GPU@45.5C PMIC@50C
10-01-2026 02:25:08 RAM 897/6833MB (lfb 1195x4MB) SWAP 0/3417MB (cached 0MB) CPU [30%@1420,42%@1420,70%@1420,33%@1420,20%@1420,47%@1420] EMC_FREQ 0% GR3D_FREQ 0% AUX@45.5C CPU@47C thermal@45.95C AO@45.5C GPU@46C PMIC@50C
10-01-2026 02:25:08 RAM 896/6833MB (lfb 1195x4MB) SWAP 0/3417MB (cached 0MB) CPU [66%@1420,25%@1420,90%@1420,26%@1420,25%@1420,31%@1420] EMC_FREQ 0% GR3D_FREQ 0% AUX@45.5C CPU@47C thermal@46.1C AO@46C GPU@46C PMIC@50C
10-01-2026 02:25:08 RAM 901/6833MB (lfb 1192x4MB) SWAP 0/3417MB (cached 0MB) CPU [100%@1420,0%@1420,95%@1420,9%@1420,0%@1420,0%@1420] EMC_FREQ 0% GR3D_FREQ 0% AUX@45.5C CPU@47C thermal@46.1C AO@45.5C GPU@46C PMIC@50C
10-01-2026 02:25:08 RAM 909/6833MB (lfb 1190x4MB) SWAP 0/3417MB (cached 0MB) CPU [100%@1420,0%@1420,100%@1420,5%@1420,9%@1420,4%@1420] EMC_FREQ 0% GR3D_FREQ 0% AUX@45.5C CPU@47C thermal@46.1C AO@45.5C GPU@45.5C PMIC@50C
10-01-2026 02:25:08 RAM 918/6833MB (lfb 1188x4MB) SWAP 0/3417MB (cached 0MB) CPU [80%@1420,10%@1420,14%@1420,15%@1420,65%@1420,66%@1420] EMC_FREQ 0% GR3D_FREQ 0% AUX@45.5C CPU@47C thermal@46.1C AO@46C GPU@45.5C PMIC@50C
10-01-2026 02:25:09 RAM 929/6833MB (lfb 1184x4MB) SWAP 0/3417MB (cached 0MB) CPU [85%@1420,39%@1420,23%@1420,30%@1420,87%@1420,21%@1420] EMC_FREQ 0% GR3D_FREQ 0% AUX@45.5C CPU@47C thermal@46.1C AO@46C GPU@45.5C PMIC@50C
10-01-2026 02:25:09 RAM 928/6833MB (lfb 1184x4MB) SWAP 0/3417MB (cached 0MB) CPU [89%@1420,21%@1420,31%@1420,33%@1420,80%@1420,19%@1420] EMC_FREQ 0% GR3D_FREQ 0% AUX@45.5C CPU@47C thermal@45.95C AO@46C GPU@46C PMIC@50C
10-01-2026 02:25:09 RAM 922/6833MB (lfb 1184x4MB) SWAP 0/3417MB (cached 0MB) CPU [86%@1420,22%@1420,55%@1420,28%@1420,31%@1420,20%@1420] EMC_FREQ 0% GR3D_FREQ 0% AUX@45.5C CPU@47C thermal@45.95C AO@46C GPU@45.5C PMIC@50C
10-01-2026 02:25:09 RAM 922/6833MB (lfb 1185x4MB) SWAP 0/3417MB (cached 0MB) CPU [31%@1420,19%@1420,40%@1420,66%@1420,0%@1420,40%@1420] EMC_FREQ 0% GR3D_FREQ 0% AUX@45.5C CPU@47C thermal@45.95C AO@46C GPU@46C PMIC@50C
10-01-2026 02:25:09 RAM 897/6833MB (lfb 1187x4MB) SWAP 0/3417MB (cached 0MB) CPU [52%@1420,35%@1420,40%@1420,40%@1420,23%@1420,10%@1420] EMC_FREQ 0% GR3D_FREQ 0% AUX@46C CPU@47C thermal@45.95C AO@46C GPU@46C PMIC@50C
10-01-2026 02:25:10 RAM 899/6833MB (lfb 1187x4MB) SWAP 0/3417MB (cached 0MB) CPU [25%@1420,42%@1420,38%@1420,85%@1420,35%@1420,28%@1420] EMC_FREQ 0% GR3D_FREQ 0% AUX@46C CPU@47C thermal@45.95C AO@46C GPU@46C PMIC@50C
10-01-2026 02:25:10 RAM 896/6833MB (lfb 1187x4MB) SWAP 0/3417MB (cached 0MB) CPU [45%@1420,50%@1420,38%@1420,38%@1420,95%@1420,42%@1420] EMC_FREQ 0% GR3D_FREQ 0% AUX@46C CPU@47.5C thermal@45.95C AO@46C GPU@46C PMIC@50C
10-01-2026 02:25:10 RAM 899/6833MB (lfb 1187x4MB) SWAP 0/3417MB (cached 0MB) CPU [0%@1420,90%@1420,0%@1420,0%@1420,80%@1420,13%@1420] EMC_FREQ 0% GR3D_FREQ 0% AUX@46C CPU@47C thermal@46.15C AO@45.5C GPU@45.5C PMIC@50C
10-01-2026 02:25:10 RAM 903/6833MB (lfb 1187x4MB) SWAP 0/3417MB (cached 0MB) CPU [0%@1420,78%@1420,0%@1420,15%@1420,100%@1420,0%@1420] EMC_FREQ 0% GR3D_FREQ 0% AUX@46C CPU@47C thermal@46.15C AO@45.5C GPU@46C PMIC@50C
10-01-2026 02:25:10 RAM 921/6833MB (lfb 1186x4MB) SWAP 0/3417MB (cached 0MB) CPU [18%@1420,14%@1420,47%@1420,63%@1420,89%@1420,15%@1420] EMC_FREQ 0% GR3D_FREQ 0% AUX@46C CPU@47C thermal@46.15C AO@45.5C GPU@46C PMIC@50C
10-01-2026 02:25:11 RAM 931/6833MB (lfb 1184x4MB) SWAP 0/3417MB (cached 0MB) CPU [83%@1420,20%@1420,21%@1420,26%@1420,21%@1420,76%@1420] EMC_FREQ 0% GR3D_FREQ 0% AUX@46C CPU@47C thermal@46.15C AO@45.5C GPU@46C PMIC@50C
10-01-2026 02:25:11 RAM 931/6833MB (lfb 1183x4MB) SWAP 0/3417MB (cached 0MB) CPU [59%@1420,20%@1420,35%@1420,84%@1420,52%@1420,16%@1420] EMC_FREQ 0% GR3D_FREQ 0% AUX@46C CPU@47C thermal@46.15C AO@45.5C GPU@45.5C PMIC@50C
10-01-2026 02:25:11 RAM 927/6833MB (lfb 1183x4MB) SWAP 0/3417MB (cached 0MB) CPU [71%@1420,42%@1420,59%@1420,19%@1420,36%@1420,21%@1420] EMC_FREQ 0% GR3D_FREQ 0% AUX@45.5C CPU@47C thermal@46.3C AO@45.5C GPU@46C PMIC@50C
10-01-2026 02:25:11 RAM 927/6833MB (lfb 1183x4MB) SWAP 0/3417MB (cached 0MB) CPU [66%@1420,86%@1420,33%@1420,0%@1420,40%@1420,34%@1420] EMC_FREQ 0% GR3D_FREQ 0% AUX@45.5C CPU@47C thermal@46.3C AO@46C GPU@45.5C PMIC@50C
10-01-2026 02:25:11 RAM 900/6833MB (lfb 1183x4MB) SWAP 0/3417MB (cached 0MB) CPU [10%@1420,33%@1420,25%@1420,18%@1420,27%@1420,50%@1420] EMC_FREQ 0% GR3D_FREQ 0% AUX@46C CPU@47C thermal@46.3C AO@46C GPU@46C PMIC@50C
10-01-2026 02:25:12 RAM 898/6833MB (lfb 1183x4MB) SWAP 0/3417MB (cached 0MB) CPU [28%@1420,25%@1420,100%@1420,35%@1420,52%@1420,28%@1420] EMC_FREQ 0% GR3D_FREQ 0% AUX@46C CPU@47C thermal@46.3C AO@46C GPU@45.5C PMIC@50C
10-01-2026 02:25:12 RAM 902/6833MB (lfb 1183x4MB) SWAP 0/3417MB (cached 0MB) CPU [31%@1420,38%@1420,38%@1420,100%@1420,47%@1420,30%@1420] EMC_FREQ 0% GR3D_FREQ 0% AUX@46C CPU@47C thermal@46.3C AO@46C GPU@46C PMIC@50C
10-01-2026 02:25:12 RAM 901/6833MB (lfb 1183x4MB) SWAP 0/3417MB (cached 0MB) CPU [68%@1420,5%@1420,5%@1420,95%@1420,15%@1420,19%@1420] EMC_FREQ 0% GR3D_FREQ 0% AUX@45.5C CPU@47C thermal@46.3C AO@46C GPU@46C PMIC@50C
10-01-2026 02:25:12 RAM 907/6833MB (lfb 1183x4MB) SWAP 0/3417MB (cached 0MB) CPU [100%@1420,5%@1420,0%@1420,100%@1420,0%@1420,0%@1420] EMC_FREQ 0% GR3D_FREQ 0% AUX@46C CPU@46.5C thermal@46.1C AO@45.5C GPU@45.5C PMIC@50C
10-01-2026 02:25:12 RAM 916/6833MB (lfb 1183x4MB) SWAP 0/3417MB (cached 0MB) CPU [100%@1420,39%@1420,28%@1420,13%@1420,60%@1420,5%@1420] EMC_FREQ 0% GR3D_FREQ 0% AUX@45.5C CPU@47C thermal@46.1C AO@45.5C GPU@46C PMIC@50C
10-01-2026 02:25:13 RAM 922/6833MB (lfb 1183x4MB) SWAP 0/3417MB (cached 0MB) CPU [89%@1420,19%@1420,42%@1420,68%@1420,30%@1420,25%@1420] EMC_FREQ 0% GR3D_FREQ 0% AUX@45.5C CPU@47C thermal@46.1C AO@46C GPU@45.5C PMIC@50C
10-01-2026 02:25:13 RAM 933/6833MB (lfb 1183x4MB) SWAP 0/3417MB (cached 0MB) CPU [86%@1420,21%@1420,10%@1420,28%@1420,36%@1420,75%@1420] EMC_FREQ 0% GR3D_FREQ 0% AUX@46C CPU@47C thermal@46.1C AO@46C GPU@46C PMIC@50C
10-01-2026 02:25:13 RAM 929/6833MB (lfb 1183x4MB) SWAP 0/3417MB (cached 0MB) CPU [35%@1420,78%@1420,27%@1420,21%@1420,31%@1420,76%@1420] EMC_FREQ 0% GR3D_FREQ 0% AUX@46C CPU@47C thermal@46.1C AO@46C GPU@46C PMIC@50C
10-01-2026 02:25:13 RAM 929/6833MB (lfb 1183x4MB) SWAP 0/3417MB (cached 0MB) CPU [22%@1420,13%@1420,0%@1420,70%@1420,85%@1420,19%@1420] EMC_FREQ 0% GR3D_FREQ 0% AUX@45.5C CPU@47C thermal@46.1C AO@46C GPU@45.5C PMIC@50C
10-01-2026 02:25:13 RAM 899/6833MB (lfb 1183x4MB) SWAP 0/3417MB (cached 0MB) CPU [25%@1420,33%@1420,0%@1420,0%@1420,43%@1420,15%@1420] EMC_FREQ 0% GR3D_FREQ 0% AUX@45.5C CPU@46.5C thermal@46.1C AO@45.5C GPU@46C PMIC@50C
10-01-2026 02:25:14 RAM 900/6833MB (lfb 1183x4MB) SWAP 0/3417MB (cached 0MB) CPU [28%@1420,90%@1420,20%@1420,28%@1420,40%@1420,42%@1420] EMC_FREQ 0% GR3D_FREQ 0% AUX@45.5C CPU@47C thermal@46.1C AO@46C GPU@45.5C PMIC@50C
10-01-2026 02:25:14 RAM 900/6833MB (lfb 1183x4MB) SWAP 0/3417MB (cached 0MB) CPU [31%@1420,68%@1420,25%@1420,35%@1420,33%@1420,50%@1420] EMC_FREQ 0% GR3D_FREQ 0% AUX@45.5C CPU@47C thermal@46.1C AO@45.5C GPU@45.5C PMIC@50C
10-01-2026 02:25:14 RAM 896/6833MB (lfb 1183x4MB) SWAP 0/3417MB (cached 0MB) CPU [35%@1420,36%@1420,15%@1420,40%@1420,59%@1420,80%@1420] EMC_FREQ 0% GR3D_FREQ 0% AUX@45.5C CPU@47C thermal@46.1C AO@45.5C GPU@45.5C PMIC@50C
10-01-2026 02:25:14 RAM 901/6833MB (lfb 1183x4MB) SWAP 0/3417MB (cached 0MB) CPU [26%@1420,0%@1420,60%@1420,4%@1420,86%@1420,0%@1420] EMC_FREQ 0% GR3D_FREQ 0% AUX@45.5C CPU@46.5C thermal@46.1C AO@45.5C GPU@45.5C PMIC@50C
10-01-2026 02:25:14 RAM 907/6833MB (lfb 1183x4MB) SWAP 0/3417MB (cached 0MB) CPU [81%@1420,33%@1420,9%@1420,0%@1420,78%@1420,0%@1420] EMC_FREQ 0% GR3D_FREQ 0% AUX@45.5C CPU@47C thermal@45.95C AO@46C GPU@46C PMIC@50C
10-01-2026 02:25:15 RAM 919/6833MB (lfb 1183x4MB) SWAP 0/3417MB (cached 0MB) CPU [26%@1420,50%@1420,47%@1420,5%@1420,90%@1420,31%@1420] EMC_FREQ 0% GR3D_FREQ 0% AUX@45.5C CPU@47C thermal@45.95C AO@45.5C GPU@45.5C PMIC@50C
10-01-2026 02:25:15 RAM 930/6833MB (lfb 1183x4MB) SWAP 0/3417MB (cached 0MB) CPU [55%@1420,57%@1420,85%@1420,26%@1420,19%@1420,20%@1420] EMC_FREQ 0% GR3D_FREQ 0% AUX@45.5C CPU@47C thermal@45.95C AO@45.5C GPU@45.5C PMIC@50C
10-01-2026 02:25:15 RAM 931/6833MB (lfb 1183x4MB) SWAP 0/3417MB (cached 0MB) CPU [23%@1420,22%@1420,82%@1420,22%@1420,43%@1420,83%@1420] EMC_FREQ 0% GR3D_FREQ 0% AUX@45.5C CPU@47.5C thermal@45.95C AO@45.5C GPU@45.5C PMIC@50C
10-01-2026 02:25:15 RAM 928/6833MB (lfb 1183x4MB) SWAP 0/3417MB (cached 0MB) CPU [27%@1420,21%@1420,83%@1420,47%@1420,22%@1420,50%@1420] EMC_FREQ 0% GR3D_FREQ 0% AUX@45.5C CPU@47C thermal@45.95C AO@45.5C GPU@45.5C PMIC@50C
10-01-2026 02:25:15 RAM 929/6833MB (lfb 1183x4MB) SWAP 0/3417MB (cached 0MB) CPU [47%@1420,10%@1420,28%@1420,30%@1420,56%@1420,25%@1420] EMC_FREQ 0% GR3D_FREQ 0% AUX@45.5C CPU@47C thermal@45.95C AO@45.5C GPU@45.5C PMIC@50C
10-01-2026 02:25:16 RAM 901/6833MB (lfb 1183x4MB) SWAP 0/3417MB (cached 0MB) CPU [19%@1420,15%@1420,35%@1420,26%@1420,23%@1420,55%@1420] EMC_FREQ 0% GR3D_FREQ 0% AUX@45.5C CPU@47C thermal@45.95C AO@45.5C GPU@45.5C PMIC@50C
10-01-2026 02:25:16 RAM 897/6833MB (lfb 1183x4MB) SWAP 0/3417MB (cached 0MB) CPU [50%@1420,28%@1420,95%@1420,28%@1420,16%@1420,25%@1420] EMC_FREQ 0% GR3D_FREQ 0% AUX@45.5C CPU@47C thermal@45.95C AO@46C GPU@45.5C PMIC@50C
10-01-2026 02:25:16 RAM 900/6833MB (lfb 1183x4MB) SWAP 0/3417MB (cached 0MB) CPU [31%@1420,15%@1420,15%@1420,100%@1420,40%@1420,42%@1420] EMC_FREQ 0% GR3D_FREQ 0% AUX@45.5C CPU@47C thermal@45.95C AO@45.5C GPU@45.5C PMIC@50C
10-01-2026 02:25:16 RAM 900/6833MB (lfb 1183x4MB) SWAP 0/3417MB (cached 0MB) CPU [30%@1420,66%@1420,9%@1420,91%@1420,15%@1420,19%@1420] EMC_FREQ 0% GR3D_FREQ 0% AUX@45.5C CPU@47C thermal@45.95C AO@45.5C GPU@45.5C PMIC@50C
10-01-2026 02:25:17 RAM 905/6833MB (lfb 1183x4MB) SWAP 0/3417MB (cached 0MB) CPU [5%@1420,100%@1420,0%@1420,95%@1420,4%@1420,0%@1420] EMC_FREQ 0% GR3D_FREQ 0% AUX@45.5C CPU@46.5C thermal@45.95C AO@45.5C GPU@45.5C PMIC@50C
10-01-2026 02:25:17 RAM 917/6833MB (lfb 1183x4MB) SWAP 0/3417MB (cached 0MB) CPU [50%@1420,100%@1420,40%@1420,25%@1420,10%@1420,20%@1420] EMC_FREQ 0% GR3D_FREQ 0% AUX@45.5C CPU@47C thermal@45.8C AO@45.5C GPU@45.5C PMIC@50C
10-01-2026 02:25:17 RAM 923/6833MB (lfb 1183x4MB) SWAP 0/3417MB (cached 0MB) CPU [52%@1420,47%@1420,20%@1420,42%@1420,71%@1420,47%@1420] EMC_FREQ 0% GR3D_FREQ 0% AUX@45.5C CPU@47C thermal@45.8C AO@45.5C GPU@45.5C PMIC@50C
10-01-2026 02:25:17 RAM 933/6833MB (lfb 1183x4MB) SWAP 0/3417MB (cached 0MB) CPU [30%@1420,20%@1420,33%@1420,82%@1420,69%@1420,30%@1420] EMC_FREQ 0% GR3D_FREQ 0% AUX@45.5C CPU@47C thermal@45.8C AO@45.5C GPU@45.5C PMIC@50C
10-01-2026 02:25:17 RAM 930/6833MB (lfb 1183x4MB) SWAP 0/3417MB (cached 0MB) CPU [28%@1420,11%@1420,34%@1420,86%@1420,86%@1420,40%@1420] EMC_FREQ 0% GR3D_FREQ 0% AUX@45.5C CPU@47C thermal@45.8C AO@45.5C GPU@45.5C PMIC@50C
10-01-2026 02:25:18 RAM 931/6833MB (lfb 1183x4MB) SWAP 0/3417MB (cached 0MB) CPU [33%@1420,75%@1420,10%@1420,17%@1420,87%@1420,34%@1420] EMC_FREQ 0% GR3D_FREQ 0% AUX@45.5C CPU@46.5C thermal@45.8C AO@45.5C GPU@45.5C PMIC@50C
10-01-2026 02:25:18 RAM 901/6833MB (lfb 1183x4MB) SWAP 0/3417MB (cached 0MB) CPU [28%@1420,4%@1420,27%@1420,52%@1420,52%@1420,0%@1420] EMC_FREQ 0% GR3D_FREQ 0% AUX@45.5C CPU@46.5C thermal@45.95C AO@45.5C GPU@45.5C PMIC@50C
10-01-2026 02:25:18 RAM 903/6833MB (lfb 1183x4MB) SWAP 0/3417MB (cached 0MB) CPU [85%@1420,26%@1420,28%@1420,45%@1420,38%@1420,31%@1420] EMC_FREQ 0% GR3D_FREQ 0% AUX@45.5C CPU@47C thermal@45.95C AO@45.5C GPU@45.5C PMIC@50C
10-01-2026 02:25:18 RAM 903/6833MB (lfb 1183x4MB) SWAP 0/3417MB (cached 0MB) CPU [66%@1420,27%@1420,35%@1420,68%@1420,25%@1420,27%@1420] EMC_FREQ 0% GR3D_FREQ 0% AUX@45.5C CPU@46.5C thermal@45.95C AO@45.5C GPU@45.5C PMIC@50C
10-01-2026 02:25:18 RAM 900/6833MB (lfb 1183x4MB) SWAP 0/3417MB (cached 0MB) CPU [35%@1420,30%@1420,25%@1420,95%@1420,40%@1420,31%@1420] EMC_FREQ 0% GR3D_FREQ 0% AUX@45.5C CPU@46.5C thermal@45.95C AO@45.5C GPU@45.5C PMIC@50C
10-01-2026 02:25:19 RAM 905/6833MB (lfb 1183x4MB) SWAP 0/3417MB (cached 0MB) CPU [100%@1420,0%@1420,0%@1420,100%@1420,4%@1420,0%@1420] EMC_FREQ 0% GR3D_FREQ 0% AUX@45.5C CPU@46.5C thermal@45.95C AO@45.5C GPU@45.5C PMIC@50C
10-01-2026 02:25:19 RAM 910/6833MB (lfb 1183x4MB) SWAP 0/3417MB (cached 0MB) CPU [70%@1420,52%@1420,0%@1420,47%@1420,31%@1420,0%@1420] EMC_FREQ 0% GR3D_FREQ 0% AUX@45.5C CPU@46.5C thermal@45.95C AO@45.5C GPU@45.5C PMIC@50C
10-01-2026 02:25:19 RAM 924/6833MB (lfb 1183x4MB) SWAP 0/3417MB (cached 0MB) CPU [30%@1420,73%@1420,23%@1420,15%@1420,76%@1420,55%@1420] EMC_FREQ 0% GR3D_FREQ 0% AUX@45.5C CPU@47C thermal@45.8C AO@45.5C GPU@45.5C PMIC@50C
10-01-2026 02:25:19 RAM 937/6833MB (lfb 1181x4MB) SWAP 0/3417MB (cached 0MB) CPU [22%@1420,83%@1420,35%@1420,25%@1420,5%@1420,65%@1420] EMC_FREQ 0% GR3D_FREQ 0% AUX@45.5C CPU@46.5C thermal@45.8C AO@45.5C GPU@45.5C PMIC@50C
10-01-2026 02:25:19 RAM 937/6833MB (lfb 1181x4MB) SWAP 0/3417MB (cached 0MB) CPU [47%@1420,23%@1420,70%@1420,52%@1420,59%@1420,17%@1420] EMC_FREQ 0% GR3D_FREQ 0% AUX@45.5C CPU@47C thermal@45.8C AO@45.5C GPU@45.5C PMIC@50C
10-01-2026 02:25:20 RAM 934/6833MB (lfb 1181x4MB) SWAP 0/3417MB (cached 0MB) CPU [28%@1420,30%@1420,22%@1420,84%@1420,33%@1420,57%@1420] EMC_FREQ 0% GR3D_FREQ 0% AUX@45.5C CPU@46.5C thermal@45.8C AO@45.5C GPU@45.5C PMIC@50C
10-01-2026 02:25:20 RAM 934/6833MB (lfb 1181x4MB) SWAP 0/3417MB (cached 0MB) CPU [34%@1420,54%@1420,47%@1420,63%@1420,5%@1420,15%@1420] EMC_FREQ 0% GR3D_FREQ 0% AUX@45.5C CPU@46.5C thermal@45.8C AO@45.5C GPU@45.5C PMIC@50C
10-01-2026 02:25:20 RAM 906/6833MB (lfb 1181x4MB) SWAP 0/3417MB (cached 0MB) CPU [27%@1420,15%@1420,30%@1420,55%@1420,20%@1420,50%@1420] EMC_FREQ 0% GR3D_FREQ 0% AUX@45.5C CPU@47C thermal@45.8C AO@45.5C GPU@45.5C PMIC@50C
10-01-2026 02:25:20 RAM 905/6833MB (lfb 1181x4MB) SWAP 0/3417MB (cached 0MB) CPU [20%@1420,20%@1420,36%@1420,19%@1420,40%@1420,90%@1420] EMC_FREQ 0% GR3D_FREQ 0% AUX@45.5C CPU@46.5C thermal@45.8C AO@45.5C GPU@45.5C PMIC@50C
10-01-2026 02:25:20 RAM 906/6833MB (lfb 1181x4MB) SWAP 0/3417MB (cached 0MB) CPU [60%@1420,42%@1420,35%@1420,11%@1420,100%@1420,40%@1420] EMC_FREQ 0% GR3D_FREQ 0% AUX@45.5C CPU@47C thermal@45.8C AO@45.5C GPU@45.5C PMIC@50C
10-01-2026 02:25:21 RAM 907/6833MB (lfb 1181x4MB) SWAP 0/3417MB (cached 0MB) CPU [42%@1420,5%@1420,42%@1420,60%@1420,90%@1420,14%@1420] EMC_FREQ 0% GR3D_FREQ 0% AUX@45.5C CPU@47C thermal@45.8C AO@45.5C GPU@45C PMIC@50C
10-01-2026 02:25:21 RAM 911/6833MB (lfb 1181x4MB) SWAP 0/3417MB (cached 0MB) CPU [100%@1420,4%@1420,0%@1420,15%@1420,94%@1420,0%@1420] EMC_FREQ 0% GR3D_FREQ 0% AUX@45.5C CPU@46.5C thermal@45.8C AO@45.5C GPU@45.5C PMIC@50C
10-01-2026 02:25:21 RAM 923/6833MB (lfb 1181x4MB) SWAP 0/3417MB (cached 0MB) CPU [100%@1420,15%@1420,10%@1420,35%@1420,5%@1420,68%@1420] EMC_FREQ 0% GR3D_FREQ 0% AUX@45.5C CPU@46.5C thermal@45.8C AO@45.5C GPU@45.5C PMIC@50C
10-01-2026 02:25:21 RAM 929/6833MB (lfb 1181x4MB) SWAP 0/3417MB (cached 0MB) CPU [35%@1420,21%@1420,19%@1420,86%@1420,25%@1420,73%@1420] EMC_FREQ 0% GR3D_FREQ 0% AUX@45.5C CPU@47C thermal@45.8C AO@45.5C GPU@45.5C PMIC@50C
10-01-2026 02:25:21 RAM 939/6833MB (lfb 1181x4MB) SWAP 0/3417MB (cached 0MB) CPU [38%@1420,68%@1420,81%@1420,35%@1420,28%@1420,33%@1420] EMC_FREQ 0% GR3D_FREQ 0% AUX@45.5C CPU@46.5C thermal@45.8C AO@45.5C GPU@45.5C PMIC@50C
10-01-2026 02:25:22 RAM 934/6833MB (lfb 1181x4MB) SWAP 0/3417MB (cached 0MB) CPU [65%@1420,25%@1420,76%@1420,47%@1420,35%@1420,28%@1420] EMC_FREQ 0% GR3D_FREQ 0% AUX@45.5C CPU@46.5C thermal@45.8C AO@45.5C GPU@45.5C PMIC@50C
10-01-2026 02:25:22 RAM 934/6833MB (lfb 1181x4MB) SWAP 0/3417MB (cached 0MB) CPU [25%@1420,28%@1420,50%@1420,30%@1420,42%@1420,71%@1420] EMC_FREQ 0% GR3D_FREQ 0% AUX@45.5C CPU@46.5C thermal@45.8C AO@45.5C GPU@45.5C PMIC@50C
10-01-2026 02:25:22 RAM 903/6833MB (lfb 1181x4MB) SWAP 0/3417MB (cached 0MB) CPU [45%@1420,10%@1420,42%@1420,30%@1420,5%@1420,16%@1420] EMC_FREQ 0% GR3D_FREQ 0% AUX@45.5C CPU@46.5C thermal@45.8C AO@45.5C GPU@45.5C PMIC@50C
10-01-2026 02:25:22 RAM 904/6833MB (lfb 1181x4MB) SWAP 0/3417MB (cached 0MB) CPU [31%@1420,21%@1420,47%@1420,25%@1420,100%@1420,38%@1420] EMC_FREQ 0% GR3D_FREQ 0% AUX@45.5C CPU@46.5C thermal@45.95C AO@45.5C GPU@45.5C PMIC@50C
10-01-2026 02:25:22 RAM 906/6833MB (lfb 1181x4MB) SWAP 0/3417MB (cached 0MB) CPU [31%@1420,20%@1420,80%@1420,38%@1420,55%@1420,40%@1420] EMC_FREQ 0% GR3D_FREQ 0% AUX@45C CPU@46.5C thermal@45.95C AO@45C GPU@45.5C PMIC@50C
10-01-2026 02:25:23 RAM 905/6833MB (lfb 1181x4MB) SWAP 0/3417MB (cached 0MB) CPU [19%@1420,23%@1420,90%@1420,15%@1420,25%@1420,66%@1420] EMC_FREQ 0% GR3D_FREQ 0% AUX@45.5C CPU@46.5C thermal@45.95C AO@45.5C GPU@45.5C PMIC@50C
10-01-2026 02:25:23 RAM 910/6833MB (lfb 1181x4MB) SWAP 0/3417MB (cached 0MB) CPU [0%@1420,4%@1420,95%@1420,0%@1420,0%@1420,100%@1420] EMC_FREQ 0% GR3D_FREQ 0% AUX@45.5C CPU@46.5C thermal@45.95C AO@45.5C GPU@45.5C PMIC@50C
10-01-2026 02:25:23 RAM 915/6833MB (lfb 1181x4MB) SWAP 0/3417MB (cached 0MB) CPU [15%@1420,63%@1420,22%@1420,0%@1420,20%@1420,100%@1420] EMC_FREQ 0% GR3D_FREQ 0% AUX@45.5C CPU@46.5C thermal@45.95C AO@45.5C GPU@45.5C PMIC@50C
10-01-2026 02:25:23 RAM 925/6833MB (lfb 1181x4MB) SWAP 0/3417MB (cached 0MB) CPU [65%@1420,21%@1420,10%@1420,25%@1420,52%@1420,68%@1420] EMC_FREQ 0% GR3D_FREQ 0% AUX@45.5C CPU@46.5C thermal@45.95C AO@45.5C GPU@45.5C PMIC@50C
10-01-2026 02:25:23 RAM 935/6833MB (lfb 1181x4MB) SWAP 0/3417MB (cached 0MB) CPU [63%@1420,31%@1420,22%@1420,30%@1420,40%@1420,64%@1420] EMC_FREQ 0% GR3D_FREQ 0% AUX@45C CPU@46.5C thermal@45.6C AO@45.5C GPU@45.5C PMIC@50C
10-01-2026 02:25:24 RAM 935/6833MB (lfb 1181x4MB) SWAP 0/3417MB (cached 0MB) CPU [50%@1420,63%@1420,11%@1420,40%@1420,80%@1420,43%@1420] EMC_FREQ 0% GR3D_FREQ 0% AUX@45.5C CPU@46.5C thermal@45.6C AO@45.5C GPU@45.5C PMIC@50C
10-01-2026 02:25:24 RAM 932/6833MB (lfb 1181x4MB) SWAP 0/3417MB (cached 0MB) CPU [63%@1420,75%@1420,20%@1420,22%@1420,50%@1420,5%@1420] EMC_FREQ 0% GR3D_FREQ 0% AUX@45C CPU@46.5C thermal@45.6C AO@45.5C GPU@45.5C PMIC@50C
10-01-2026 02:25:24 RAM 924/6833MB (lfb 1181x4MB) SWAP 0/3417MB (cached 0MB) CPU [35%@1420,0%@1420,15%@1420,20%@1420,63%@1420,30%@1420] EMC_FREQ 0% GR3D_FREQ 0% AUX@45C CPU@46.5C thermal@45.6C AO@45.5C GPU@45.5C PMIC@50C
10-01-2026 02:25:24 RAM 901/6833MB (lfb 1181x4MB) SWAP 0/3417MB (cached 0MB) CPU [31%@1420,5%@1420,50%@1420,50%@1420,42%@1420,45%@1420] EMC_FREQ 0% GR3D_FREQ 0% AUX@45.5C CPU@46.5C thermal@45.6C AO@45.5C GPU@45.5C PMIC@50C
10-01-2026 02:25:24 RAM 902/6833MB (lfb 1181x4MB) SWAP 0/3417MB (cached 0MB) CPU [76%@1420,28%@1420,26%@1420,35%@1420,30%@1420,45%@1420] EMC_FREQ 0% GR3D_FREQ 0% AUX@45.5C CPU@46.5C thermal@45.8C AO@45.5C GPU@45C PMIC@50C
10-01-2026 02:25:25 RAM 901/6833MB (lfb 1181x4MB) SWAP 0/3417MB (cached 0MB) CPU [45%@1420,40%@1420,31%@1420,40%@1420,38%@1420,100%@1420] EMC_FREQ 0% GR3D_FREQ 0% AUX@45C CPU@46.5C thermal@45.8C AO@45.5C GPU@45.5C PMIC@50C
