2026-10-01 11:15:56,850 [INFO] main: 분석 업로드 설정: mode=B, drone_id=DR-01, url=http://203.249.90.3:8031/analyze-video, encoder=h264
2026-10-01 11:15:56,851 [INFO] main: [Hover] command_receiver 호버 요청 채널 준비
2026-10-01 11:15:56,856 [INFO] main: [StreamUpload] 업로드 감시 스레드 시작
GST_ARGUS: Creating output stream
CONSUMER: Waiting until producer is connected...
GST_ARGUS: Available Sensor modes :
GST_ARGUS: 3280 x 2464 FR = 21.000000 fps Duration = 47619048 ; Analog Gain range min 1.000000, max 10.625000; Exposure Range min 13000, max 683709000;

GST_ARGUS: 3280 x 1848 FR = 28.000001 fps Duration = 35714284 ; Analog Gain range min 1.000000, max 10.625000; Exposure Range min 13000, max 683709000;

GST_ARGUS: 1920 x 1080 FR = 29.999999 fps Duration = 33333334 ; Analog Gain range min 1.000000, max 10.625000; Exposure Range min 13000, max 683709000;

GST_ARGUS: 1640 x 1232 FR = 29.999999 fps Duration = 33333334 ; Analog Gain range min 1.000000, max 10.625000; Exposure Range min 13000, max 683709000;

GST_ARGUS: 1280 x 720 FR = 59.999999 fps Duration = 16666667 ; Analog Gain range min 1.000000, max 10.625000; Exposure Range min 13000, max 683709000;

GST_ARGUS: Running with following settings:
   Camera index = 0 
   Camera mode  = 2 
   Output Stream W = 1920 H = 1080 
   seconds to Run    = 0 
   Frame Rate = 29.999999 
GST_ARGUS: Setup Complete, Starting captures for 0 seconds
GST_ARGUS: Starting repeat capture requests.
CONSUMER: Producer has connected; continuing.
[ WARN:0] global ../modules/videoio/src/cap_gstreamer.cpp (935) open OpenCV | GStreamer warning: Cannot query video position: status=0, value=-1, duration=-1
2026-10-01 11:15:59,622 [INFO] main: CSI 카메라 초기화 및 첫 프레임 확인 완료
2026-10-01 11:15:59,624 [INFO] anomaly_model_trt: VadCLIP 초기화 시작
2026-10-01 11:16:19,969 [INFO] vadclip_adapter_trt: VadCLIP live temporal mapping: FPS=9, window=48 frames (5.333s), sample_indices=[0, 5, 10, 14, 19, 24, 29, 34, 38, 43]
2026-10-01 11:17:06,382 [INFO] vadclip_adapter_trt: VadCLIP checkpoint strict load PASS (349 keys)
[10/01/2026-11:17:25] [TRT] [W] Using an engine plan file across different models of devices is not recommended and is likely to affect performance or even cause errors.
2026-10-01 11:17:39,865 [INFO] vadclip_adapter_trt: TensorRT CLIP visual loaded: /home/hpc/edge_vadclip_2026/trt/clip_visual_vitb16_b1_10_fp16.engine, sha=973557212ba947da9f50eeb2e458cc5cd6e403f83858223f32f6e881071cfb69, profile min=(1, 3, 224, 224) opt=(10, 3, 224, 224) max=(10, 3, 224, 224), crop=5
2026-10-01 11:17:39,866 [INFO] anomaly_model_trt: ✅ AnomalyPipeline(VadCLIP) 초기화 완료
2026-10-01 11:17:39,866 [INFO] anomaly_model_trt: VadCLIP warmup 시작
2026-10-01 11:18:06,525 [INFO] vadclip_adapter_trt: VadCLIP warmup PASS: score=0.001370, feature_buffer reset to 0
2026-10-01 11:18:06,572 [INFO] anomaly_model_trt: VadCLIP warmup 완료: 26705.5ms
2026-10-01 11:18:06,574 [INFO] main: clip upload worker 시작
2026-10-01 11:18:06,575 [INFO] main: VadCLIP 추론 worker 시작
2026-10-01 11:18:06,576 [INFO] main: [로컬녹화] 요청 감시 시작 (state=/tmp/h264_600_reapply_live_periodic.json, output=/home/hpc/drone_2026/video/xaviernx)
2026-10-01 11:18:06,577 [INFO] main: 캡처 루프 시작 (FPS=9, 버퍼=81프레임/9초, 추론주기=48프레임/5.33초)
2026-10-01 11:18:07,596 [INFO] main: [진단] 최근 1.0초간 처리프레임=10(목표 9), 밀린시간누적=0ms
2026-10-01 11:18:08,607 [INFO] main: [진단] 최근 1.0초간 처리프레임=9(목표 9), 밀린시간누적=0ms
2026-10-01 11:18:09,609 [INFO] main: [진단] 최근 1.0초간 처리프레임=9(목표 9), 밀린시간누적=0ms
2026-10-01 11:18:10,698 [INFO] main: [진단] 최근 1.1초간 처리프레임=10(목표 9), 밀린시간누적=0ms
2026-10-01 11:18:11,722 [INFO] main: [진단] 최근 1.0초간 처리프레임=9(목표 9), 밀린시간누적=0ms
2026-10-01 11:18:13,307 [INFO] main: [진단] 최근 1.6초간 처리프레임=1(목표 9), 밀린시간누적=1396ms
2026-10-01 11:18:14,330 [INFO] main: [진단] 최근 1.0초간 처리프레임=9(목표 9), 밀린시간누적=106ms
2026-10-01 11:18:14,582 [INFO] anomaly_model_trt: [진단] VadCLIP 추론 total=1274.1ms, feature_buffer=10/256, score=0.182577
2026-10-01 11:18:14,583 [INFO] main: [P0-LIVE] VadCLIP score=0.182577 (운영 트리거 경로 차단)
2026-10-01 11:18:15,435 [INFO] main: [진단] 최근 1.1초간 처리프레임=10(목표 9), 밀린시간누적=0ms
2026-10-01 11:18:16,454 [INFO] main: [진단] 최근 1.0초간 처리프레임=9(목표 9), 밀린시간누적=0ms
2026-10-01 11:18:17,527 [INFO] main: [진단] 최근 1.1초간 처리프레임=10(목표 9), 밀린시간누적=0ms
2026-10-01 11:18:17,649 [INFO] main: V6 upload snapshot 준비: frames=81, resolution=960x540, elapsed=496.9ms
2026-10-01 11:18:18,457 [INFO] uploader: h264_persistent_worker_started pid=12210 log=/tmp/drone_h264_worker.log
2026-10-01 11:18:18,534 [INFO] main: [진단] 최근 1.0초간 처리프레임=9(목표 9), 밀린시간누적=0ms
2026-10-01 11:18:19,733 [INFO] main: [진단] 최근 1.2초간 처리프레임=1(목표 9), 밀린시간누적=985ms
2026-10-01 11:18:20,468 [INFO] anomaly_model_trt: [진단] VadCLIP 추론 total=669.0ms, feature_buffer=20/256, score=0.029502
2026-10-01 11:18:20,469 [INFO] main: [P0-LIVE] VadCLIP score=0.029502 (운영 트리거 경로 차단)
2026-10-01 11:18:20,806 [INFO] main: [진단] 최근 1.1초간 처리프레임=10(목표 9), 밀린시간누적=0ms
2026-10-01 11:18:21,916 [INFO] main: [진단] 최근 1.1초간 처리프레임=10(목표 9), 밀린시간누적=0ms
2026-10-01 11:18:22,917 [INFO] main: [진단] 최근 1.0초간 처리프레임=9(목표 9), 밀린시간누적=0ms
2026-10-01 11:18:23,359 [INFO] uploader: h264_job_completed pid=12210 mode=persistent output=/tmp/anomaly_clip_h264_gfl4v8hs.mp4.partial frames=81 payload_bytes=125971200
2026-10-01 11:18:23,366 [INFO] uploader: h264(HW) 인코딩 완료: frames=81, fps=9, bitrate=600000, size=882420 bytes, elapsed=5.715s
2026-10-01 11:18:23,928 [INFO] main: [진단] 최근 1.0초간 처리프레임=9(목표 9), 밀린시간누적=0ms
2026-10-01 11:18:24,080 [INFO] main: [P0-LIVE] encode={'sequence': 1, 'phase': 'cold', 'elapsed_sec': 5.939705924000009, 'size_bytes': 882420, 'decoded_frames': 81, 'worker_pid': 12210, 'inference_count_at_finish': 2, 'finished_at': 1790821104.0807865}
2026-10-01 11:18:24,518 [INFO] main: V6 upload snapshot 준비: frames=81, resolution=960x540, elapsed=235.2ms
2026-10-01 11:18:25,736 [INFO] uploader: h264_job_completed pid=12210 mode=persistent output=/tmp/anomaly_clip_h264_okw5r5og.mp4.partial frames=81 payload_bytes=125971200
2026-10-01 11:18:25,741 [INFO] uploader: h264(HW) 인코딩 완료: frames=81, fps=9, bitrate=600000, size=873937 bytes, elapsed=1.220s
2026-10-01 11:18:25,977 [INFO] main: [진단] 최근 2.0초간 처리프레임=10(목표 9), 밀린시간누적=845ms
2026-10-01 11:18:26,318 [INFO] main: [P0-LIVE] encode={'sequence': 2, 'phase': 'warm', 'elapsed_sec': 1.5160740049905144, 'size_bytes': 873937, 'decoded_frames': 81, 'worker_pid': 12210, 'inference_count_at_finish': 2, 'finished_at': 1790821106.3184757}
2026-10-01 11:18:26,395 [INFO] anomaly_model_trt: [진단] VadCLIP 추론 total=358.9ms, feature_buffer=30/256, score=0.036494
2026-10-01 11:18:26,396 [INFO] main: [P0-LIVE] VadCLIP score=0.036494 (운영 트리거 경로 차단)
2026-10-01 11:18:26,756 [INFO] main: V6 upload snapshot 준비: frames=81, resolution=960x540, elapsed=235.3ms
2026-10-01 11:18:27,042 [INFO] main: [진단] 최근 1.1초간 처리프레임=10(목표 9), 밀린시간누적=0ms
2026-10-01 11:18:28,043 [INFO] main: [진단] 최근 1.0초간 처리프레임=9(목표 9), 밀린시간누적=0ms
2026-10-01 11:18:28,080 [INFO] uploader: h264_job_completed pid=12210 mode=persistent output=/tmp/anomaly_clip_h264_ii14033q.mp4.partial frames=81 payload_bytes=125971200
2026-10-01 11:18:28,083 [INFO] uploader: h264(HW) 인코딩 완료: frames=81, fps=9, bitrate=600000, size=882916 bytes, elapsed=1.307s
2026-10-01 11:18:28,564 [INFO] main: [P0-LIVE] encode={'sequence': 3, 'phase': 'warm', 'elapsed_sec': 1.5306054430111544, 'size_bytes': 882916, 'decoded_frames': 81, 'worker_pid': 12210, 'inference_count_at_finish': 3, 'finished_at': 1790821108.564034}
2026-10-01 11:18:28,906 [INFO] main: V6 upload snapshot 준비: frames=81, resolution=960x540, elapsed=140.5ms
2026-10-01 11:18:29,043 [INFO] main: [진단] 최근 1.0초간 처리프레임=9(목표 9), 밀린시간누적=0ms
2026-10-01 11:18:30,043 [INFO] uploader: h264_job_completed pid=12210 mode=persistent output=/tmp/anomaly_clip_h264_lvqmtgae.mp4.partial frames=81 payload_bytes=125971200
2026-10-01 11:18:30,046 [INFO] uploader: h264(HW) 인코딩 완료: frames=81, fps=9, bitrate=600000, size=876046 bytes, elapsed=1.139s
2026-10-01 11:18:30,149 [INFO] main: [진단] 최근 1.1초간 처리프레임=10(목표 9), 밀린시간누적=0ms
2026-10-01 11:18:30,514 [INFO] main: [P0-LIVE] encode={'sequence': 4, 'phase': 'warm', 'elapsed_sec': 1.354705338992062, 'size_bytes': 876046, 'decoded_frames': 81, 'worker_pid': 12210, 'inference_count_at_finish': 3, 'finished_at': 1790821110.5145748}
2026-10-01 11:18:30,795 [INFO] main: V6 upload snapshot 준비: frames=81, resolution=960x540, elapsed=78.6ms
2026-10-01 11:18:31,149 [INFO] main: [진단] 최근 1.0초간 처리프레임=9(목표 9), 밀린시간누적=0ms
2026-10-01 11:18:31,972 [INFO] uploader: h264_job_completed pid=12210 mode=persistent output=/tmp/anomaly_clip_h264_f9ueuo9d.mp4.partial frames=81 payload_bytes=125971200
2026-10-01 11:18:31,974 [INFO] uploader: h264(HW) 인코딩 완료: frames=81, fps=9, bitrate=600000, size=870555 bytes, elapsed=1.157s
2026-10-01 11:18:32,216 [INFO] anomaly_model_trt: [진단] VadCLIP 추론 total=380.6ms, feature_buffer=40/256, score=0.025743
2026-10-01 11:18:32,216 [INFO] main: [P0-LIVE] VadCLIP score=0.025743 (운영 트리거 경로 차단)
2026-10-01 11:18:32,238 [INFO] main: [진단] 최근 1.1초간 처리프레임=6(목표 9), 밀린시간누적=423ms
2026-10-01 11:18:32,446 [INFO] main: [P0-LIVE] encode={'sequence': 5, 'phase': 'warm', 'elapsed_sec': 1.3771168379898882, 'size_bytes': 870555, 'decoded_frames': 81, 'worker_pid': 12210, 'inference_count_at_finish': 4, 'finished_at': 1790821112.4469137}
2026-10-01 11:18:32,816 [INFO] main: V6 upload snapshot 준비: frames=81, resolution=960x540, elapsed=166.8ms
2026-10-01 11:18:33,239 [INFO] main: [진단] 최근 1.0초간 처리프레임=9(목표 9), 밀린시간누적=0ms
2026-10-01 11:18:33,939 [INFO] uploader: h264_job_completed pid=12210 mode=persistent output=/tmp/anomaly_clip_h264_3gj4hjvu.mp4.partial frames=81 payload_bytes=125971200
2026-10-01 11:18:33,941 [INFO] uploader: h264(HW) 인코딩 완료: frames=81, fps=9, bitrate=600000, size=876849 bytes, elapsed=1.125s
2026-10-01 11:18:34,349 [INFO] main: [진단] 최근 1.1초간 처리프레임=10(목표 9), 밀린시간누적=0ms
2026-10-01 11:18:34,396 [INFO] main: [P0-LIVE] encode={'sequence': 6, 'phase': 'warm', 'elapsed_sec': 1.3418663600023137, 'size_bytes': 876849, 'decoded_frames': 81, 'worker_pid': 12210, 'inference_count_at_finish': 4, 'finished_at': 1790821114.3965828}
2026-10-01 11:18:34,692 [INFO] main: V6 upload snapshot 준비: frames=81, resolution=960x540, elapsed=93.6ms
2026-10-01 11:18:35,460 [INFO] main: [진단] 최근 1.1초간 처리프레임=10(목표 9), 밀린시간누적=0ms
2026-10-01 11:18:35,841 [INFO] uploader: h264_job_completed pid=12210 mode=persistent output=/tmp/anomaly_clip_h264_1q9kvhpr.mp4.partial frames=81 payload_bytes=125971200
2026-10-01 11:18:35,843 [INFO] uploader: h264(HW) 인코딩 완료: frames=81, fps=9, bitrate=600000, size=880592 bytes, elapsed=1.129s
2026-10-01 11:18:36,307 [INFO] main: [P0-LIVE] encode={'sequence': 7, 'phase': 'warm', 'elapsed_sec': 1.3501136029954068, 'size_bytes': 880592, 'decoded_frames': 81, 'worker_pid': 12210, 'inference_count_at_finish': 4, 'finished_at': 1790821116.3074832}
2026-10-01 11:18:36,571 [INFO] main: [진단] 최근 1.1초간 처리프레임=10(목표 9), 밀린시간누적=0ms
2026-10-01 11:18:36,646 [INFO] main: V6 upload snapshot 준비: frames=81, resolution=960x540, elapsed=137.2ms
2026-10-01 11:18:37,660 [INFO] main: [진단] 최근 1.1초간 처리프레임=4(목표 9), 밀린시간누적=535ms
2026-10-01 11:18:37,807 [INFO] uploader: h264_job_completed pid=12210 mode=persistent output=/tmp/anomaly_clip_h264_d6eqrifl.mp4.partial frames=81 payload_bytes=125971200
2026-10-01 11:18:37,809 [INFO] uploader: h264(HW) 인코딩 완료: frames=81, fps=9, bitrate=600000, size=880605 bytes, elapsed=1.162s
2026-10-01 11:18:38,008 [INFO] anomaly_model_trt: [진단] VadCLIP 추론 total=326.7ms, feature_buffer=50/256, score=0.022321
2026-10-01 11:18:38,009 [INFO] main: [P0-LIVE] VadCLIP score=0.022321 (운영 트리거 경로 차단)
2026-10-01 11:18:38,287 [INFO] main: [P0-LIVE] encode={'sequence': 8, 'phase': 'warm', 'elapsed_sec': 1.38784563500667, 'size_bytes': 880605, 'decoded_frames': 81, 'worker_pid': 12210, 'inference_count_at_finish': 5, 'finished_at': 1790821118.2874203}
2026-10-01 11:18:38,576 [INFO] main: V6 upload snapshot 준비: frames=81, resolution=960x540, elapsed=86.5ms
2026-10-01 11:18:38,684 [INFO] main: [진단] 최근 1.0초간 처리프레임=10(목표 9), 밀린시간누적=0ms
2026-10-01 11:18:39,714 [INFO] uploader: h264_job_completed pid=12210 mode=persistent output=/tmp/anomaly_clip_h264_sehxoneo.mp4.partial frames=81 payload_bytes=125971200
2026-10-01 11:18:39,716 [INFO] uploader: h264(HW) 인코딩 완료: frames=81, fps=9, bitrate=600000, size=876373 bytes, elapsed=1.119s
2026-10-01 11:18:39,794 [INFO] main: [진단] 최근 1.1초간 처리프레임=10(목표 9), 밀린시간누적=0ms
2026-10-01 11:18:40,187 [INFO] main: [P0-LIVE] encode={'sequence': 9, 'phase': 'warm', 'elapsed_sec': 1.3421578809939092, 'size_bytes': 876373, 'decoded_frames': 81, 'worker_pid': 12210, 'inference_count_at_finish': 5, 'finished_at': 1790821120.1870692}
2026-10-01 11:18:40,521 [INFO] main: V6 upload snapshot 준비: frames=81, resolution=960x540, elapsed=131.4ms
2026-10-01 11:18:40,794 [INFO] main: [진단] 최근 1.0초간 처리프레임=9(목표 9), 밀린시간누적=0ms
2026-10-01 11:18:41,642 [INFO] uploader: h264_job_completed pid=12210 mode=persistent output=/tmp/anomaly_clip_h264_k4icbwje.mp4.partial frames=81 payload_bytes=125971200
2026-10-01 11:18:41,644 [INFO] uploader: h264(HW) 인코딩 완료: frames=81, fps=9, bitrate=600000, size=880622 bytes, elapsed=1.123s
2026-10-01 11:18:41,906 [INFO] main: [진단] 최근 1.1초간 처리프레임=10(목표 9), 밀린시간누적=0ms
2026-10-01 11:18:42,105 [INFO] main: [P0-LIVE] encode={'sequence': 10, 'phase': 'warm', 'elapsed_sec': 1.3470001490059076, 'size_bytes': 880622, 'decoded_frames': 81, 'worker_pid': 12210, 'inference_count_at_finish': 5, 'finished_at': 1790821122.1057184}
2026-10-01 11:18:42,387 [INFO] main: V6 upload snapshot 준비: frames=81, resolution=960x540, elapsed=79.4ms
2026-10-01 11:18:43,149 [INFO] main: [진단] 최근 1.2초간 처리프레임=9(목표 9), 밀린시간누적=134ms
2026-10-01 11:18:43,519 [INFO] anomaly_model_trt: [진단] VadCLIP 추론 total=344.8ms, feature_buffer=60/256, score=0.027660
2026-10-01 11:18:43,520 [INFO] main: [P0-LIVE] VadCLIP score=0.027660 (운영 트리거 경로 차단)
2026-10-01 11:18:43,528 [INFO] uploader: h264_job_completed pid=12210 mode=persistent output=/tmp/anomaly_clip_h264_2p_5jbdl.mp4.partial frames=81 payload_bytes=125971200
2026-10-01 11:18:43,530 [INFO] uploader: h264(HW) 인코딩 완료: frames=81, fps=9, bitrate=600000, size=881512 bytes, elapsed=1.119s
2026-10-01 11:18:43,985 [INFO] main: [P0-LIVE] encode={'sequence': 11, 'phase': 'warm', 'elapsed_sec': 1.3339800300018396, 'size_bytes': 881512, 'decoded_frames': 81, 'worker_pid': 12210, 'inference_count_at_finish': 6, 'finished_at': 1790821123.9853067}
2026-10-01 11:18:44,176 [INFO] main: [진단] 최근 1.0초간 처리프레임=10(목표 9), 밀린시간누적=0ms
2026-10-01 11:18:49,911 [INFO] main: CSI 카메라 해제 완료
GST_ARGUS: Cleaning up
CONSUMER: Done Success
GST_ARGUS: Done Success
